###############################################################################
#
# IAR ELF Linker V8.30.1.114/W32 for ARM                  03/Nov/2020  16:13:24
# Copyright 2007-2018 IAR Systems AB.
#
#    Output file  =  
#        C:\Users\annsi\workspace\motz\117_x\117_bsg\EWARM\117_bsg\Exe\117_bsg.out
#    Map file     =  
#        C:\Users\annsi\workspace\motz\117_x\117_bsg\EWARM\117_bsg\List\117_bsg.map
#    Command line =  
#        -f C:\Users\annsi\AppData\Local\Temp\EW80A0.tmp
#        (C:\Users\annsi\workspace\motz\117_x\117_bsg\EWARM\117_bsg\Obj\circularBuffer.o
#        C:\Users\annsi\workspace\motz\117_x\117_bsg\EWARM\117_bsg\Obj\cmsis_os.o
#        C:\Users\annsi\workspace\motz\117_x\117_bsg\EWARM\117_bsg\Obj\croutine.o
#        C:\Users\annsi\workspace\motz\117_x\117_bsg\EWARM\117_bsg\Obj\dma.o
#        C:\Users\annsi\workspace\motz\117_x\117_bsg\EWARM\117_bsg\Obj\event_groups.o
#        C:\Users\annsi\workspace\motz\117_x\117_bsg\EWARM\117_bsg\Obj\freertos.o
#        C:\Users\annsi\workspace\motz\117_x\117_bsg\EWARM\117_bsg\Obj\gpio.o
#        C:\Users\annsi\workspace\motz\117_x\117_bsg\EWARM\117_bsg\Obj\heap_4.o
#        C:\Users\annsi\workspace\motz\117_x\117_bsg\EWARM\117_bsg\Obj\iwdg.o
#        C:\Users\annsi\workspace\motz\117_x\117_bsg\EWARM\117_bsg\Obj\list.o
#        C:\Users\annsi\workspace\motz\117_x\117_bsg\EWARM\117_bsg\Obj\m_utils_bsg.o
#        C:\Users\annsi\workspace\motz\117_x\117_bsg\EWARM\117_bsg\Obj\m_utils_json.o
#        C:\Users\annsi\workspace\motz\117_x\117_bsg\EWARM\117_bsg\Obj\main.o
#        C:\Users\annsi\workspace\motz\117_x\117_bsg\EWARM\117_bsg\Obj\port.o
#        C:\Users\annsi\workspace\motz\117_x\117_bsg\EWARM\117_bsg\Obj\portasm.o
#        C:\Users\annsi\workspace\motz\117_x\117_bsg\EWARM\117_bsg\Obj\queue.o
#        C:\Users\annsi\workspace\motz\117_x\117_bsg\EWARM\117_bsg\Obj\rtc.o
#        C:\Users\annsi\workspace\motz\117_x\117_bsg\EWARM\117_bsg\Obj\simcom.o
#        C:\Users\annsi\workspace\motz\117_x\117_bsg\EWARM\117_bsg\Obj\spi.o
#        C:\Users\annsi\workspace\motz\117_x\117_bsg\EWARM\117_bsg\Obj\spiflash.o
#        C:\Users\annsi\workspace\motz\117_x\117_bsg\EWARM\117_bsg\Obj\startup_stm32f401xe.o
#        C:\Users\annsi\workspace\motz\117_x\117_bsg\EWARM\117_bsg\Obj\stm32f4xx_hal.o
#        C:\Users\annsi\workspace\motz\117_x\117_bsg\EWARM\117_bsg\Obj\stm32f4xx_hal_cortex.o
#        C:\Users\annsi\workspace\motz\117_x\117_bsg\EWARM\117_bsg\Obj\stm32f4xx_hal_dma.o
#        C:\Users\annsi\workspace\motz\117_x\117_bsg\EWARM\117_bsg\Obj\stm32f4xx_hal_dma_ex.o
#        C:\Users\annsi\workspace\motz\117_x\117_bsg\EWARM\117_bsg\Obj\stm32f4xx_hal_exti.o
#        C:\Users\annsi\workspace\motz\117_x\117_bsg\EWARM\117_bsg\Obj\stm32f4xx_hal_flash.o
#        C:\Users\annsi\workspace\motz\117_x\117_bsg\EWARM\117_bsg\Obj\stm32f4xx_hal_flash_ex.o
#        C:\Users\annsi\workspace\motz\117_x\117_bsg\EWARM\117_bsg\Obj\stm32f4xx_hal_flash_ramfunc.o
#        C:\Users\annsi\workspace\motz\117_x\117_bsg\EWARM\117_bsg\Obj\stm32f4xx_hal_gpio.o
#        C:\Users\annsi\workspace\motz\117_x\117_bsg\EWARM\117_bsg\Obj\stm32f4xx_hal_iwdg.o
#        C:\Users\annsi\workspace\motz\117_x\117_bsg\EWARM\117_bsg\Obj\stm32f4xx_hal_msp.o
#        C:\Users\annsi\workspace\motz\117_x\117_bsg\EWARM\117_bsg\Obj\stm32f4xx_hal_pwr.o
#        C:\Users\annsi\workspace\motz\117_x\117_bsg\EWARM\117_bsg\Obj\stm32f4xx_hal_pwr_ex.o
#        C:\Users\annsi\workspace\motz\117_x\117_bsg\EWARM\117_bsg\Obj\stm32f4xx_hal_rcc.o
#        C:\Users\annsi\workspace\motz\117_x\117_bsg\EWARM\117_bsg\Obj\stm32f4xx_hal_rcc_ex.o
#        C:\Users\annsi\workspace\motz\117_x\117_bsg\EWARM\117_bsg\Obj\stm32f4xx_hal_rtc.o
#        C:\Users\annsi\workspace\motz\117_x\117_bsg\EWARM\117_bsg\Obj\stm32f4xx_hal_rtc_ex.o
#        C:\Users\annsi\workspace\motz\117_x\117_bsg\EWARM\117_bsg\Obj\stm32f4xx_hal_spi.o
#        C:\Users\annsi\workspace\motz\117_x\117_bsg\EWARM\117_bsg\Obj\stm32f4xx_hal_tim.o
#        C:\Users\annsi\workspace\motz\117_x\117_bsg\EWARM\117_bsg\Obj\stm32f4xx_hal_tim_ex.o
#        C:\Users\annsi\workspace\motz\117_x\117_bsg\EWARM\117_bsg\Obj\stm32f4xx_hal_timebase_tim.o
#        C:\Users\annsi\workspace\motz\117_x\117_bsg\EWARM\117_bsg\Obj\stm32f4xx_hal_uart.o
#        C:\Users\annsi\workspace\motz\117_x\117_bsg\EWARM\117_bsg\Obj\stm32f4xx_it.o
#        C:\Users\annsi\workspace\motz\117_x\117_bsg\EWARM\117_bsg\Obj\stream_buffer.o
#        C:\Users\annsi\workspace\motz\117_x\117_bsg\EWARM\117_bsg\Obj\system_stm32f4xx.o
#        C:\Users\annsi\workspace\motz\117_x\117_bsg\EWARM\117_bsg\Obj\task_get_gps.o
#        C:\Users\annsi\workspace\motz\117_x\117_bsg\EWARM\117_bsg\Obj\task_get_new_bin.o
#        C:\Users\annsi\workspace\motz\117_x\117_bsg\EWARM\117_bsg\Obj\task_http.o
#        C:\Users\annsi\workspace\motz\117_x\117_bsg\EWARM\117_bsg\Obj\task_iwdg.o
#        C:\Users\annsi\workspace\motz\117_x\117_bsg\EWARM\117_bsg\Obj\task_keep_alive.o
#        C:\Users\annsi\workspace\motz\117_x\117_bsg\EWARM\117_bsg\Obj\tasks.o
#        C:\Users\annsi\workspace\motz\117_x\117_bsg\EWARM\117_bsg\Obj\tim.o
#        C:\Users\annsi\workspace\motz\117_x\117_bsg\EWARM\117_bsg\Obj\timers.o
#        C:\Users\annsi\workspace\motz\117_x\117_bsg\EWARM\117_bsg\Obj\usart.o
#        C:\Users\annsi\workspace\motz\117_x\117_bsg\EWARM\117_bsg\Obj\utils_crc.o
#        C:\Users\annsi\workspace\motz\117_x\117_bsg\EWARM\117_bsg\Obj\utils_flash.o
#        C:\Users\annsi\workspace\motz\117_x\117_bsg\EWARM\117_bsg\Obj\utils_gps.o
#        --redirect _Printf=_PrintfFull --redirect _Scanf=_ScanfFull
#        --no_out_extension -o
#        C:\Users\annsi\workspace\motz\117_x\117_bsg\EWARM\117_bsg\Exe\117_bsg.out
#        --map
#        C:\Users\annsi\workspace\motz\117_x\117_bsg\EWARM\117_bsg\List\117_bsg.map
#        --config
#        C:\Users\annsi\workspace\motz\117_x\117_bsg\EWARM/stm32f401xe_flash.icf
#        --semihosting --entry __iar_program_start --redirect
#        __iar_sh_stdout=__iar_sh_stdout_swo --vfe --text_out locale)
#
###############################################################################

*******************************************************************************
*** RUNTIME MODEL ATTRIBUTES
***

CppFlavor       = *
__Heap_Handler  = Basic
__SystemLibrary = DLib
__dlib_version  = 6


*******************************************************************************
*** HEAP SELECTION
***

The basic heap was selected because no calls to memory allocation
functions were found in the application outside of system library
functions, and there are calls to deallocation functions in the
application.


*******************************************************************************
*** PLACEMENT SUMMARY
***

"A0":  place at 0x800'8000 { ro section .intvec };
"P1":  place in [from 0x800'8000 to 0x807'ffff] { ro };
define block CSTACK with size = 1K, alignment = 8 { };
define block HEAP with size = 512, alignment = 8 { };
"P2":  place in [from 0x2000'0000 to 0x2001'7fff] {
          rw, block CSTACK, block HEAP };
initialize by copy { rw };

  Section            Kind         Address    Size  Object
  -------            ----         -------    ----  ------
"A0":                                       0x194
  .intvec            ro code   0x800'8000   0x194  startup_stm32f401xe.o [1]
                             - 0x800'8194   0x194

"P1":                                      0xa1e6
  .text              ro code   0x800'8194   0xf7a  xprintffull.o [2]
  .text              ro code   0x800'910e    0x7a  lz77_init_single.o [4]
  .text              ro code   0x800'9188    0xb4  xlocale_c.o [2]
  .text              ro code   0x800'923c    0x16  strchr.o [4]
  .text              ro code   0x800'9252    0x3a  zero_init3.o [4]
  .text              ro code   0x800'928c    0x40  xfail_s.o [2]
  .text              ro code   0x800'92cc    0x36  strlen.o [4]
  .text              ro code   0x800'9302    0x1e  xencoding_8859_1.o [2]
  .text              ro code   0x800'9320    0x58  memchr.o [4]
  .text              ro code   0x800'9378     0xa  xmbcurmax.o [2]
  .text              ro code   0x800'9382     0xa  xsprout.o [2]
  .text              ro code   0x800'938c    0xa6  ABImemcpy.o [4]
  .text              ro code   0x800'9434   0x230  I64DivMod.o [4]
  .text              ro code   0x800'9664   0x1a2  DblMul.o [3]
  .text              ro code   0x800'9808    0x70  frexp.o [3]
  .text              ro code   0x800'9878    0x2e  DblCmpLe.o [3]
  .text              ro code   0x800'98a8    0x2e  DblCmpGe.o [3]
  .text              ro code   0x800'98d8   0x13a  ldexp.o [3]
  .text              ro code   0x800'9a14    0x3a  DblToS32.o [3]
  .text              ro code   0x800'9a50    0x22  S32ToDbl.o [3]
  .text              ro code   0x800'9a74    0xe2  DblSub.o [3]
  .text              ro code   0x800'9b58   0x246  DblDiv.o [3]
  .text              ro code   0x800'9da0    0x28  DblToU32.o [3]
  .text              ro code   0x800'9dc8    0x1a  U32ToDbl.o [3]
  .text              ro code   0x800'9de2     0x6  abort.o [2]
  .text              ro code   0x800'9de8     0x2  I64DivZer.o [4]
  .text              ro code   0x800'9dec   0x17a  DblAdd.o [3]
  .text              ro code   0x800'9f68    0x14  exit.o [5]
  .text              ro code   0x800'9f7c   0xa5c  simcom.o [1]
  .text              ro code   0x800'a9d8    0xb8  stm32f4xx_hal_cortex.o [1]
  .text              ro code   0x800'aa90    0x28  printf.o [2]
  .text              ro code   0x800'aab8    0x4c  strtok.o [2]
  .text              ro code   0x800'ab04    0x94  cmsis_os.o [1]
  .text              ro code   0x800'ab98    0x4a  strcmp.o [4]
  .text              ro code   0x800'abe4   0x318  main.o [1]
  .text              ro code   0x800'aefc    0x40  sprintf.o [2]
  .text              ro code   0x800'af3c   0x394  usart.o [1]
  .text              ro code   0x800'b2d0     0x6  ABImemclr.o [4]
  .text              ro code   0x800'b2d8     0x6  ABImemclr4.o [4]
  .text              ro code   0x800'b2e0   0x17c  iar_Stoulx.o [2]
  .text              ro code   0x800'b45c   0x1bc  stm32f4xx_hal_gpio.o [1]
  .text              ro code   0x800'b618   0x66c  stm32f4xx_hal_uart.o [1]
  .text              ro code   0x800'bc84    0x22  strspn.o [2]
  .text              ro code   0x800'bca6    0x22  strcspn.o [2]
  .text              ro code   0x800'bcc8   0x988  tasks.o [1]
  .text              ro code   0x800'c650   0x4f8  queue.o [1]
  .text              ro code   0x800'cb48    0x34  stm32f4xx_hal.o [1]
  .text              ro code   0x800'cb7c    0xe0  gpio.o [1]
  .text              ro code   0x800'cc5c    0x88  dma.o [1]
  .text              ro code   0x800'cce4   0x164  spi.o [1]
  .text              ro code   0x800'ce48    0x2c  iwdg.o [1]
  .text              ro code   0x800'ce74    0x48  rtc.o [1]
  .text              ro code   0x800'cebc    0x70  tim.o [1]
  .text              ro code   0x800'cf2c   0x2d8  m_utils_bsg.o [1]
  .text              ro code   0x800'd204   0x26c  circularBuffer.o [1]
  .text              ro code   0x800'd470   0x168  freertos.o [1]
  .text              ro code   0x800'd5d8   0x324  stm32f4xx_hal_rcc.o [1]
  .text              ro code   0x800'd8fc   0x1cc  stm32f4xx_hal_rcc.o [1]
  .text              ro code   0x800'dac8   0x140  stm32f4xx_hal_rcc_ex.o [1]
  .text              ro code   0x800'dc08    0x10  stm32f4xx_hal.o [1]
  .text              ro code   0x800'dc18   0x26c  stm32f4xx_hal_tim.o [1]
  .text              ro code   0x800'de84   0x374  stm32f4xx_hal_dma.o [1]
  .text              ro code   0x800'e1f8    0x5e  ABImemset.o [4]
  .text              ro code   0x800'e258    0x32  ABImemset48.o [4]
  .text              ro code   0x800'e28a    0x14  isspace.o [2]
  .text              ro code   0x800'e29e    0x14  tolower.o [2]
  .text              ro code   0x800'e2b4     0xc  stm32f4xx_hal.o [1]
  .text              ro code   0x800'e2c0     0x2  stm32f4xx_hal_uart.o [1]
  .text              ro code   0x800'e2c4   0x1b0  heap_4.o [1]
  .text              ro code   0x800'e474    0x92  list.o [1]
  .text              ro code   0x800'e508   0x1b8  port.o [1]
  .text              ro code   0x800'e6c0    0x7c  stm32f4xx_hal_timebase_tim.o [1]
  .text              ro code   0x800'e73c    0x40  stm32f4xx_hal_msp.o [1]
  .text              ro code   0x800'e77c   0x6b0  stm32f4xx_hal_spi.o [1]
  .text              ro code   0x800'ee2c    0x50  stm32f4xx_hal_iwdg.o [1]
  .text              ro code   0x800'ee7c   0x362  stm32f4xx_hal_rtc.o [1]
  .text              ro code   0x800'f1e0    0x5e  utils_crc.o [1]
  .text              ro code   0x800'f240   0x470  spiflash.o [1]
  .text              ro code   0x800'f6b0   0x1bc  iar_Stoullx.o [2]
  .text              ro code   0x800'f86c     0xa  gmtime.o [2]
  .text              ro code   0x800'f878    0xd0  mktime.o [2]
  .text              ro code   0x800'f948   0x22c  utils_gps.o [1]
  .text              ro code   0x800'fb74     0x2  stm32f4xx_hal_tim.o [1]
  .text              ro code   0x800'fb76     0x2  stm32f4xx_hal_tim.o [1]
  .text              ro code   0x800'fb78     0x2  stm32f4xx_hal_tim_ex.o [1]
  .text              ro code   0x800'fb7a     0x2  stm32f4xx_hal_tim.o [1]
  .text              ro code   0x800'fb7c     0x2  stm32f4xx_hal_tim_ex.o [1]
  .text              ro code   0x800'fb7e     0x2  stm32f4xx_hal_tim.o [1]
  CODE               ro code   0x800'fb80    0xb0  portasm.o [1]
  .text              ro code   0x800'fc30     0x2  stm32f4xx_hal_spi.o [1]
  .text              ro code   0x800'fc32     0x2  stm32f4xx_hal_spi.o [1]
  .text              ro code   0x800'fc34     0x2  stm32f4xx_hal_spi.o [1]
  .text              ro code   0x800'fc36     0x2  stm32f4xx_hal_spi.o [1]
  .text              ro code   0x800'fc38   0x104  xttotm.o [2]
  .text              ro code   0x800'fd3c    0x6c  xDaysTo.o [2]
  .text              ro code   0x800'fda8     0x4  xTzoff_nop.o [2]
  .text              ro code   0x800'fdac     0xe  math_wrappers64.o [3]
  .text              ro code   0x800'fdba    0x28  strpbrk.o [2]
  .text              ro code   0x800'fde4    0x39  strtok_r.o [2]
  .text              ro code   0x800'fe1e     0x6  xisdst_nop.o [2]
  .text              ro code   0x800'fe28   0x580  strto64.o [3]
  .text              ro code   0x801'03a8   0x122  iar_Stopfx.o [2]
  .text              ro code   0x801'04cc   0x1c4  iar_Stoflt.o [2]
  .text              ro code   0x801'0690   0x21c  iar_Stoxflt.o [2]
  .text              ro code   0x801'08ac    0x14  isalpha.o [2]
  .text              ro code   0x801'08c0   0x364  task_get_new_bin.o [1]
  .text              ro code   0x801'0c24   0x1a4  utils_flash.o [1]
  .text              ro code   0x801'0dc8   0x200  m_utils_json.o [1]
  .text              ro code   0x801'0fc8   0x1f4  stm32f4xx_hal_flash.o [1]
  .text              ro code   0x801'11bc    0x50  stm32f4xx_hal_flash_ex.o [1]
  .text              ro code   0x801'120c    0x28  stm32f4xx_hal.o [1]
  .text              ro code   0x801'1234    0x1e  strcat.o [2]
  .text              ro code   0x801'1254   0x2b4  task_http.o [1]
  .text              ro code   0x801'1508   0x188  task_get_gps.o [1]
  .text              ro code   0x801'1690   0x140  heap0.o [2]
  .text              ro code   0x801'17d0    0x2c  xgetmemchunk.o [2]
  .text              ro code   0x801'17fc    0xd8  xfspos.o [2]
  .text              ro code   0x801'18d4    0xac  fflush.o [2]
  .text              ro code   0x801'1980     0xc  xfgpos.o [2]
  .text              ro code   0x801'198c    0x4a  lseek.o [5]
  .text              ro code   0x801'19d6    0x10  write.o [5]
  .text              ro code   0x801'19e8    0xcc  XShHandles.o [2]
  .text              ro code   0x801'1ab4    0x1e  dwrite.o [5]
  .text              ro code   0x801'1ad4    0x50  iarwstdswo.o [5]
  .text              ro code   0x801'1b24    0x22  iarwrite.o [5]
  .text              ro code   0x801'1b46    0xb4  xfwprep.o [2]
  .text              ro code   0x801'1bfa    0x24  fseek.o [2]
  .text              ro code   0x801'1c20    0xa8  stm32f4xx_it.o [1]
  .text              ro code   0x801'1cc8    0x8c  xfofind.o [2]
  .text              ro code   0x801'1d54     0x4  heaptramp0.o [2]
  .text              ro code   0x801'1d58    0x7e  fclose.o [2]
  .text              ro code   0x801'1dd6    0x18  close.o [5]
  .text              ro code   0x801'1dee    0x14  remove.o [5]
  .text              ro code   0x801'1e02    0x54  fputc.o [2]
  .text              ro code   0x801'1e58    0x3c  xcloseall.o [2]
  .rodata            const     0x801'1e94    0x34  freertos.o [1]
  .text              ro code   0x801'1ec8    0x30  system_stm32f4xx.o [1]
  .text              ro code   0x801'1ef8    0x28  data_init.o [4]
  .text              ro code   0x801'1f20    0x22  fpinit_M.o [3]
  .iar.init_table    const     0x801'1f44    0x20  - Linker created -
  .text              ro code   0x801'1f64    0x1e  cmain.o [4]
  .text              ro code   0x801'1f82     0x4  low_level_init.o [2]
  .text              ro code   0x801'1f86     0x4  exit.o [2]
  .text              ro code   0x801'1f8c     0xe  cexit.o [4]
  .text              ro code   0x801'1f9c    0x18  task_iwdg.o [1]
  .text              ro code   0x801'1fb4    0x16  xprout.o [2]
  .text              ro code   0x801'1fcc     0xc  putchar.o [2]
  .text              ro code   0x801'1fd8    0x10  startup_stm32f401xe.o [1]
  .text              ro code   0x801'1fe8     0xc  cstartup_M.o [4]
  .text              ro code   0x801'1ff4     0xa  freertos.o [1]
  .rodata            const     0x801'2000     0x8  system_stm32f4xx.o [1]
  .rodata            const     0x801'2008     0x6  xlocale_c.o [2]
  .text              ro code   0x801'200e     0x4  startup_stm32f401xe.o [1]
  .text              ro code   0x801'2012     0x4  startup_stm32f401xe.o [1]
  .text              ro code   0x801'2016     0x4  startup_stm32f401xe.o [1]
  .text              ro code   0x801'201a     0x4  startup_stm32f401xe.o [1]
  .text              ro code   0x801'201e     0x4  startup_stm32f401xe.o [1]
  .text              ro code   0x801'2022     0x4  startup_stm32f401xe.o [1]
  .text              ro code   0x801'2026     0x4  startup_stm32f401xe.o [1]
  .text              ro code   0x801'202a     0x4  startup_stm32f401xe.o [1]
  .text              ro code   0x801'202e     0x4  startup_stm32f401xe.o [1]
  .text              ro code   0x801'2032     0x4  startup_stm32f401xe.o [1]
  .text              ro code   0x801'2036     0x4  startup_stm32f401xe.o [1]
  .text              ro code   0x801'203a     0x4  startup_stm32f401xe.o [1]
  .text              ro code   0x801'203e     0x4  startup_stm32f401xe.o [1]
  .text              ro code   0x801'2042     0x4  startup_stm32f401xe.o [1]
  .text              ro code   0x801'2046     0x4  startup_stm32f401xe.o [1]
  .text              ro code   0x801'204a     0x4  startup_stm32f401xe.o [1]
  .text              ro code   0x801'204e     0x4  startup_stm32f401xe.o [1]
  .text              ro code   0x801'2052     0x4  startup_stm32f401xe.o [1]
  .text              ro code   0x801'2056     0x4  startup_stm32f401xe.o [1]
  .text              ro code   0x801'205a     0x4  startup_stm32f401xe.o [1]
  .text              ro code   0x801'205e     0x4  startup_stm32f401xe.o [1]
  .text              ro code   0x801'2062     0x4  startup_stm32f401xe.o [1]
  .text              ro code   0x801'2066     0x4  startup_stm32f401xe.o [1]
  .text              ro code   0x801'206a     0x4  startup_stm32f401xe.o [1]
  .text              ro code   0x801'206e     0x4  startup_stm32f401xe.o [1]
  .text              ro code   0x801'2072     0x4  startup_stm32f401xe.o [1]
  .text              ro code   0x801'2076     0x4  startup_stm32f401xe.o [1]
  .text              ro code   0x801'207a     0x4  startup_stm32f401xe.o [1]
  .text              ro code   0x801'207e     0x4  startup_stm32f401xe.o [1]
  .text              ro code   0x801'2082     0x4  startup_stm32f401xe.o [1]
  .text              ro code   0x801'2086     0x4  startup_stm32f401xe.o [1]
  .text              ro code   0x801'208a     0x4  startup_stm32f401xe.o [1]
  .text              ro code   0x801'208e     0x4  startup_stm32f401xe.o [1]
  .text              ro code   0x801'2092     0x4  startup_stm32f401xe.o [1]
  .text              ro code   0x801'2096     0x4  startup_stm32f401xe.o [1]
  .text              ro code   0x801'209a     0x4  startup_stm32f401xe.o [1]
  .text              ro code   0x801'209e     0x4  startup_stm32f401xe.o [1]
  .text              ro code   0x801'20a2     0x4  startup_stm32f401xe.o [1]
  .text              ro code   0x801'20a6     0x4  startup_stm32f401xe.o [1]
  .text              ro code   0x801'20aa     0x4  startup_stm32f401xe.o [1]
  .text              ro code   0x801'20ae     0x4  startup_stm32f401xe.o [1]
  .text              ro code   0x801'20b2     0x4  startup_stm32f401xe.o [1]
  .text              ro code   0x801'20b6     0x4  startup_stm32f401xe.o [1]
  .text              ro code   0x801'20ba     0x4  startup_stm32f401xe.o [1]
  .text              ro code   0x801'20be     0x4  startup_stm32f401xe.o [1]
  .text              ro code   0x801'20c2     0x4  startup_stm32f401xe.o [1]
  .text              ro code   0x801'20c6     0x4  startup_stm32f401xe.o [1]
  .text              ro code   0x801'20cc     0x0  cstart_closeall.o [4]
  .rodata            const     0x801'20cc     0x0  zero_init3.o [4]
  .rodata            const     0x801'20cc     0x0  lz77_init_single.o [4]
  Initializer bytes  const     0x801'20cc   0x2ae  <for P2-1>
                             - 0x801'237a  0xa1e6

"P2", part 1 of 3:                          0x4c8
  P2-1                        0x2000'0000   0x4c8  <Init block>
    .data            inited   0x2000'0000     0x4  m_utils_bsg.o [1]
    .data            inited   0x2000'0004     0xc  port.o [1]
    .data            inited   0x2000'0010   0x130  simcom.o [1]
    .data            inited   0x2000'0140     0xc  stm32f4xx_hal.o [1]
    .data            inited   0x2000'014c     0x4  system_stm32f4xx.o [1]
    .data            inited   0x2000'0150   0x200  utils_crc.o [1]
    .data            inited   0x2000'0350    0x38  xlocale_c.o [2]
    .data            inited   0x2000'0388    0x48  xlocale_c.o [2]
    .data            inited   0x2000'03d0    0x48  xfiles.o [2]
    .data            inited   0x2000'0418    0x48  xfiles.o [2]
    .data            inited   0x2000'0460    0x48  xfiles.o [2]
    .data            inited   0x2000'04a8    0x20  xfiles.o [2]
                            - 0x2000'04c8   0x4c8

"P2", part 2 of 3:                         0x5550
  .bss               zero     0x2000'04c8  0x2728  heap_4.o [1]
  .bss               zero     0x2000'2bf0  0x1004  m_utils_json.o [1]
  .bss               zero     0x2000'3bf4   0xc7c  usart.o [1]
  .bss               zero     0x2000'4870   0x3e8  utils_flash.o [1]
  .bss               zero     0x2000'4c58   0x254  freertos.o [1]
  .bss               zero     0x2000'4eac   0x120  task_http.o [1]
  .bss               zero     0x2000'4fcc   0x120  usart.o [1]
  .bss               zero     0x2000'50ec   0x118  main.o [1]
  .bss               zero     0x2000'5204   0x114  task_get_gps.o [1]
  .bss               zero     0x2000'5318   0x104  task_get_new_bin.o [1]
  .bss               zero     0x2000'541c    0xc0  spi.o [1]
  .bss               zero     0x2000'54dc    0x9c  tasks.o [1]
  .bss               zero     0x2000'5578    0x8c  tasks.o [1]
  .bss               zero     0x2000'5604    0x80  XShHandles.o [2]
  .bss               zero     0x2000'5684    0x70  main.o [1]
  .bss               zero     0x2000'56f4    0x6c  m_utils_json.o [1]
  .bss               zero     0x2000'5760    0x58  spi.o [1]
  .bss               zero     0x2000'57b8    0x50  xfiles.o [2]
  .bss               zero     0x2000'5808    0x50  xfiles.o [2]
  .bss               zero     0x2000'5858    0x40  stm32f4xx_hal_timebase_tim.o [1]
  .bss               zero     0x2000'5898    0x40  tim.o [1]
  .bss               zero     0x2000'58d8    0x30  spiflash.o [1]
  .bss               zero     0x2000'5908    0x2c  m_utils_bsg.o [1]
  .bss               zero     0x2000'5934    0x2c  xttotm.o [2]
  .bss               zero     0x2000'5960    0x20  freertos.o [1]
  .bss               zero     0x2000'5980    0x20  rtc.o [1]
  .bss               zero     0x2000'59a0    0x20  stm32f4xx_hal_flash.o [1]
  .bss               zero     0x2000'59c0    0x18  m_utils_bsg.o [1]
  .bss               zero     0x2000'59d8    0x14  usart.o [1]
  .bss               zero     0x2000'59ec     0xc  iwdg.o [1]
  .bss               zero     0x2000'59f8     0x8  spi.o [1]
  .bss               zero     0x2000'5a00     0x8  heap0.o [2]
  .bss               zero     0x2000'5a08     0x4  strtok.o [2]
  .bss               zero     0x2000'5a0c     0x4  xfail_s.o [2]
  .bss               zero     0x2000'5a10     0x4  xgetmemchunk.o [2]
  .bss               zero     0x2000'5a14     0x1  task_get_gps.o [1]
                            - 0x2000'5a15  0x554d

"P2", part 3 of 3:                          0x600
  CSTACK                      0x2000'5a18   0x400  <Block>
    CSTACK           uninit   0x2000'5a18   0x400  <Block tail>
  HEAP                        0x2000'5e18   0x200  <Block>
    HEAP             uninit   0x2000'5e18   0x200  <Block tail>
                            - 0x2000'6018   0x600

Unused ranges:

         From           To      Size
         ----           --      ----
   0x801'237a   0x807'ffff  0x6'dc86
  0x2000'6018  0x2001'7fff  0x1'1fe8


*******************************************************************************
*** INIT TABLE
***

          Address      Size
          -------      ----
Zero (__iar_zero_init3)
    1 destination range, total size 0x554d:
          0x2000'04c8  0x554d

Copy/lz77 (__iar_lz77_init_single3)
    1 source range, total size 0x2ae (56% of destination):
           0x801'20cc   0x2ae
    1 destination range, total size 0x4c8:
          0x2000'0000   0x4c8



*******************************************************************************
*** MODULE SUMMARY
***

    Module                        ro code  ro data  rw data
    ------                        -------  -------  -------
command line/config:
    -------------------------------------------------------
    Total:

C:\Users\annsi\workspace\motz\117_x\117_bsg\EWARM\117_bsg\Obj: [1]
    circularBuffer.o                  620
    cmsis_os.o                        148
    dma.o                             136
    freertos.o                        370       52      628
    gpio.o                            224
    heap_4.o                          432            10 024
    iwdg.o                             44                12
    list.o                            146
    m_utils_bsg.o                     728        2       72
    m_utils_json.o                    512             4 208
    main.o                            792               392
    port.o                            440        6       12
    portasm.o                         176
    queue.o                         1 272
    rtc.o                              72                32
    simcom.o                        2 652      171      304
    spi.o                             356               288
    spiflash.o                      1 136                48
    startup_stm32f401xe.o             608
    stm32f4xx_hal.o                   120        7       12
    stm32f4xx_hal_cortex.o            184
    stm32f4xx_hal_dma.o               884
    stm32f4xx_hal_flash.o             500                32
    stm32f4xx_hal_flash_ex.o           80
    stm32f4xx_hal_gpio.o              444
    stm32f4xx_hal_iwdg.o               80
    stm32f4xx_hal_msp.o                64
    stm32f4xx_hal_rcc.o             1 264
    stm32f4xx_hal_rcc_ex.o            320
    stm32f4xx_hal_rtc.o               866
    stm32f4xx_hal_spi.o             1 720
    stm32f4xx_hal_tim.o               628
    stm32f4xx_hal_tim_ex.o              4
    stm32f4xx_hal_timebase_tim.o      124                64
    stm32f4xx_hal_uart.o            1 646
    stm32f4xx_it.o                    168
    system_stm32f4xx.o                 48       10        4
    task_get_gps.o                    392               277
    task_get_new_bin.o                868               260
    task_http.o                       692               288
    task_iwdg.o                        24
    tasks.o                         2 440               296
    tim.o                             112                64
    usart.o                           916             3 504
    utils_crc.o                        94      287      512
    utils_flash.o                     420             1 000
    utils_gps.o                       556
    -------------------------------------------------------
    Total:                         26 522      535   22 333

dl7M_tlf.a: [2]
    XShHandles.o                      204               128
    abort.o                             6
    exit.o                              4
    fclose.o                          126
    fflush.o                          172
    fputc.o                            84
    fseek.o                            36
    gmtime.o                           10
    heap0.o                           320                 8
    heaptramp0.o                        4
    iar_Stoflt.o                      452
    iar_Stopfx.o                      290
    iar_Stoullx.o                     444
    iar_Stoulx.o                      380
    iar_Stoxflt.o                     540
    isalpha.o                          20
    isspace.o                          20
    low_level_init.o                    4
    mktime.o                          208
    printf.o                           40
    putchar.o                          12
    sprintf.o                          64
    strcat.o                           30
    strcspn.o                          34
    strpbrk.o                          40
    strspn.o                           34
    strtok.o                           76                 4
    strtok_r.o                         57
    tolower.o                          20
    xDaysTo.o                         108
    xTzoff_nop.o                        4
    xcloseall.o                        60
    xencoding_8859_1.o                 30
    xfail_s.o                          64                 4
    xfgpos.o                           12
    xfiles.o                                   139      408
    xfofind.o                         140
    xfspos.o                          216
    xfwprep.o                         180
    xgetmemchunk.o                     44                 4
    xisdst_nop.o                        6
    xlocale_c.o                       180       78      128
    xmbcurmax.o                        10
    xprintffull.o                   3 962
    xprout.o                           22
    xsprout.o                          10
    xttotm.o                          260                44
    -------------------------------------------------------
    Total:                          9 039      217      728

m7M_tls.a: [3]
    DblAdd.o                          378
    DblCmpGe.o                         46
    DblCmpLe.o                         46
    DblDiv.o                          582
    DblMul.o                          418
    DblSub.o                          226
    DblToS32.o                         58
    DblToU32.o                         40
    S32ToDbl.o                         34
    U32ToDbl.o                         26
    fpinit_M.o                         34
    frexp.o                           112
    ldexp.o                           314
    math_wrappers64.o                  14
    strto64.o                       1 408
    -------------------------------------------------------
    Total:                          3 736

rt7M_tl.a: [4]
    ABImemclr.o                         6
    ABImemclr4.o                        6
    ABImemcpy.o                       166
    ABImemset.o                        94
    ABImemset48.o                      50
    I64DivMod.o                       560
    I64DivZer.o                         2
    cexit.o                            14
    cmain.o                            30
    cstart_closeall.o
    cstartup_M.o                       12
    data_init.o                        40
    lz77_init_single.o                122
    memchr.o                           88
    strchr.o                           22
    strcmp.o                           74
    strlen.o                           54
    zero_init3.o                       58
    -------------------------------------------------------
    Total:                          1 398

shb_l.a: [5]
    close.o                            24
    dwrite.o                           30
    exit.o                             20
    iarwrite.o                         34
    iarwstdswo.o                       80
    lseek.o                            74
    remove.o                           20
    write.o                            16
    -------------------------------------------------------
    Total:                            298

    Gaps                               69        4
    Linker created                              32    1 536
-----------------------------------------------------------
    Grand Total:                   41 062      788   24 597


*******************************************************************************
*** ENTRY LIST
***

Entry                       Address    Size  Type      Object
-----                       -------    ----  ----      ------
.iar.init_table$$Base    0x801'1f44           --   Gb  - Linker created -
.iar.init_table$$Limit   0x801'1f64           --   Gb  - Linker created -
?main                    0x801'1f65          Code  Gb  cmain.o [4]
AHBPrescTable            0x801'1ee8    0x10  Data  Gb  system_stm32f4xx.o [1]
APBPrescTable            0x801'2000     0x8  Data  Gb  system_stm32f4xx.o [1]
Aldata                  0x2000'5a00     0x8  Data  Lc  heap0.o [2]
BusFault_Handler         0x801'1c27     0x2  Code  Gb  stm32f4xx_it.o [1]
CNT_MAX_PAGES_TX        0x2000'4eac     0x1  Data  Lc  task_http.o [1]
CSTACK$$Base            0x2000'5a18           --   Gb  - Linker created -
CSTACK$$Limit           0x2000'5e18           --   Gb  - Linker created -
CacheMore                0x800'91c9    0x24  Code  Lc  xlocale_c.o [2]
Crc16Table              0x2000'0150   0x200  Data  Lc  utils_crc.o [1]
DMA1_Stream3_IRQHandler
                         0x801'1c2d     0x6  Code  Gb  stm32f4xx_it.o [1]
DMA1_Stream4_IRQHandler
                         0x801'1c33     0x6  Code  Gb  stm32f4xx_it.o [1]
DMA1_Stream5_IRQHandler
                         0x801'1c39     0x6  Code  Gb  stm32f4xx_it.o [1]
DMA2_Stream2_IRQHandler
                         0x801'1c8f     0x6  Code  Gb  stm32f4xx_it.o [1]
DMA2_Stream7_IRQHandler
                         0x801'1c95     0x6  Code  Gb  stm32f4xx_it.o [1]
DMA_CalcBaseAndBitshift
                         0x800'e1c9    0x26  Code  Lc  stm32f4xx_hal_dma.o [1]
DMA_CalcBaseAndBitshift::flagBitshiftOffset
                         0x800'e1f0     0x8  Data  Lc  stm32f4xx_hal_dma.o [1]
DMA_SetConfig            0x800'e1a9    0x20  Code  Lc  stm32f4xx_hal_dma.o [1]
DebugMon_Handler         0x801'1c2b     0x2  Code  Gb  stm32f4xx_it.o [1]
Dtentox                  0x800'ffcd   0x192  Code  Lc  strto64.o [3]
Error_Handler            0x800'ae1d     0x2  Code  Gb  main.o [1]
FLASH_Erase_Sector       0x801'11bd    0x4c  Code  Gb  stm32f4xx_hal_flash_ex.o [1]
FLASH_Program_Byte       0x801'1119    0x14  Code  Lc  stm32f4xx_hal_flash.o [1]
FLASH_Program_DoubleWord
                         0x801'10b3    0x28  Code  Lc  stm32f4xx_hal_flash.o [1]
FLASH_Program_HalfWord   0x801'10ed    0x12  Code  Lc  stm32f4xx_hal_flash.o [1]
FLASH_Program_Word       0x801'10db    0x12  Code  Lc  stm32f4xx_hal_flash.o [1]
FLASH_SetErrorCode       0x801'112d    0x74  Code  Lc  stm32f4xx_hal_flash.o [1]
FLASH_WaitForLastOperation
                         0x801'1067    0x4c  Code  Gb  stm32f4xx_hal_flash.o [1]
HAL_DMA_Abort_IT         0x800'dfd5    0x24  Code  Gb  stm32f4xx_hal_dma.o [1]
HAL_DMA_IRQHandler       0x800'dff9   0x192  Code  Gb  stm32f4xx_hal_dma.o [1]
HAL_DMA_Init             0x800'de85    0xee  Code  Gb  stm32f4xx_hal_dma.o [1]
HAL_DMA_Start_IT         0x800'df73    0x62  Code  Gb  stm32f4xx_hal_dma.o [1]
HAL_Delay                0x801'120d    0x28  Code  Wk  stm32f4xx_hal.o [1]
HAL_FLASH_Lock           0x801'1057     0xa  Code  Gb  stm32f4xx_hal_flash.o [1]
HAL_FLASH_Program        0x801'0fc9    0x6e  Code  Gb  stm32f4xx_hal_flash.o [1]
HAL_FLASH_Unlock         0x801'1037    0x20  Code  Gb  stm32f4xx_hal_flash.o [1]
HAL_GPIO_Init            0x800'b45d   0x194  Code  Gb  stm32f4xx_hal_gpio.o [1]
HAL_GPIO_WritePin        0x800'b5f1     0x8  Code  Gb  stm32f4xx_hal_gpio.o [1]
HAL_GetTick              0x800'e2b5     0xc  Code  Wk  stm32f4xx_hal.o [1]
HAL_IWDG_Init            0x800'ee2d    0x44  Code  Gb  stm32f4xx_hal_iwdg.o [1]
HAL_IWDG_Refresh         0x800'ee71     0xc  Code  Gb  stm32f4xx_hal_iwdg.o [1]
HAL_IncTick              0x800'dc09    0x10  Code  Wk  stm32f4xx_hal.o [1]
HAL_Init                 0x800'cb49    0x30  Code  Gb  stm32f4xx_hal.o [1]
HAL_InitTick             0x800'e6c1    0x6a  Code  Gb  stm32f4xx_hal_timebase_tim.o [1]
HAL_MspInit              0x800'e73d    0x40  Code  Gb  stm32f4xx_hal_msp.o [1]
HAL_NVIC_EnableIRQ       0x800'aa47    0x16  Code  Gb  stm32f4xx_hal_cortex.o [1]
HAL_NVIC_SetPriority     0x800'aa0d    0x3a  Code  Gb  stm32f4xx_hal_cortex.o [1]
HAL_NVIC_SetPriorityGrouping
                         0x800'a9f3    0x1a  Code  Gb  stm32f4xx_hal_cortex.o [1]
HAL_NVIC_SystemReset     0x800'aa5d    0x1a  Code  Gb  stm32f4xx_hal_cortex.o [1]
HAL_RCCEx_PeriphCLKConfig
                         0x800'dac9   0x114  Code  Gb  stm32f4xx_hal_rcc_ex.o [1]
HAL_RCC_ClockConfig      0x800'd8fd   0x100  Code  Gb  stm32f4xx_hal_rcc.o [1]
HAL_RCC_GetClockConfig   0x800'da2d    0x36  Code  Gb  stm32f4xx_hal_rcc.o [1]
HAL_RCC_GetPCLK1Freq     0x800'da09    0x10  Code  Gb  stm32f4xx_hal_rcc.o [1]
HAL_RCC_GetPCLK2Freq     0x800'da19     0xe  Code  Gb  stm32f4xx_hal_rcc.o [1]
HAL_RCC_OscConfig        0x800'd5d9   0x324  Code  Wk  stm32f4xx_hal_rcc.o [1]
HAL_RTC_GetDate          0x800'f0bd    0x4e  Code  Gb  stm32f4xx_hal_rtc.o [1]
HAL_RTC_GetTime          0x800'efd9    0x3c  Code  Gb  stm32f4xx_hal_rtc.o [1]
HAL_RTC_Init             0x800'ee7d    0x8e  Code  Gb  stm32f4xx_hal_rtc.o [1]
HAL_RTC_MspInit          0x800'ce9f    0x10  Code  Gb  rtc.o [1]
HAL_RTC_SetDate          0x800'f015    0x80  Code  Gb  stm32f4xx_hal_rtc.o [1]
HAL_RTC_SetTime          0x800'ef17    0xa8  Code  Gb  stm32f4xx_hal_rtc.o [1]
HAL_RTC_WaitForSynchro   0x800'f161    0x32  Code  Gb  stm32f4xx_hal_rtc.o [1]
HAL_SPI_IRQHandler       0x800'ea47   0x100  Code  Gb  stm32f4xx_hal_spi.o [1]
HAL_SPI_Init             0x800'e77d    0x76  Code  Gb  stm32f4xx_hal_spi.o [1]
HAL_SPI_MspInit          0x800'cd21    0xdc  Code  Gb  spi.o [1]
HAL_SPI_Receive_DMA      0x800'e883    0xa0  Code  Gb  stm32f4xx_hal_spi.o [1]
HAL_SPI_RxCpltCallback   0x800'cdfd     0x2  Code  Gb  spi.o [1]
HAL_SPI_TransmitReceive_DMA
                         0x800'e931    0x9c  Code  Gb  stm32f4xx_hal_spi.o [1]
HAL_SPI_Transmit_DMA     0x800'e807    0x7c  Code  Gb  stm32f4xx_hal_spi.o [1]
HAL_SPI_TxCpltCallback   0x800'ce17    0x14  Code  Gb  spi.o [1]
HAL_SPI_TxRxCpltCallback
                         0x800'ce01     0x2  Code  Gb  spi.o [1]
HAL_TIMEx_BreakCallback
                         0x800'fb79     0x2  Code  Wk  stm32f4xx_hal_tim_ex.o [1]
HAL_TIMEx_CommutCallback
                         0x800'fb7d     0x2  Code  Wk  stm32f4xx_hal_tim_ex.o [1]
HAL_TIM_Base_Init        0x800'dc19    0x1a  Code  Gb  stm32f4xx_hal_tim.o [1]
HAL_TIM_Base_MspInit     0x800'cee9    0x36  Code  Gb  tim.o [1]
HAL_TIM_Base_Start_IT    0x800'dc33    0x20  Code  Gb  stm32f4xx_hal_tim.o [1]
HAL_TIM_Base_Stop_IT     0x800'dc53    0x2a  Code  Gb  stm32f4xx_hal_tim.o [1]
HAL_TIM_IRQHandler       0x800'dca1   0x142  Code  Gb  stm32f4xx_hal_tim.o [1]
HAL_TIM_PeriodElapsedCallback
                         0x800'add5    0x2a  Code  Gb  main.o [1]
HAL_UART_ErrorCallback   0x800'b215    0x38  Code  Gb  usart.o [1]
HAL_UART_GetError        0x800'b9ab     0x4  Code  Gb  stm32f4xx_hal_uart.o [1]
HAL_UART_IRQHandler      0x800'b859   0x152  Code  Gb  stm32f4xx_hal_uart.o [1]
HAL_UART_Init            0x800'b619    0x1e  Code  Gb  stm32f4xx_hal_uart.o [1]
HAL_UART_MspInit         0x800'af9d   0x12a  Code  Gb  usart.o [1]
HAL_UART_Receive_DMA     0x800'b7bb    0x92  Code  Gb  stm32f4xx_hal_uart.o [1]
HAL_UART_RxCpltCallback
                         0x800'b1bf    0x20  Code  Gb  usart.o [1]
HAL_UART_RxHalfCpltCallback
                         0x800'b1df    0x14  Code  Gb  usart.o [1]
HAL_UART_Transmit        0x800'b68f    0xac  Code  Gb  stm32f4xx_hal_uart.o [1]
HAL_UART_Transmit_DMA    0x800'b743    0x78  Code  Gb  stm32f4xx_hal_uart.o [1]
HAL_UART_TxCpltCallback
                         0x800'b1f3    0x1e  Code  Gb  usart.o [1]
HEAP$$Base              0x2000'5e18           --   Gb  - Linker created -
HEAP$$Limit             0x2000'6018           --   Gb  - Linker created -
HardFault_Handler        0x801'1c23     0x2  Code  Gb  stm32f4xx_it.o [1]
LoadInt                  0x800'8357    0x7a  Code  Lc  xprintffull.o [2]
MX_DMA_Init              0x800'cc5d    0x88  Code  Gb  dma.o [1]
MX_FREERTOS_Init         0x800'd481    0xac  Code  Gb  freertos.o [1]
MX_GPIO_Init             0x800'cb7d    0xc0  Code  Gb  gpio.o [1]
MX_IWDG_Init             0x800'ce49    0x2c  Code  Gb  iwdg.o [1]
MX_RTC_Init              0x800'ce75    0x2a  Code  Gb  rtc.o [1]
MX_SPI2_Init             0x800'cce5    0x3c  Code  Gb  spi.o [1]
MX_TIM10_Init            0x800'cebd    0x2c  Code  Gb  tim.o [1]
MX_USART1_UART_Init      0x800'af3d    0x2e  Code  Gb  usart.o [1]
MX_USART2_UART_Init      0x800'af6b    0x2a  Code  Gb  usart.o [1]
MemManage_Handler        0x801'1c25     0x2  Code  Gb  stm32f4xx_it.o [1]
NMI_Handler              0x801'1c21     0x2  Code  Gb  stm32f4xx_it.o [1]
PendSV_Handler           0x800'fb81          Code  Gb  portasm.o [1]
RTC_ByteToBcd2           0x800'f1c9    0x16  Code  Gb  stm32f4xx_hal_rtc.o [1]
RTC_EnterInitMode        0x800'f193    0x36  Code  Gb  stm32f4xx_hal_rtc.o [1]
Region$$Table$$Base      0x801'1f44           --   Gb  - Linker created -
Region$$Table$$Limit     0x801'1f64           --   Gb  - Linker created -
SPI2_IRQHandler          0x801'1c51     0x6  Code  Gb  stm32f4xx_it.o [1]
SPI_DMAAbortOnError      0x800'ec95     0xc  Code  Lc  stm32f4xx_hal_spi.o [1]
SPI_DMAError             0x800'ec75    0x1e  Code  Lc  stm32f4xx_hal_spi.o [1]
SPI_DMAHalfReceiveCplt   0x800'ec65     0x6  Code  Lc  stm32f4xx_hal_spi.o [1]
SPI_DMAHalfTransmitCplt
                         0x800'ec5d     0x6  Code  Lc  stm32f4xx_hal_spi.o [1]
SPI_DMAHalfTransmitReceiveCplt
                         0x800'ec6d     0x6  Code  Lc  stm32f4xx_hal_spi.o [1]
SPI_DMAReceiveCplt       0x800'eb91    0x5a  Code  Lc  stm32f4xx_hal_spi.o [1]
SPI_DMATransmitCplt      0x800'eb49    0x48  Code  Lc  stm32f4xx_hal_spi.o [1]
SPI_DMATransmitReceiveCplt
                         0x800'ec09    0x3c  Code  Lc  stm32f4xx_hal_spi.o [1]
SPI_EndRxTransaction     0x800'ed4f    0x50  Code  Lc  stm32f4xx_hal_spi.o [1]
SPI_EndRxTxTransaction   0x800'ed9f    0x50  Code  Lc  stm32f4xx_hal_spi.o [1]
SPI_WaitFlagStateUntilTimeout
                         0x800'ecb9    0x8a  Code  Lc  stm32f4xx_hal_spi.o [1]
SVC_Handler              0x800'fbd9          Code  Gb  portasm.o [1]
SysTick_Handler          0x800'e645    0x26  Code  Gb  port.o [1]
SystemClock_Config       0x800'ac3d    0xae  Code  Gb  main.o [1]
SystemCoreClock         0x2000'014c     0x4  Data  Gb  system_stm32f4xx.o [1]
SystemInit               0x801'1ec9    0x12  Code  Gb  system_stm32f4xx.o [1]
TIM1_UP_TIM10_IRQHandler
                         0x801'1c3f    0x12  Code  Gb  stm32f4xx_it.o [1]
TIM_Base_SetConfig       0x800'dde9    0x7a  Code  Gb  stm32f4xx_hal_tim.o [1]
UART_DMAAbortOnError     0x800'bb01     0xc  Code  Lc  stm32f4xx_hal_uart.o [1]
UART_DMAError            0x800'ba25    0x4a  Code  Lc  stm32f4xx_hal_uart.o [1]
UART_DMAReceiveCplt      0x800'b9e5    0x38  Code  Lc  stm32f4xx_hal_uart.o [1]
UART_DMARxHalfCplt       0x800'ba1d     0x6  Code  Lc  stm32f4xx_hal_uart.o [1]
UART_DMATransmitCplt     0x800'b9b1    0x2a  Code  Lc  stm32f4xx_hal_uart.o [1]
UART_DMATxHalfCplt       0x800'b9dd     0x6  Code  Lc  stm32f4xx_hal_uart.o [1]
UART_EndRxTransfer       0x800'bae5    0x1c  Code  Lc  stm32f4xx_hal_uart.o [1]
UART_EndTxTransfer       0x800'bad3    0x12  Code  Lc  stm32f4xx_hal_uart.o [1]
UART_Receive_IT          0x800'bb0d    0x92  Code  Lc  stm32f4xx_hal_uart.o [1]
UART_SetConfig           0x800'bb9f    0xca  Code  Lc  stm32f4xx_hal_uart.o [1]
UART_WaitOnFlagUntilTimeout
                         0x800'ba6f    0x56  Code  Lc  stm32f4xx_hal_uart.o [1]
USART1_IRQHandler        0x801'1c57    0x32  Code  Gb  stm32f4xx_it.o [1]
USART2_IRQHandler        0x801'1c89     0x6  Code  Gb  stm32f4xx_it.o [1]
UsageFault_Handler       0x801'1c29     0x2  Code  Gb  stm32f4xx_it.o [1]
_Close_all               0x801'1e59    0x3c  Code  Gb  xcloseall.o [2]
_Encoding_8859_1_Mbrlen
                         0x800'9315     0x2  Code  Gb  xencoding_8859_1.o [2]
_Encoding_8859_1_Wctomb
                         0x800'9303    0x12  Code  Gb  xencoding_8859_1.o [2]
_Files                  0x2000'04a8    0x20  Data  Gb  xfiles.o [2]
_Fofree                  0x801'1cc9    0x86  Code  Gb  xfofind.o [2]
_Fspos                   0x801'17fd    0xd8  Code  Gb  xfspos.o [2]
_Fwprep                  0x801'1b47    0xb4  Code  Gb  xfwprep.o [2]
_GenldFull               0x800'8de9   0x274  Code  Lc  xprintffull.o [2]
_LdtobFull               0x800'89bd   0x400  Code  Lc  xprintffull.o [2]
_LitobFull               0x800'8865   0x112  Code  Lc  xprintffull.o [2]
_LocaleC_isalpha         0x800'918f     0xc  Code  Gb  xlocale_c.o [2]
_LocaleC_islower         0x800'9189     0x4  Code  Gb  xlocale_c.o [2]
_LocaleC_isspace         0x800'91a5    0x14  Code  Gb  xlocale_c.o [2]
_LocaleC_isupper         0x800'918d     0x2  Code  Gb  xlocale_c.o [2]
_LocaleC_tolower         0x800'91b9     0xc  Code  Gb  xlocale_c.o [2]
_Locale_lconv           0x2000'0350    0x38  Data  Lc  xlocale_c.o [2]
_Nnl                     0x801'1981     0xc  Code  Gb  xfgpos.o [2]
_PrintfFull              0x800'8195   0x1aa  Code  Gb  xprintffull.o [2]
_Prout                   0x801'1fb5    0x16  Code  Gb  xprout.o [2]
_PutcharsFull            0x800'905d    0x2e  Code  Lc  xprintffull.o [2]
_PutfldFull              0x800'83d1   0x2d8  Code  Lc  xprintffull.o [2]
_PutstrFull              0x800'879f    0xc6  Code  Lc  xprintffull.o [2]
_PuttxtFull              0x800'86a9    0xf6  Code  Lc  xprintffull.o [2]
_SProut                  0x800'9383     0xa  Code  Gb  xsprout.o [2]
_Strtok_ssave           0x2000'5a08     0x4  Data  Lc  strtok.o [2]
_Ttotm_ts               0x2000'5934    0x2c  Data  Lc  xttotm.o [2]
_Tzoff                   0x800'fda9     0x4  Code  Gb  xTzoff_nop.o [2]
__NVIC_SetPriority       0x800'a9d9    0x1a  Code  Lc  stm32f4xx_hal_cortex.o [1]
__aeabi_cdcmple          0x800'9879          Code  Gb  DblCmpLe.o [3]
__aeabi_cdrcmple         0x800'98a9          Code  Gb  DblCmpGe.o [3]
__aeabi_d2iz             0x800'9a15          Code  Gb  DblToS32.o [3]
__aeabi_d2uiz            0x800'9da1          Code  Gb  DblToU32.o [3]
__aeabi_dadd             0x800'9ded          Code  Gb  DblAdd.o [3]
__aeabi_ddiv             0x800'9b59          Code  Gb  DblDiv.o [3]
__aeabi_dmul             0x800'9665          Code  Gb  DblMul.o [3]
__aeabi_dsub             0x800'9a75          Code  Gb  DblSub.o [3]
__aeabi_i2d              0x800'9a51          Code  Gb  S32ToDbl.o [3]
__aeabi_ldiv0            0x800'9de9          Code  Gb  I64DivZer.o [4]
__aeabi_memclr           0x800'b2d1          Code  Gb  ABImemclr.o [4]
__aeabi_memclr4          0x800'b2d9          Code  Gb  ABImemclr4.o [4]
__aeabi_memcpy           0x800'938d          Code  Gb  ABImemcpy.o [4]
__aeabi_memcpy4          0x800'93ad          Code  Gb  ABImemcpy.o [4]
__aeabi_memcpy8          0x800'93ad          Code  Gb  ABImemcpy.o [4]
__aeabi_ui2d             0x800'9dc9          Code  Gb  U32ToDbl.o [3]
__aeabi_uldivmod         0x800'9435          Code  Gb  I64DivMod.o [4]
__basic_free             0x801'173d    0x16  Code  Gb  heap0.o [2]
__basic_free_intern      0x801'1753    0x7a  Code  Lc  heap0.o [2]
__basic_malloc           0x801'1691    0x18  Code  Gb  heap0.o [2]
__basic_malloc_intern    0x801'16a9    0x94  Code  Lc  heap0.o [2]
__cexit_closeall         0x801'1f8f          Code  Gb  cexit.o [4]
__close                  0x801'1dd7    0x18  Code  Gb  close.o [5]
__cmain                  0x801'1f65          Code  Gb  cmain.o [4]
__cstart_closeall        0x801'20cc          Data  Gb  cstart_closeall.o [4]
__data_GetMemChunk       0x801'17d1    0x2c  Code  Gb  xgetmemchunk.o [2]
__data_GetMemChunk::start
                        0x2000'5a10     0x4  Data  Lc  xgetmemchunk.o [2]
__dwrite                 0x801'1ab5    0x1e  Code  Gb  dwrite.o [5]
__exit                   0x800'9f69    0x14  Code  Gb  exit.o [5]
__gmtime32               0x800'f86d     0xa  Code  Gb  gmtime.o [2]
__iar_Daysto32           0x800'fd3d    0x3a  Code  Gb  xDaysTo.o [2]
__iar_Fail_s             0x800'928d    0x1c  Code  Gb  xfail_s.o [2]
__iar_Isdst32            0x800'fe1f     0x6  Code  Gb  xisdst_nop.o [2]
__iar_Mbcurmax           0x800'9379     0xa  Code  Gb  xmbcurmax.o [2]
__iar_Memchr             0x800'9321          Code  Gb  memchr.o [4]
__iar_Memset4_word       0x800'e259          Code  Gb  ABImemset48.o [4]
__iar_Memset8_word       0x800'e259          Code  Gb  ABImemset48.o [4]
__iar_Memset_word        0x800'e1f9          Code  Gb  ABImemset.o [4]
__iar_Stderr            0x2000'0460    0x48  Data  Gb  xfiles.o [2]
__iar_Stdin             0x2000'03d0    0x48  Data  Gb  xfiles.o [2]
__iar_Stdout            0x2000'0418    0x48  Data  Gb  xfiles.o [2]
__iar_Sto64              0x801'0171   0x19e  Code  Gb  strto64.o [3]
__iar_Stoflt             0x801'04cd   0x1c4  Code  Gb  iar_Stoflt.o [2]
__iar_Stopfx             0x801'03a9   0x122  Code  Gb  iar_Stopfx.o [2]
__iar_Stoullx            0x800'f6b1   0x15c  Code  Gb  iar_Stoullx.o [2]
__iar_Stoulx             0x800'b2e1   0x112  Code  Gb  iar_Stoulx.o [2]
__iar_Stoxflt            0x801'0691   0x1e6  Code  Gb  iar_Stoxflt.o [2]
__iar_Stoxflt::digits    0x801'087c    0x18  Data  Lc  iar_Stoxflt.o [2]
__iar_Stoxflt::vals      0x801'0894    0x18  Data  Lc  iar_Stoxflt.o [2]
__iar_Strchr             0x800'923d          Code  Gb  strchr.o [4]
__iar_Ttotm32            0x800'fc39    0xc6  Code  Gb  xttotm.o [2]
__iar_dadd               0x800'9a85          Code  Gb  DblSub.o [3]
__iar_data_init3         0x801'1ef9    0x28  Code  Gb  data_init.o [4]
__iar_dsub               0x800'9dfd          Code  Gb  DblAdd.o [3]
__iar_dsubStart          0x800'9e0f          Code  Gb  DblAdd.o [3]
__iar_frexp              0x800'9815          Code  Gb  frexp.o [3]
__iar_frexpl             0x800'9815          Code  Gb  frexp.o [3]
__iar_globLocale        0x2000'0388    0x48  Data  Lc  xlocale_c.o [2]
__iar_global_Locale      0x800'91c5     0x4  Code  Gb  xlocale_c.o [2]
__iar_init_vfp           0x801'1f21          Code  Gb  fpinit_M.o [3]
__iar_ldexp64            0x800'98d9          Code  Gb  ldexp.o [3]
__iar_lz77_init_single3
                         0x800'910f    0x7a  Code  Gb  lz77_init_single.o [4]
__iar_program_start      0x801'1fe9          Code  Gb  cstartup_M.o [4]
__iar_scalbln64          0x800'98d9          Code  Gb  ldexp.o [3]
__iar_scalbn64           0x800'98d9          Code  Gb  ldexp.o [3]
__iar_sh_Discard         0x801'19e9    0x42  Code  Gb  XShHandles.o [2]
__iar_sh_Move            0x801'1a2b    0x46  Code  Gb  XShHandles.o [2]
__iar_sh_Pos             0x801'1a71    0x3e  Code  Gb  XShHandles.o [2]
__iar_sh_stdout_swo      0x801'1ad5    0x50  Code  Gb  iarwstdswo.o [5]
__iar_sh_write           0x801'1b25    0x22  Code  Gb  iarwrite.o [5]
__iar_softfp___iar_frexp64
                         0x800'9809          Code  Gb  frexp.o [3]
__iar_softfp_frexp       0x800'9809          Code  Gb  frexp.o [3]
__iar_softfp_frexpl      0x800'9809          Code  Gb  frexp.o [3]
__iar_vfp_atof           0x800'fdb3     0x8  Code  Gb  math_wrappers64.o [3]
__iar_zero_init3         0x800'9253    0x3a  Code  Gb  zero_init3.o [4]
__low_level_init         0x801'1f83     0x4  Code  Gb  low_level_init.o [2]
__lseek                  0x801'198d    0x4a  Code  Gb  lseek.o [5]
__mktime32               0x800'f879    0xd0  Code  Gb  mktime.o [2]
__vector_table           0x800'8000          Data  Gb  startup_stm32f401xe.o [1]
__write                  0x801'19d7    0x10  Code  Gb  write.o [5]
_call_main               0x801'1f71          Code  Gb  cmain.o [4]
_exit                    0x801'1f8d          Code  Gb  cexit.o [4]
_gLocale_mblen           0x800'9229     0x4  Code  Gb  xlocale_c.o [2]
_gLocale_mblenInt        0x800'91ed    0x2c  Code  Gb  xlocale_c.o [2]
_gLocale_wctomb          0x800'922d     0x4  Code  Gb  xlocale_c.o [2]
_gLocale_wctombInt       0x800'9225     0x4  Code  Gb  xlocale_c.o [2]
_main                    0x801'1f7f          Code  Gb  cmain.o [4]
abort                    0x800'9de3     0x6  Code  Gb  abort.o [2]
addGnssPckgToJson        0x801'0dc9    0x7a  Code  Gb  m_utils_json.o [1]
addGnssPckgToJson::cnt  0x2000'56f4     0x2  Data  Lc  m_utils_json.o [1]
arrUrlFileSz            0x2000'56ac    0x48  Data  Lc  main.o [1]
atof                     0x801'0355     0x8  Code  Gb  strto64.o [3]
atoi                     0x800'b3f9     0x2  Code  Gb  iar_Stoulx.o [2]
bsg                     0x2000'5684    0x18  Data  Gb  main.o [1]
bsgInit                  0x800'cf2d    0x4a  Code  Gb  m_utils_bsg.o [1]
bufEnd                  0x2000'0000     0x4  Data  Lc  m_utils_bsg.o [1]
bufGnss                 0x2000'5204    0xc8  Data  Lc  task_get_gps.o [1]
bufPckgGPS              0x2000'5104   0x100  Data  Gb  main.o [1]
bufPckgGnss             0x2000'52e8    0x18  Data  Lc  task_get_gps.o [1]
cBufInit                 0x800'd205    0x16  Code  Gb  circularBuffer.o [1]
cBufRead                 0x800'd2b1    0x32  Code  Gb  circularBuffer.o [1]
cBufReset                0x800'd21b    0x1a  Code  Gb  circularBuffer.o [1]
cBufWriteToBuf           0x800'd235    0x7c  Code  Gb  circularBuffer.o [1]
calcCrc16                0x800'f1e1    0x2a  Code  Gb  utils_crc.o [1]
charToHex                0x801'0cd9    0x72  Code  Gb  utils_flash.o [1]
checkBufForWritingToFlash
                         0x800'cf7b    0x3c  Code  Gb  m_utils_bsg.o [1]
checkStopTrain           0x801'15e1    0x40  Code  Gb  task_get_gps.o [1]
checkStopTrain::cntr    0x2000'5a14     0x1  Data  Lc  task_get_gps.o [1]
circBufGnss             0x2000'5300    0x18  Data  Gb  task_get_gps.o [1]
circBufPckgGPS          0x2000'50ec    0x18  Data  Gb  main.o [1]
closeGnssJson            0x801'0e6d    0x1e  Code  Gb  m_utils_json.o [1]
copyGetDatafromBuf       0x800'd2e3    0x98  Code  Gb  circularBuffer.o [1]
copyStr                  0x800'a167    0x1a  Code  Gb  simcom.o [1]
crc8                     0x800'f211    0x2e  Code  Gb  utils_crc.o [1]
ddiv                     0x800'fef5    0xc8  Code  Lc  strto64.o [3]
deserializePckgGnss      0x800'fb25    0x2e  Code  Gb  utils_gps.o [1]
digits                   0x800'b40c    0x28  Data  Lc  iar_Stoulx.o [2]
digits                   0x800'f81c    0x28  Data  Lc  iar_Stoullx.o [2]
dmul                     0x800'fe29    0xca  Code  Lc  strto64.o [3]
ebuf                    0x2000'57b8    0x50  Data  Lc  xfiles.o [2]
exit                     0x801'1f87     0x4  Code  Gb  exit.o [2]
fclose                   0x801'1d59    0x7e  Code  Gb  fclose.o [2]
fflush                   0x801'1949    0x34  Code  Gb  fflush.o [2]
fflushOne                0x801'18d5    0x74  Code  Lc  fflush.o [2]
fillGprmc                0x800'f9c1    0xa4  Code  Gb  utils_gps.o [1]
fillTelemetry            0x800'd125    0x46  Code  Gb  m_utils_bsg.o [1]
flashClearPage           0x801'0c25    0x38  Code  Gb  utils_flash.o [1]
flashWrite               0x801'0c5d    0x7c  Code  Gb  utils_flash.o [1]
fputc                    0x801'1e03    0x54  Code  Gb  fputc.o [2]
free                     0x801'1d55     0x4  Code  Gb  heaptramp0.o [2]
fseek                    0x801'1bfb    0x24  Code  Gb  fseek.o [2]
getFlashData             0x800'cf77     0x4  Code  Gb  m_utils_bsg.o [1]
getGPSHandle            0x2000'5960     0x4  Data  Gb  freertos.o [1]
getLenMsgSimUart         0x800'd37b    0x50  Code  Gb  circularBuffer.o [1]
getLenMsgUblox           0x800'd3cb    0x4e  Code  Gb  circularBuffer.o [1]
getNewBinHandle         0x2000'596c     0x4  Data  Gb  freertos.o [1]
getReadyTxPages          0x801'1421    0x20  Code  Gb  task_http.o [1]
getServerTime            0x800'cfed    0xba  Code  Gb  m_utils_bsg.o [1]
gmtime                   0x800'f86d     0xa  Code  Gb  gmtime.o [2]
gnssInit                 0x800'a5fb    0x38  Code  Gb  simcom.o [1]
hdma_spi2_rx            0x2000'541c    0x60  Data  Gb  spi.o [1]
hdma_spi2_tx            0x2000'547c    0x60  Data  Gb  spi.o [1]
hdma_usart1_rx          0x2000'4fcc    0x60  Data  Gb  usart.o [1]
hdma_usart1_tx          0x2000'502c    0x60  Data  Gb  usart.o [1]
hdma_usart2_rx          0x2000'508c    0x60  Data  Gb  usart.o [1]
hexFirmware             0x2000'4870   0x3e8  Data  Gb  utils_flash.o [1]
hiwdg                   0x2000'59ec     0xc  Data  Gb  iwdg.o [1]
hrtc                    0x2000'5980    0x20  Data  Gb  rtc.o [1]
hspi2                   0x2000'5760    0x58  Data  Gb  spi.o [1]
htim1                   0x2000'5858    0x40  Data  Gb  stm32f4xx_hal_timebase_tim.o [1]
htim10                  0x2000'5898    0x40  Data  Gb  tim.o [1]
httpDeInit               0x800'a2e7    0x18  Code  Gb  simcom.o [1]
httpGet                  0x800'a335    0x5c  Code  Gb  simcom.o [1]
httpHandle              0x2000'5964     0x4  Data  Gb  freertos.o [1]
httpInit                 0x800'a1fb    0xde  Code  Gb  simcom.o [1]
httpPost                 0x800'a43d    0xc4  Code  Gb  simcom.o [1]
httpRead                 0x800'a391    0x9e  Code  Gb  simcom.o [1]
httpWriteCommand         0x800'a0b5    0xb2  Code  Gb  simcom.o [1]
huart1                  0x2000'3c08    0x40  Data  Gb  usart.o [1]
huart2                  0x2000'3c48    0x40  Data  Gb  usart.o [1]
isCrcOk                  0x800'd195    0x36  Code  Gb  m_utils_bsg.o [1]
isDataFromFlashOk        0x801'1465    0x3e  Code  Gb  task_http.o [1]
isJson                  0x2000'0010     0x1  Data  Gb  simcom.o [1]
isRxNewFirmware         0x2000'5318     0x1  Data  Gb  task_get_new_bin.o [1]
isalpha                  0x801'08ad    0x14  Code  Gb  isalpha.o [2]
isspace                  0x800'e28b    0x14  Code  Gb  isspace.o [2]
keepAliveHandle         0x2000'5968     0x4  Data  Gb  freertos.o [1]
ldexp                    0x800'98d9          Code  Gb  ldexp.o [3]
ldexpl                   0x800'98d9          Code  Gb  ldexp.o [3]
lmos                     0x800'fd0c    0x18  Data  Lc  xttotm.o [2]
lmos                     0x800'fd78    0x18  Data  Lc  xDaysTo.o [2]
localeconv               0x800'9231     0x4  Code  Gb  xlocale_c.o [2]
main                     0x800'abe5    0x58  Code  Gb  main.o [1]
makeFreeRtosPriority     0x800'ab05     0xc  Code  Lc  cmsis_os.o [1]
manageIWDGHandle        0x2000'5970     0x4  Data  Gb  freertos.o [1]
memchr                   0x800'9321          Code  Gb  memchr.o [4]
mktime                   0x800'f879    0xd0  Code  Gb  mktime.o [2]
mos                      0x800'fd24    0x18  Data  Lc  xttotm.o [2]
mos                      0x800'fd90    0x18  Data  Lc  xDaysTo.o [2]
mutexGPSBufHandle       0x2000'5974     0x4  Data  Gb  freertos.o [1]
mutexRTCHandle          0x2000'597c     0x4  Data  Gb  freertos.o [1]
mutexWebHandle          0x2000'5978     0x4  Data  Gb  freertos.o [1]
ndigs                    0x800'b434    0x28  Data  Lc  iar_Stoulx.o [2]
ndigs                    0x800'f844    0x28  Data  Lc  iar_Stoullx.o [2]
obuf                    0x2000'5808    0x50  Data  Lc  xfiles.o [2]
osDelay                  0x800'ab79     0xe  Code  Gb  cmsis_os.o [1]
osKernelStart            0x800'ab11     0xa  Code  Gb  cmsis_os.o [1]
osMutexCreate            0x800'ab87    0x12  Code  Gb  cmsis_os.o [1]
osThreadCreate           0x800'ab1b    0x5e  Code  Gb  cmsis_os.o [1]
pFlash                  0x2000'59a0    0x20  Data  Gb  stm32f4xx_hal_flash.o [1]
pckgGnss                0x2000'52cc    0x1c  Data  Lc  task_get_gps.o [1]
pckgGnss                0x2000'4fb0    0x1c  Data  Lc  task_http.o [1]
pckgJsonGnss            0x2000'2bf0  0x1004  Data  Gb  m_utils_json.o [1]
pckgUpdFirmwareToJson    0x801'0e8d    0x50  Code  Gb  m_utils_json.o [1]
pckgUpdFirmwareToJson::cnt
                        0x2000'56f6     0x2  Data  Lc  m_utils_json.o [1]
pows                     0x801'0360    0x48  Data  Lc  strto64.o [3]
printf                   0x800'aa91    0x28  Code  Gb  printf.o [2]
prvAddCurrentTaskToDelayedList
                         0x800'c5d5    0x5e  Code  Lc  tasks.o [1]
prvAddNewTaskToReadyList
                         0x800'bdfd    0xa8  Code  Lc  tasks.o [1]
prvCopyDataToQueue       0x800'ca61    0x68  Code  Lc  queue.o [1]
prvDeleteTCB             0x800'c38f    0x2e  Code  Lc  tasks.o [1]
prvIdleTask              0x800'c34d    0x42  Code  Lc  tasks.o [1]
prvInitialiseMutex       0x800'c777    0x12  Code  Lc  queue.o [1]
prvInitialiseNewQueue    0x800'c761    0x16  Code  Lc  queue.o [1]
prvInitialiseNewTask     0x800'bd83    0x7a  Code  Lc  tasks.o [1]
prvInsertBlockIntoFreeList
                         0x800'e429    0x46  Code  Lc  heap_4.o [1]
prvIsQueueEmpty          0x800'cb2d    0x16  Code  Lc  queue.o [1]
prvResetNextTaskUnblockTime
                         0x800'c3bd    0x1a  Code  Lc  tasks.o [1]
prvTaskExitError         0x800'e531    0x1c  Code  Lc  port.o [1]
prvTaskIsTaskSuspended   0x800'bf7d    0x2c  Code  Lc  tasks.o [1]
prvUnlockQueue           0x800'cac9    0x64  Code  Lc  queue.o [1]
putchar                  0x801'1fcd     0xc  Code  Gb  putchar.o [2]
pvPortMalloc             0x800'e2c5   0x102  Code  Gb  heap_4.o [1]
pvTaskIncrementMutexHeldCount
                         0x800'c59d    0x14  Code  Gb  tasks.o [1]
pxCurrentTCB            0x2000'5504     0x4  Data  Gb  tasks.o [1]
pxDelayedTaskList       0x2000'5508     0x4  Data  Lc  tasks.o [1]
pxEnd                   0x2000'04d0     0x4  Data  Lc  heap_4.o [1]
pxOverflowDelayedTaskList
                        0x2000'550c     0x4  Data  Lc  tasks.o [1]
pxPortInitialiseStack    0x800'e509    0x26  Code  Gb  port.o [1]
pxReadyTasksLists       0x2000'5578    0x8c  Data  Lc  tasks.o [1]
remove                   0x801'1def    0x14  Code  Gb  remove.o [5]
sFileInfo               0x2000'5604    0x80  Data  Lc  XShHandles.o [2]
scalbln                  0x800'98d9          Code  Gb  ldexp.o [3]
scalblnl                 0x800'98d9          Code  Gb  ldexp.o [3]
scalbn                   0x800'98d9          Code  Gb  ldexp.o [3]
scalbnl                  0x800'98d9          Code  Gb  ldexp.o [3]
scale                    0x800'8977    0x46  Code  Lc  xprintffull.o [2]
sec_hand                0x2000'5a0c     0x4  Data  Lc  xfail_s.o [2]
sendDataToServer         0x801'1355    0xcc  Code  Gb  task_http.o [1]
serializePckgGnss        0x800'faf5    0x30  Code  Gb  utils_gps.o [1]
setCoords                0x800'fa97    0x4c  Code  Gb  utils_gps.o [1]
setDate                  0x800'f983    0x3c  Code  Gb  utils_gps.o [1]
setDateTime              0x800'd0a7    0x4c  Code  Gb  m_utils_bsg.o [1]
setTM                    0x800'd0f9    0x2c  Code  Gb  m_utils_bsg.o [1]
setTM::curTime          0x2000'5908    0x2c  Data  Lc  m_utils_bsg.o [1]
setTime                  0x800'f949    0x3a  Code  Gb  utils_gps.o [1]
simBufCommand           0x2000'0014    0x64  Data  Lc  simcom.o [1]
simBufError             0x2000'0078    0x64  Data  Lc  simcom.o [1]
simCheckCSQ              0x800'a519    0x28  Code  Gb  simcom.o [1]
simExecCommand           0x800'a2ff    0x22  Code  Gb  simcom.o [1]
simGetDateTime           0x800'a181    0x38  Code  Gb  simcom.o [1]
simGetStatusAnsw         0x800'a04f    0x2e  Code  Gb  simcom.o [1]
simGetSzSoft             0x800'a541    0x46  Code  Gb  simcom.o [1]
simHttpInit              0x800'a1bd    0x3e  Code  Gb  simcom.o [1]
simInit                  0x800'9f7d    0xca  Code  Gb  simcom.o [1]
simOff                   0x800'a5d9    0x1a  Code  Gb  simcom.o [1]
simOn                    0x800'a587    0x42  Code  Gb  simcom.o [1]
simReset                 0x800'a5f9     0x2  Code  Gb  simcom.o [1]
simTxATCommand           0x800'a0a5    0x10  Code  Gb  simcom.o [1]
simWriteCommand          0x800'a07d    0x28  Code  Gb  simcom.o [1]
spiFlash64              0x2000'58d8    0x30  Data  Gb  spiflash.o [1]
spiFlashES               0x800'f381    0x58  Code  Gb  spiflash.o [1]
spiFlashInit             0x800'f241    0xac  Code  Gb  spiflash.o [1]
spiFlashRdPg             0x800'f54d    0x80  Code  Gb  spiflash.o [1]
spiFlashReadID           0x800'f2ed    0x32  Code  Gb  spiflash.o [1]
spiFlashRxData           0x800'f355     0xc  Code  Gb  spiflash.o [1]
spiFlashTxData           0x800'f335    0x1e  Code  Gb  spiflash.o [1]
spiFlashTxRxCmd          0x800'f31f    0x16  Code  Gb  spiflash.o [1]
spiFlashWaitReady        0x800'f3d9    0x46  Code  Gb  spiflash.o [1]
spiFlashWrEn             0x800'f42b    0x1e  Code  Gb  spiflash.o [1]
spiFlashWrPg             0x800'f45d    0xe6  Code  Gb  spiflash.o [1]
spiMemInfo              0x2000'59f8     0x8  Data  Gb  spi.o [1]
sprintf                  0x800'aefd    0x40  Code  Gb  sprintf.o [2]
strcat                   0x801'1235    0x1e  Code  Gb  strcat.o [2]
strchr                   0x800'923d          Code  Gb  strchr.o [4]
strcmp                   0x800'ab99          Code  Gb  strcmp.o [4]
strcspn                  0x800'bca7    0x22  Code  Gb  strcspn.o [2]
strlen                   0x800'92cd          Code  Gb  strlen.o [4]
strpbrk                  0x800'fdbb    0x22  Code  Gb  strpbrk.o [2]
strsep                   0x800'fa77    0x20  Code  Gb  utils_gps.o [1]
strspn                   0x800'bc85    0x22  Code  Gb  strspn.o [2]
strtok                   0x800'aab9    0x4c  Code  Gb  strtok.o [2]
strtok_r                 0x800'fde5    0x38  Code  Gb  strtok_r.o [2]
strtoul                  0x800'b405     0x2  Code  Gb  iar_Stoulx.o [2]
strtoull                 0x800'f815     0x2  Code  Gb  iar_Stoullx.o [2]
taskGetGPS               0x801'1509    0xd8  Code  Gb  task_get_gps.o [1]
taskGetNewBin            0x801'08c1   0x1cc  Code  Gb  task_get_new_bin.o [1]
taskHttp                 0x801'1255   0x100  Code  Gb  task_http.o [1]
taskManageIWDG           0x801'1f9d    0x18  Code  Gb  task_iwdg.o [1]
timestamp               0x2000'56f8     0x4  Data  Lc  m_utils_json.o [1]
tmpBufPage              0x2000'531c   0x100  Data  Lc  task_get_new_bin.o [1]
tmpBufPage              0x2000'4eb0   0x100  Data  Gb  task_http.o [1]
tmpDate                 0x2000'59c0     0x4  Data  Lc  m_utils_bsg.o [1]
tmpJsonGnss             0x2000'56fc    0x64  Data  Gb  m_utils_json.o [1]
tmpSimBuf               0x2000'00dc    0x64  Data  Lc  simcom.o [1]
tmpTime                 0x2000'59c4    0x14  Data  Lc  m_utils_bsg.o [1]
tolower                  0x800'e29f    0x14  Code  Gb  tolower.o [2]
uInfoGnss               0x2000'59d8    0x14  Data  Gb  usart.o [1]
uInfoSim                0x2000'3bf4    0x14  Data  Gb  usart.o [1]
uartClearInfo            0x800'b13f     0xc  Code  Gb  usart.o [1]
uartInitInfo             0x800'b0f9    0x3c  Code  Gb  usart.o [1]
uartRxDma                0x800'b135     0xa  Code  Gb  usart.o [1]
uartTx                   0x800'b14b    0x74  Code  Gb  usart.o [1]
ucHeap                  0x2000'04e0  0x2710  Data  Lc  heap_4.o [1]
ucMaxSysCallPriority    0x2000'0004     0x1  Data  Lc  port.o [1]
ulMaxPRIGROUPValue      0x2000'000c     0x4  Data  Lc  port.o [1]
urls                    0x2000'569c    0x10  Data  Gb  main.o [1]
urlsInit                 0x800'ada1    0x34  Code  Gb  main.o [1]
usart2BufRx             0x2000'3c88   0x1f4  Data  Lc  usart.o [1]
usartSimBufRx           0x2000'3e7c   0x5f4  Data  Lc  usart.o [1]
usartSimBufTx           0x2000'4470   0x400  Data  Lc  usart.o [1]
uwTick                  0x2000'0144     0x4  Data  Gb  stm32f4xx_hal.o [1]
uwTickFreq              0x2000'0140     0x1  Data  Gb  stm32f4xx_hal.o [1]
uwTickPrio              0x2000'0148     0x4  Data  Gb  stm32f4xx_hal.o [1]
uxCriticalNesting       0x2000'0008     0x4  Data  Lc  port.o [1]
uxCurrentNumberOfTasks  0x2000'5528     0x4  Data  Lc  tasks.o [1]
uxDeletedTasksWaitingCleanUp
                        0x2000'5510     0x4  Data  Lc  tasks.o [1]
uxListRemove             0x800'e4e1    0x26  Code  Gb  list.o [1]
uxPendedTicks           0x2000'5538     0x4  Data  Lc  tasks.o [1]
uxSchedulerSuspended    0x2000'554c     0x4  Data  Lc  tasks.o [1]
uxTaskNumber            0x2000'5544     0x4  Data  Lc  tasks.o [1]
uxTopReadyPriority      0x2000'5530     0x4  Data  Lc  tasks.o [1]
vApplicationGetIdleTaskMemory
                         0x800'd471    0x10  Code  Gb  freertos.o [1]
vListInitialise          0x800'e475    0x1a  Code  Gb  list.o [1]
vListInitialiseItem      0x800'e48f     0x6  Code  Gb  list.o [1]
vListInsert              0x800'e4af    0x32  Code  Gb  list.o [1]
vListInsertEnd           0x800'e495    0x1a  Code  Gb  list.o [1]
vPortEnableVFP           0x800'fc15          Code  Gb  portasm.o [1]
vPortEnterCritical       0x800'e5f1    0x32  Code  Gb  port.o [1]
vPortExitCritical        0x800'e623    0x22  Code  Gb  port.o [1]
vPortFree                0x800'e3d5    0x46  Code  Gb  heap_4.o [1]
vPortStartFirstTask      0x800'fbf5          Code  Gb  portasm.o [1]
vTaskDelay               0x800'bea5    0x2e  Code  Gb  tasks.o [1]
vTaskInternalSetTimeOutState
                         0x800'c2cd     0xe  Code  Gb  tasks.o [1]
vTaskMissedYield         0x800'c341     0xa  Code  Gb  tasks.o [1]
vTaskPlaceOnEventList    0x800'c233    0x26  Code  Gb  tasks.o [1]
vTaskPriorityDisinheritAfterTimeout
                         0x800'c507    0x88  Code  Gb  tasks.o [1]
vTaskResume              0x800'bfa9    0x46  Code  Gb  tasks.o [1]
vTaskStartScheduler      0x800'c015    0x54  Code  Gb  tasks.o [1]
vTaskSuspend             0x800'bed9    0x74  Code  Gb  tasks.o [1]
vTaskSuspendAll          0x800'c071     0xc  Code  Gb  tasks.o [1]
vTaskSwitchContext       0x800'c1e1    0x52  Code  Gb  tasks.o [1]
waitIdle                 0x800'ad6d    0x34  Code  Gb  main.o [1]
waitRx                   0x800'ad1f    0x34  Code  Gb  main.o [1]
waitTx                   0x800'aceb    0x34  Code  Gb  main.o [1]
writeSafeToCBuf          0x800'cfb7    0x34  Code  Gb  m_utils_bsg.o [1]
xBlockAllocatedBit      0x2000'04dc     0x4  Data  Lc  heap_4.o [1]
xDelayedTaskList1       0x2000'5550    0x14  Data  Lc  tasks.o [1]
xDelayedTaskList2       0x2000'5564    0x14  Data  Lc  tasks.o [1]
xFreeBytesRemaining     0x2000'04d4     0x4  Data  Lc  heap_4.o [1]
xIdleStack              0x2000'4cac   0x200  Data  Lc  freertos.o [1]
xIdleTaskTCBBuffer      0x2000'4c58    0x54  Data  Lc  freertos.o [1]
xMinimumEverFreeBytesRemaining
                        0x2000'04d8     0x4  Data  Lc  heap_4.o [1]
xNextTaskUnblockTime    0x2000'5548     0x4  Data  Lc  tasks.o [1]
xNumOfOverflows         0x2000'5540     0x4  Data  Lc  tasks.o [1]
xPendingReadyList       0x2000'54dc    0x14  Data  Lc  tasks.o [1]
xPortStartScheduler      0x800'e54d    0xa4  Code  Gb  port.o [1]
xQueueCreateMutex        0x800'c789    0x16  Code  Gb  queue.o [1]
xQueueCreateMutexStatic
                         0x800'c79f    0x1a  Code  Gb  queue.o [1]
xQueueGenericCreate      0x800'c723    0x3e  Code  Gb  queue.o [1]
xQueueGenericCreateStatic
                         0x800'c6c3    0x60  Code  Gb  queue.o [1]
xQueueGenericReset       0x800'c651    0x72  Code  Gb  queue.o [1]
xQueueGenericSend        0x800'c7b9   0x128  Code  Gb  queue.o [1]
xQueueSemaphoreTake      0x800'c8f3   0x128  Code  Gb  queue.o [1]
xSchedulerRunning       0x2000'5534     0x4  Data  Lc  tasks.o [1]
xStart                  0x2000'04c8     0x8  Data  Lc  heap_4.o [1]
xSuspendedTaskList      0x2000'5514    0x14  Data  Lc  tasks.o [1]
xTaskCheckForTimeOut     0x800'c2db    0x66  Code  Gb  tasks.o [1]
xTaskCreate              0x800'bd27    0x5c  Code  Gb  tasks.o [1]
xTaskCreateStatic        0x800'bcc9    0x5e  Code  Gb  tasks.o [1]
xTaskGetSchedulerState   0x800'c3d7    0x18  Code  Gb  tasks.o [1]
xTaskIncrementTick       0x800'c125    0xbc  Code  Gb  tasks.o [1]
xTaskPriorityDisinherit
                         0x800'c471    0x78  Code  Gb  tasks.o [1]
xTaskPriorityInherit     0x800'c3ef    0x7c  Code  Gb  tasks.o [1]
xTaskRemoveFromEventList
                         0x800'c271    0x52  Code  Gb  tasks.o [1]
xTaskResumeAll           0x800'c07d    0x98  Code  Gb  tasks.o [1]
xTasksWaitingTermination
                        0x2000'54f0    0x14  Data  Lc  tasks.o [1]
xTickCount              0x2000'552c     0x4  Data  Lc  tasks.o [1]
xYieldPending           0x2000'553c     0x4  Data  Lc  tasks.o [1]


[1] = C:\Users\annsi\workspace\motz\117_x\117_bsg\EWARM\117_bsg\Obj
[2] = dl7M_tlf.a
[3] = m7M_tls.a
[4] = rt7M_tl.a
[5] = shb_l.a

  41 062 bytes of readonly  code memory
     788 bytes of readonly  data memory
  24 597 bytes of readwrite data memory

Errors: none
Warnings: none
