###############################################################################
#
# IAR ELF Linker V8.40.1.212/W32 for ARM                  27/Oct/2021  14:21:37
# Copyright 2007-2019 IAR Systems AB.
#
#    Output file  =
#        C:\MyProjects\มสาÝ-117\117_bsg\EWARM\117_bsg\Exe\117_bsg.out
#    Map file     =
#        C:\MyProjects\มสาÝ-117\117_bsg\EWARM\117_bsg\List\117_bsg.map
#    Command line =
#        -f C:\Users\motz2666\AppData\Local\Temp\EW2A94.tmp
#        (C:\MyProjects\มสาÝ-117\117_bsg\EWARM\117_bsg\Obj\circularBuffer.o
#        C:\MyProjects\มสาÝ-117\117_bsg\EWARM\117_bsg\Obj\cmsis_os.o
#        C:\MyProjects\มสาÝ-117\117_bsg\EWARM\117_bsg\Obj\crc.o
#        C:\MyProjects\มสาÝ-117\117_bsg\EWARM\117_bsg\Obj\croutine.o
#        C:\MyProjects\มสาÝ-117\117_bsg\EWARM\117_bsg\Obj\dma.o
#        C:\MyProjects\มสาÝ-117\117_bsg\EWARM\117_bsg\Obj\event_groups.o
#        C:\MyProjects\มสาÝ-117\117_bsg\EWARM\117_bsg\Obj\freertos.o
#        C:\MyProjects\มสาÝ-117\117_bsg\EWARM\117_bsg\Obj\gpio.o
#        C:\MyProjects\มสาÝ-117\117_bsg\EWARM\117_bsg\Obj\heap_4.o
#        C:\MyProjects\มสาÝ-117\117_bsg\EWARM\117_bsg\Obj\iwdg.o
#        C:\MyProjects\มสาÝ-117\117_bsg\EWARM\117_bsg\Obj\list.o
#        C:\MyProjects\มสาÝ-117\117_bsg\EWARM\117_bsg\Obj\m_utils_bsg.o
#        C:\MyProjects\มสาÝ-117\117_bsg\EWARM\117_bsg\Obj\main.o
#        C:\MyProjects\มสาÝ-117\117_bsg\EWARM\117_bsg\Obj\port.o
#        C:\MyProjects\มสาÝ-117\117_bsg\EWARM\117_bsg\Obj\portasm.o
#        C:\MyProjects\มสาÝ-117\117_bsg\EWARM\117_bsg\Obj\queue.o
#        C:\MyProjects\มสาÝ-117\117_bsg\EWARM\117_bsg\Obj\rtc.o
#        C:\MyProjects\มสาÝ-117\117_bsg\EWARM\117_bsg\Obj\simcom.o
#        C:\MyProjects\มสาÝ-117\117_bsg\EWARM\117_bsg\Obj\spi.o
#        C:\MyProjects\มสาÝ-117\117_bsg\EWARM\117_bsg\Obj\spiflash.o
#        C:\MyProjects\มสาÝ-117\117_bsg\EWARM\117_bsg\Obj\startup_stm32f401xe.o
#        C:\MyProjects\มสาÝ-117\117_bsg\EWARM\117_bsg\Obj\stm32f4xx_hal.o
#        C:\MyProjects\มสาÝ-117\117_bsg\EWARM\117_bsg\Obj\stm32f4xx_hal_cortex.o
#        C:\MyProjects\มสาÝ-117\117_bsg\EWARM\117_bsg\Obj\stm32f4xx_hal_crc.o
#        C:\MyProjects\มสาÝ-117\117_bsg\EWARM\117_bsg\Obj\stm32f4xx_hal_dma.o
#        C:\MyProjects\มสาÝ-117\117_bsg\EWARM\117_bsg\Obj\stm32f4xx_hal_dma_ex.o
#        C:\MyProjects\มสาÝ-117\117_bsg\EWARM\117_bsg\Obj\stm32f4xx_hal_exti.o
#        C:\MyProjects\มสาÝ-117\117_bsg\EWARM\117_bsg\Obj\stm32f4xx_hal_flash.o
#        C:\MyProjects\มสาÝ-117\117_bsg\EWARM\117_bsg\Obj\stm32f4xx_hal_flash_ex.o
#        C:\MyProjects\มสาÝ-117\117_bsg\EWARM\117_bsg\Obj\stm32f4xx_hal_flash_ramfunc.o
#        C:\MyProjects\มสาÝ-117\117_bsg\EWARM\117_bsg\Obj\stm32f4xx_hal_gpio.o
#        C:\MyProjects\มสาÝ-117\117_bsg\EWARM\117_bsg\Obj\stm32f4xx_hal_iwdg.o
#        C:\MyProjects\มสาÝ-117\117_bsg\EWARM\117_bsg\Obj\stm32f4xx_hal_msp.o
#        C:\MyProjects\มสาÝ-117\117_bsg\EWARM\117_bsg\Obj\stm32f4xx_hal_pwr.o
#        C:\MyProjects\มสาÝ-117\117_bsg\EWARM\117_bsg\Obj\stm32f4xx_hal_pwr_ex.o
#        C:\MyProjects\มสาÝ-117\117_bsg\EWARM\117_bsg\Obj\stm32f4xx_hal_rcc.o
#        C:\MyProjects\มสาÝ-117\117_bsg\EWARM\117_bsg\Obj\stm32f4xx_hal_rcc_ex.o
#        C:\MyProjects\มสาÝ-117\117_bsg\EWARM\117_bsg\Obj\stm32f4xx_hal_rtc.o
#        C:\MyProjects\มสาÝ-117\117_bsg\EWARM\117_bsg\Obj\stm32f4xx_hal_rtc_ex.o
#        C:\MyProjects\มสาÝ-117\117_bsg\EWARM\117_bsg\Obj\stm32f4xx_hal_spi.o
#        C:\MyProjects\มสาÝ-117\117_bsg\EWARM\117_bsg\Obj\stm32f4xx_hal_tim.o
#        C:\MyProjects\มสาÝ-117\117_bsg\EWARM\117_bsg\Obj\stm32f4xx_hal_tim_ex.o
#        C:\MyProjects\มสาÝ-117\117_bsg\EWARM\117_bsg\Obj\stm32f4xx_hal_timebase_tim.o
#        C:\MyProjects\มสาÝ-117\117_bsg\EWARM\117_bsg\Obj\stm32f4xx_hal_uart.o
#        C:\MyProjects\มสาÝ-117\117_bsg\EWARM\117_bsg\Obj\stm32f4xx_it.o
#        C:\MyProjects\มสาÝ-117\117_bsg\EWARM\117_bsg\Obj\stream_buffer.o
#        C:\MyProjects\มสาÝ-117\117_bsg\EWARM\117_bsg\Obj\system_stm32f4xx.o
#        C:\MyProjects\มสาÝ-117\117_bsg\EWARM\117_bsg\Obj\task_create_webpckg.o
#        C:\MyProjects\มสาÝ-117\117_bsg\EWARM\117_bsg\Obj\task_get_gps.o
#        C:\MyProjects\มสาÝ-117\117_bsg\EWARM\117_bsg\Obj\task_get_new_bin.o
#        C:\MyProjects\มสาÝ-117\117_bsg\EWARM\117_bsg\Obj\task_get_train_data.o
#        C:\MyProjects\มสาÝ-117\117_bsg\EWARM\117_bsg\Obj\task_iwdg.o
#        C:\MyProjects\มสาÝ-117\117_bsg\EWARM\117_bsg\Obj\task_keep_alive.o
#        C:\MyProjects\มสาÝ-117\117_bsg\EWARM\117_bsg\Obj\task_web_excahnge.o
#        C:\MyProjects\มสาÝ-117\117_bsg\EWARM\117_bsg\Obj\tasks.o
#        C:\MyProjects\มสาÝ-117\117_bsg\EWARM\117_bsg\Obj\tim.o
#        C:\MyProjects\มสาÝ-117\117_bsg\EWARM\117_bsg\Obj\timers.o
#        C:\MyProjects\มสาÝ-117\117_bsg\EWARM\117_bsg\Obj\usart.o
#        C:\MyProjects\มสาÝ-117\117_bsg\EWARM\117_bsg\Obj\utils_crc.o
#        C:\MyProjects\มสาÝ-117\117_bsg\EWARM\117_bsg\Obj\utils_flash.o
#        C:\MyProjects\มสาÝ-117\117_bsg\EWARM\117_bsg\Obj\utils_gps.o
#        C:\MyProjects\มสาÝ-117\117_bsg\EWARM\117_bsg\Obj\utils_pckgs_manager.o
#        --redirect _Printf=_PrintfFull --redirect _Scanf=_ScanfFull
#        --no_out_extension -o
#        C:\MyProjects\มสาÝ-117\117_bsg\EWARM\117_bsg\Exe\117_bsg.out --map
#        C:\MyProjects\มสาÝ-117\117_bsg\EWARM\117_bsg\List\117_bsg.map
#        --config
#        C:\MyProjects\มสาÝ-117\117_bsg\EWARM/stm32f401xe_flash.icf
#        --semihosting --entry __iar_program_start --redirect
#        __iar_sh_stdout=__iar_sh_stdout_swo --vfe --text_out locale)
#
###############################################################################

*******************************************************************************
*** RUNTIME MODEL ATTRIBUTES
***

CppFlavor       = *
__Heap_Handler  = Basic
__SystemLibrary = DLib
__dlib_version  = 6


*******************************************************************************
*** HEAP SELECTION
***

The basic heap was selected because no calls to memory allocation
functions were found in the application outside of system library
functions, and there are calls to deallocation functions in the
application.


*******************************************************************************
*** PLACEMENT SUMMARY
***

"A0":  place at address 0x800'c000 { ro section .intvec };
"P1":  place in [from 0x800'c000 to 0x807'ffff] { ro };
define block CSTACK with size = 1K, alignment = 8 { };
define block HEAP with size = 512, alignment = 8 { };
"P2":  place in [from 0x2000'0000 to 0x2001'7fff] {
          rw, block CSTACK, block HEAP };
initialize by copy { rw };

  Section            Kind         Address      Size  Object
  -------            ----         -------      ----  ------
"A0":                                         0x194
  .intvec            ro code   0x800'c000     0x194  startup_stm32f401xe.o [1]
                             - 0x800'c194     0x194

"P1":                                      0x1'07c3
  .text              ro code   0x800'c194    0x10c6  xprintffull.o [2]
  .text              ro code   0x800'd25a      0x3a  zero_init3.o [4]
  .text              ro code   0x800'd294      0xb8  xlocale_c.o [2]
  .text              ro code   0x800'd34c      0x16  strchr.o [4]
  .text              ro code   0x800'd362      0x1e  xencoding_8859_1.o [2]
  .text              ro code   0x800'd380      0x40  xfail_s.o [2]
  .text              ro code   0x800'd3c0      0x36  strlen.o [4]
  .text              ro code   0x800'd3f6       0xa  xsprout.o [2]
  .text              ro code   0x800'd400      0x58  memchr.o [4]
  .text              ro code   0x800'd458      0xa6  ABImemcpy.o [4]
  .rodata            const     0x800'd4fe       0x2  spiflash.o [1]
  .text              ro code   0x800'd500      0x70  frexp.o [3]
  .text              ro code   0x800'd570      0x2e  DblCmpLe.o [3]
  .rodata            const     0x800'd59e       0x2  xlocale_c.o [2]
  .text              ro code   0x800'd5a0      0x2e  DblCmpGe.o [3]
  .rodata            const     0x800'd5ce       0x2  xlocale_c.o [2]
  .text              ro code   0x800'd5d0     0x13a  ldexp.o [3]
  .rodata            const     0x800'd70a       0x1  xlocale_c.o [2]
  .text              ro code   0x800'd70c      0x3a  DblToS32.o [3]
  .text              ro code   0x800'd748      0x22  S32ToDbl.o [3]
  .text              ro code   0x800'd76c      0xe2  DblSub.o [3]
  .text              ro code   0x800'd850     0x246  DblDiv.o [3]
  .text              ro code   0x800'da98      0x28  DblToU32.o [3]
  .text              ro code   0x800'dac0      0x1a  U32ToDbl.o [3]
  .text              ro code   0x800'dadc     0x1a2  DblMul.o [3]
  .text              ro code   0x800'dc7e       0xa  xmbcurmax.o [2]
  .text              ro code   0x800'dc88     0x274  I64DivMod.o [4]
  .text              ro code   0x800'defc       0x6  abort.o [2]
  .text              ro code   0x800'df04     0x17a  DblAdd.o [3]
  .text              ro code   0x800'e080       0x2  I64DivZer.o [4]
  .text              ro code   0x800'e084      0x14  exit.o [5]
  .text              ro code   0x800'e098     0xe1c  simcom.o [1]
  .text              ro code   0x800'eeb4      0x4c  strtok.o [2]
  .text              ro code   0x800'ef00       0xc  stm32f4xx_hal.o [1]
  .text              ro code   0x800'ef0c      0x28  printf.o [2]
  .text              ro code   0x800'ef34      0x12  strcmp.o [4]
  .text              ro code   0x800'ef48     0x408  cmsis_os.o [1]
  .text              ro code   0x800'f350     0x138  stm32f4xx_hal_cortex.o [1]
  .text              ro code   0x800'f488     0x402  main.o [1]
  .text              ro code   0x800'f88c     0x778  usart.o [1]
  .text              ro code   0x801'0004      0x66  ABImemset.o [4]
  .text              ro code   0x801'006c      0x40  sprintf.o [2]
  .text              ro code   0x801'00ac     0x14c  iar_Stoulx.o [2]
  .text              ro code   0x801'01f8     0x238  stm32f4xx_hal_gpio.o [1]
  .text              ro code   0x801'0430     0x1b2  iar_Stoullx.o [2]
  .text              ro code   0x801'05e4     0x774  m_utils_bsg.o [1]
  .text              ro code   0x801'0d58     0xcc0  stm32f4xx_hal_uart.o [1]
  .text              ro code   0x801'1a18      0x22  strspn.o [2]
  .text              ro code   0x801'1a3a      0x22  strcspn.o [2]
  .text              ro code   0x801'1a5c     0xd8c  tasks.o [1]
  .text              ro code   0x801'27e8     0xaf0  queue.o [1]
  .text              ro code   0x801'32d8      0x34  stm32f4xx_hal.o [1]
  .text              ro code   0x801'330c      0xf4  gpio.o [1]
  .text              ro code   0x801'3400      0xa8  dma.o [1]
  .text              ro code   0x801'34a8     0x1a0  spi.o [1]
  .text              ro code   0x801'3648      0x28  iwdg.o [1]
  .text              ro code   0x801'3670      0x4c  rtc.o [1]
  .text              ro code   0x801'36bc      0x70  tim.o [1]
  .text              ro code   0x801'372c      0x48  crc.o [1]
  .text              ro code   0x801'3774     0x366  circularBuffer.o [1]
  .text              ro code   0x801'3adc     0x1bc  freertos.o [1]
  .text              ro code   0x801'3c98     0x3dc  stm32f4xx_hal_rcc.o [1]
  .text              ro code   0x801'4074     0x25c  stm32f4xx_hal_rcc.o [1]
  .text              ro code   0x801'42d0     0x174  stm32f4xx_hal_rcc_ex.o [1]
  .text              ro code   0x801'4444      0x18  stm32f4xx_hal.o [1]
  .text              ro code   0x801'445c     0x4a8  stm32f4xx_hal_dma.o [1]
  .text              ro code   0x801'4904      0x14  isspace.o [2]
  .text              ro code   0x801'4918      0x14  tolower.o [2]
  .text              ro code   0x801'492c     0x442  stm32f4xx_hal_rtc.o [1]
  .text              ro code   0x801'4d70      0xd0  mktime.o [2]
  .text              ro code   0x801'4e40     0x4c4  utils_pckgs_manager.o [1]
  .text              ro code   0x801'5304       0xa  gmtime.o [2]
  .text              ro code   0x801'5310      0x90  utils_crc.o [1]
  .text              ro code   0x801'53a0     0x9f8  spiflash.o [1]
  .text              ro code   0x801'5d98       0x2  stm32f4xx_hal_uart.o [1]
  .text              ro code   0x801'5d9c     0x274  heap_4.o [1]
  .text              ro code   0x801'6010      0x9a  list.o [1]
  .text              ro code   0x801'60ac     0x25c  port.o [1]
  .text              ro code   0x801'6308      0x98  stm32f4xx_hal_timebase_tim.o [1]
  .text              ro code   0x801'63a0      0x48  stm32f4xx_hal_msp.o [1]
  .text              ro code   0x801'63e8     0x898  stm32f4xx_hal_spi.o [1]
  .text              ro code   0x801'6c80      0x5e  stm32f4xx_hal_iwdg.o [1]
  .text              ro code   0x801'6ce0     0x278  stm32f4xx_hal_tim.o [1]
  .text              ro code   0x801'6f58      0x24  stm32f4xx_hal_crc.o [1]
  .text              ro code   0x801'6f7c      0x6c  xDaysTo.o [2]
  .text              ro code   0x801'6fe8     0x10c  xttotm.o [2]
  .text              ro code   0x801'70f4       0x4  xTzoff_nop.o [2]
  CODE               ro code   0x801'70f8      0xb0  portasm.o [1]
  .text              ro code   0x801'71a8       0x2  stm32f4xx_hal_spi.o [1]
  .text              ro code   0x801'71aa       0x2  stm32f4xx_hal_spi.o [1]
  .text              ro code   0x801'71ac       0x2  stm32f4xx_hal_spi.o [1]
  .text              ro code   0x801'71ae       0x2  stm32f4xx_hal_spi.o [1]
  .text              ro code   0x801'71b0       0x2  stm32f4xx_hal_tim.o [1]
  .text              ro code   0x801'71b2       0x2  stm32f4xx_hal_tim.o [1]
  .text              ro code   0x801'71b4       0x2  stm32f4xx_hal_tim.o [1]
  .text              ro code   0x801'71b6       0x2  stm32f4xx_hal_tim_ex.o [1]
  .text              ro code   0x801'71b8       0x2  stm32f4xx_hal_tim.o [1]
  .text              ro code   0x801'71ba       0x2  stm32f4xx_hal_tim_ex.o [1]
  .text              ro code   0x801'71bc       0x6  xisdst_nop.o [2]
  .text              ro code   0x801'71c4     0xb38  task_get_new_bin.o [1]
  .text              ro code   0x801'7cfc      0x64  stm32f4xx_hal_flash_ex.o [1]
  .text              ro code   0x801'7d60     0x21c  utils_flash.o [1]
  .text              ro code   0x801'7f7c     0xab4  task_get_train_data.o [1]
  .text              ro code   0x801'8a30     0x5d4  task_keep_alive.o [1]
  .text              ro code   0x801'9004     0x22c  stm32f4xx_hal_flash.o [1]
  .text              ro code   0x801'9230      0x28  stm32f4xx_hal.o [1]
  .text              ro code   0x801'9258     0x4f8  strto64.o [3]
  .text              ro code   0x801'9750     0x122  iar_Stopfx.o [2]
  .text              ro code   0x801'9874     0x1b8  iar_Stoflt.o [2]
  .text              ro code   0x801'9a2c     0x208  iar_Stoxflt.o [2]
  .text              ro code   0x801'9c34      0x14  isalpha.o [2]
  .text              ro code   0x801'9c48     0x3cc  task_create_webpckg.o [1]
  .text              ro code   0x801'a014     0x2d4  task_get_gps.o [1]
  .text              ro code   0x801'a2e8     0x282  utils_gps.o [1]
  .text              ro code   0x801'a56c       0xe  math_wrappers64.o [3]
  .text              ro code   0x801'a57a      0x24  strpbrk.o [2]
  .text              ro code   0x801'a5a0      0x39  strtok_r.o [2]
  .text              ro code   0x801'a5dc     0x154  stm32f4xx_it.o [1]
  .text              ro code   0x801'a730     0x140  task_web_excahnge.o [1]
  .text              ro code   0x801'a870     0x138  heap0.o [2]
  .text              ro code   0x801'a9a8      0x2c  xgetmemchunk.o [2]
  .text              ro code   0x801'a9d4      0xd8  xfspos.o [2]
  .text              ro code   0x801'aaac      0xac  fflush.o [2]
  .text              ro code   0x801'ab58       0xc  xfgpos.o [2]
  .text              ro code   0x801'ab64      0x4a  lseek.o [5]
  .text              ro code   0x801'abae      0x10  write.o [5]
  .text              ro code   0x801'abc0      0xcc  XShHandles.o [2]
  .text              ro code   0x801'ac8c      0x1e  dwrite.o [5]
  .text              ro code   0x801'acac      0x50  iarwstdswo.o [5]
  .text              ro code   0x801'acfc      0x22  iarwrite.o [5]
  .text              ro code   0x801'ad1e      0xb4  xfwprep.o [2]
  .text              ro code   0x801'add2      0x24  fseek.o [2]
  .text              ro code   0x801'adf8      0x9c  xfofind.o [2]
  .text              ro code   0x801'ae94       0x4  heaptramp0.o [2]
  .text              ro code   0x801'ae98      0x94  task_iwdg.o [1]
  .text              ro code   0x801'af2c      0x7e  fclose.o [2]
  .text              ro code   0x801'afaa      0x18  close.o [5]
  .text              ro code   0x801'afc2      0x14  remove.o [5]
  .text              ro code   0x801'afd6      0x78  lz77_init_single.o [4]
  .text              ro code   0x801'b04e      0x54  fputc.o [2]
  .rodata            const     0x801'b0a4      0x50  iar_Stoulx.o [2]
  .rodata            const     0x801'b0f4      0x50  iar_Stoullx.o [2]
  .rodata            const     0x801'b148      0x48  strto64.o [3]
  .text              ro code   0x801'b190      0x3c  xcloseall.o [2]
  .rodata            const     0x801'b1cc      0x34  task_get_new_bin.o [1]
  .rodata            const     0x801'b200      0x30  task_get_new_bin.o [1]
  .rodata            const     0x801'b230      0x30  task_get_new_bin.o [1]
  .rodata            const     0x801'b260      0x30  task_get_train_data.o [1]
  .rodata            const     0x801'b290      0x2c  simcom.o [1]
  .rodata            const     0x801'b2bc      0x2c  task_get_new_bin.o [1]
  .rodata            const     0x801'b2e8      0x28  m_utils_bsg.o [1]
  .rodata            const     0x801'b310      0x28  usart.o [1]
  .rodata            const     0x801'b338      0x28  usart.o [1]
  .rodata            const     0x801'b360      0x28  usart.o [1]
  .text              ro code   0x801'b388      0x28  data_init.o [4]
  .rodata            const     0x801'b3b0      0x24  simcom.o [1]
  .rodata            const     0x801'b3d4      0x24  task_get_train_data.o [1]
  .rodata            const     0x801'b3f8      0x24  task_get_train_data.o [1]
  .text              ro code   0x801'b41c      0x22  fpinit_M.o [3]
  .iar.init_table    const     0x801'b440      0x20  - Linker created -
  .rodata            const     0x801'b460      0x20  simcom.o [1]
  .rodata            const     0x801'b480      0x20  simcom.o [1]
  .rodata            const     0x801'b4a0      0x20  spiflash.o [1]
  .rodata            const     0x801'b4c0      0x20  spiflash.o [1]
  .rodata            const     0x801'b4e0      0x20  task_get_new_bin.o [1]
  .rodata            const     0x801'b500      0x20  task_get_train_data.o [1]
  .text              ro code   0x801'b520      0x20  system_stm32f4xx.o [1]
  .text              ro code   0x801'b540      0x1e  cmain.o [4]
  .text              ro code   0x801'b55e       0x4  low_level_init.o [2]
  .text              ro code   0x801'b562       0x4  exit.o [2]
  .text              ro code   0x801'b568       0xe  cexit.o [4]
  .rodata            const     0x801'b578      0x1c  freertos.o [1]
  .rodata            const     0x801'b594      0x1c  freertos.o [1]
  .rodata            const     0x801'b5b0      0x1c  freertos.o [1]
  .rodata            const     0x801'b5cc      0x1c  freertos.o [1]
  .rodata            const     0x801'b5e8      0x1c  freertos.o [1]
  .rodata            const     0x801'b604      0x1c  freertos.o [1]
  .rodata            const     0x801'b620      0x1c  freertos.o [1]
  .rodata            const     0x801'b63c      0x1c  m_utils_bsg.o [1]
  .rodata            const     0x801'b658      0x1c  m_utils_bsg.o [1]
  .rodata            const     0x801'b674      0x1c  simcom.o [1]
  .rodata            const     0x801'b690      0x1c  spiflash.o [1]
  .rodata            const     0x801'b6ac      0x1c  spiflash.o [1]
  .rodata            const     0x801'b6c8      0x1c  task_create_webpckg.o [1]
  .rodata            const     0x801'b6e4      0x1c  task_get_gps.o [1]
  .rodata            const     0x801'b700      0x1c  task_get_new_bin.o [1]
  .rodata            const     0x801'b71c      0x1c  task_get_train_data.o [1]
  .rodata            const     0x801'b738      0x1c  task_get_train_data.o [1]
  .rodata            const     0x801'b754      0x1c  task_get_train_data.o [1]
  .rodata            const     0x801'b770      0x1c  task_web_excahnge.o [1]
  .rodata            const     0x801'b78c      0x18  m_utils_bsg.o [1]
  .rodata            const     0x801'b7a4      0x18  m_utils_bsg.o [1]
  .rodata            const     0x801'b7bc      0x18  m_utils_bsg.o [1]
  .rodata            const     0x801'b7d4      0x18  m_utils_bsg.o [1]
  .rodata            const     0x801'b7ec      0x18  simcom.o [1]
  .rodata            const     0x801'b804      0x18  spiflash.o [1]
  .rodata            const     0x801'b81c      0x18  spiflash.o [1]
  .rodata            const     0x801'b834      0x18  task_get_new_bin.o [1]
  .rodata            const     0x801'b84c      0x18  task_get_new_bin.o [1]
  .rodata            const     0x801'b864      0x18  task_get_new_bin.o [1]
  .rodata            const     0x801'b87c      0x18  task_get_new_bin.o [1]
  .rodata            const     0x801'b894      0x18  task_get_new_bin.o [1]
  .rodata            const     0x801'b8ac      0x18  task_get_new_bin.o [1]
  .rodata            const     0x801'b8c4      0x18  task_get_new_bin.o [1]
  .rodata            const     0x801'b8dc      0x18  task_get_new_bin.o [1]
  .rodata            const     0x801'b8f4      0x18  task_get_train_data.o [1]
  .rodata            const     0x801'b90c      0x18  task_get_train_data.o [1]
  .rodata            const     0x801'b924      0x18  task_get_train_data.o [1]
  .rodata            const     0x801'b93c      0x18  utils_flash.o [1]
  .rodata            const     0x801'b954      0x18  utils_flash.o [1]
  .text              ro code   0x801'b96c      0x16  xprout.o [2]
  .text              ro code   0x801'b984       0xc  putchar.o [2]
  .rodata            const     0x801'b990      0x14  m_utils_bsg.o [1]
  .rodata            const     0x801'b9a4      0x14  main.o [1]
  .rodata            const     0x801'b9b8      0x14  main.o [1]
  .rodata            const     0x801'b9cc      0x14  simcom.o [1]
  .rodata            const     0x801'b9e0      0x14  simcom.o [1]
  .rodata            const     0x801'b9f4      0x14  simcom.o [1]
  .rodata            const     0x801'ba08      0x14  simcom.o [1]
  .rodata            const     0x801'ba1c      0x14  simcom.o [1]
  .rodata            const     0x801'ba30      0x14  simcom.o [1]
  .rodata            const     0x801'ba44      0x14  simcom.o [1]
  .rodata            const     0x801'ba58      0x14  simcom.o [1]
  .rodata            const     0x801'ba6c      0x14  simcom.o [1]
  .rodata            const     0x801'ba80      0x14  simcom.o [1]
  .rodata            const     0x801'ba94      0x14  spiflash.o [1]
  .rodata            const     0x801'baa8      0x14  spiflash.o [1]
  .rodata            const     0x801'babc      0x14  task_create_webpckg.o [1]
  .rodata            const     0x801'bad0      0x14  task_get_new_bin.o [1]
  .rodata            const     0x801'bae4      0x14  task_get_new_bin.o [1]
  .rodata            const     0x801'baf8      0x14  task_get_new_bin.o [1]
  .rodata            const     0x801'bb0c      0x14  task_get_new_bin.o [1]
  .rodata            const     0x801'bb20      0x14  task_get_train_data.o [1]
  .rodata            const     0x801'bb34      0x14  task_get_train_data.o [1]
  .rodata            const     0x801'bb48      0x14  task_get_train_data.o [1]
  .rodata            const     0x801'bb5c      0x14  task_get_train_data.o [1]
  .rodata            const     0x801'bb70      0x14  task_keep_alive.o [1]
  .rodata            const     0x801'bb84      0x14  task_keep_alive.o [1]
  .rodata            const     0x801'bb98      0x14  task_keep_alive.o [1]
  .rodata            const     0x801'bbac      0x14  task_keep_alive.o [1]
  .rodata            const     0x801'bbc0      0x14  utils_flash.o [1]
  .rodata            const     0x801'bbd4      0x14  utils_pckgs_manager.o [1]
  .rodata            const     0x801'bbe8      0x10  freertos.o [1]
  .rodata            const     0x801'bbf8      0x10  freertos.o [1]
  .rodata            const     0x801'bc08      0x10  freertos.o [1]
  .rodata            const     0x801'bc18      0x10  m_utils_bsg.o [1]
  .rodata            const     0x801'bc28      0x10  main.o [1]
  .rodata            const     0x801'bc38      0x10  main.o [1]
  .rodata            const     0x801'bc48      0x10  simcom.o [1]
  .rodata            const     0x801'bc58      0x10  simcom.o [1]
  .rodata            const     0x801'bc68      0x10  simcom.o [1]
  .rodata            const     0x801'bc78      0x10  simcom.o [1]
  .rodata            const     0x801'bc88      0x10  simcom.o [1]
  .rodata            const     0x801'bc98      0x10  simcom.o [1]
  .rodata            const     0x801'bca8      0x10  simcom.o [1]
  .rodata            const     0x801'bcb8      0x10  simcom.o [1]
  .rodata            const     0x801'bcc8      0x10  simcom.o [1]
  .rodata            const     0x801'bcd8      0x10  simcom.o [1]
  .rodata            const     0x801'bce8      0x10  simcom.o [1]
  .rodata            const     0x801'bcf8      0x10  spiflash.o [1]
  .rodata            const     0x801'bd08      0x10  system_stm32f4xx.o [1]
  .rodata            const     0x801'bd18      0x10  task_get_gps.o [1]
  .rodata            const     0x801'bd28      0x10  task_get_new_bin.o [1]
  .rodata            const     0x801'bd38      0x10  task_get_new_bin.o [1]
  .rodata            const     0x801'bd48      0x10  task_get_new_bin.o [1]
  .rodata            const     0x801'bd58      0x10  task_get_new_bin.o [1]
  .rodata            const     0x801'bd68      0x10  task_get_train_data.o [1]
  .rodata            const     0x801'bd78      0x10  task_keep_alive.o [1]
  .rodata            const     0x801'bd88      0x10  utils_flash.o [1]
  .rodata            const     0x801'bd98      0x10  utils_pckgs_manager.o [1]
  .rodata            const     0x801'bda8      0x10  utils_pckgs_manager.o [1]
  .rodata            const     0x801'bdb8      0x10  utils_pckgs_manager.o [1]
  .text              ro code   0x801'bdc8      0x10  startup_stm32f401xe.o [1]
  .rodata            const     0x801'bdd8       0xc  freertos.o [1]
  .rodata            const     0x801'bde4       0xc  freertos.o [1]
  .rodata            const     0x801'bdf0       0xc  freertos.o [1]
  .rodata            const     0x801'bdfc       0xc  freertos.o [1]
  .rodata            const     0x801'be08       0xc  m_utils_bsg.o [1]
  .rodata            const     0x801'be14       0xc  main.o [1]
  .rodata            const     0x801'be20       0xc  simcom.o [1]
  .rodata            const     0x801'be2c       0xc  simcom.o [1]
  .rodata            const     0x801'be38       0xc  simcom.o [1]
  .rodata            const     0x801'be44       0xc  simcom.o [1]
  .rodata            const     0x801'be50       0xc  simcom.o [1]
  .rodata            const     0x801'be5c       0xc  simcom.o [1]
  .rodata            const     0x801'be68       0xc  simcom.o [1]
  .rodata            const     0x801'be74       0xc  simcom.o [1]
  .rodata            const     0x801'be80       0xc  simcom.o [1]
  .rodata            const     0x801'be8c       0xc  simcom.o [1]
  .rodata            const     0x801'be98       0xc  spiflash.o [1]
  .rodata            const     0x801'bea4       0xc  task_create_webpckg.o [1]
  .rodata            const     0x801'beb0       0xc  task_get_gps.o [1]
  .rodata            const     0x801'bebc       0xc  task_get_new_bin.o [1]
  .rodata            const     0x801'bec8       0xc  task_get_train_data.o [1]
  .rodata            const     0x801'bed4       0xc  task_keep_alive.o [1]
  .rodata            const     0x801'bee0       0xc  task_keep_alive.o [1]
  .rodata            const     0x801'beec       0xc  task_web_excahnge.o [1]
  .rodata            const     0x801'bef8       0xc  usart.o [1]
  .rodata            const     0x801'bf04       0xc  utils_flash.o [1]
  .rodata            const     0x801'bf10       0xc  utils_pckgs_manager.o [1]
  .text              ro code   0x801'bf1c       0xc  cstartup_M.o [4]
  .rodata            const     0x801'bf28       0x8  freertos.o [1]
  .rodata            const     0x801'bf30       0x8  freertos.o [1]
  .rodata            const     0x801'bf38       0x8  freertos.o [1]
  .rodata            const     0x801'bf40       0x8  freertos.o [1]
  .rodata            const     0x801'bf48       0x8  freertos.o [1]
  .rodata            const     0x801'bf50       0x8  freertos.o [1]
  .rodata            const     0x801'bf58       0x8  freertos.o [1]
  .rodata            const     0x801'bf60       0x8  m_utils_bsg.o [1]
  .rodata            const     0x801'bf68       0x8  m_utils_bsg.o [1]
  .rodata            const     0x801'bf70       0x8  m_utils_bsg.o [1]
  .rodata            const     0x801'bf78       0x8  m_utils_bsg.o [1]
  .rodata            const     0x801'bf80       0x8  m_utils_bsg.o [1]
  .rodata            const     0x801'bf88       0x8  main.o [1]
  .rodata            const     0x801'bf90       0x8  main.o [1]
  .rodata            const     0x801'bf98       0x8  main.o [1]
  .rodata            const     0x801'bfa0       0x8  simcom.o [1]
  .rodata            const     0x801'bfa8       0x8  simcom.o [1]
  .rodata            const     0x801'bfb0       0x8  simcom.o [1]
  .rodata            const     0x801'bfb8       0x8  simcom.o [1]
  .rodata            const     0x801'bfc0       0x8  simcom.o [1]
  .rodata            const     0x801'bfc8       0x8  simcom.o [1]
  .rodata            const     0x801'bfd0       0x8  simcom.o [1]
  .rodata            const     0x801'bfd8       0x8  simcom.o [1]
  .rodata            const     0x801'bfe0       0x8  simcom.o [1]
  .rodata            const     0x801'bfe8       0x8  simcom.o [1]
  .rodata            const     0x801'bff0       0x8  simcom.o [1]
  .rodata            const     0x801'bff8       0x8  simcom.o [1]
  .rodata            const     0x801'c000       0x8  simcom.o [1]
  .rodata            const     0x801'c008       0x8  simcom.o [1]
  .rodata            const     0x801'c010       0x8  simcom.o [1]
  .rodata            const     0x801'c018       0x8  simcom.o [1]
  .rodata            const     0x801'c020       0x8  simcom.o [1]
  .rodata            const     0x801'c028       0x8  spiflash.o [1]
  .rodata            const     0x801'c030       0x8  spiflash.o [1]
  .rodata            const     0x801'c038       0x8  spiflash.o [1]
  .rodata            const     0x801'c040       0x8  spiflash.o [1]
  .rodata            const     0x801'c048       0x8  stm32f4xx_hal_dma.o [1]
  .rodata            const     0x801'c050       0x8  system_stm32f4xx.o [1]
  .rodata            const     0x801'c058       0x8  task_create_webpckg.o [1]
  .rodata            const     0x801'c060       0x8  task_create_webpckg.o [1]
  .rodata            const     0x801'c068       0x8  task_create_webpckg.o [1]
  .rodata            const     0x801'c070       0x8  task_get_gps.o [1]
  .rodata            const     0x801'c078       0x8  task_get_gps.o [1]
  .rodata            const     0x801'c080       0x8  task_get_gps.o [1]
  .rodata            const     0x801'c088       0x8  task_get_gps.o [1]
  .rodata            const     0x801'c090       0x8  task_get_new_bin.o [1]
  .rodata            const     0x801'c098       0x8  task_get_new_bin.o [1]
  .rodata            const     0x801'c0a0       0x8  task_get_new_bin.o [1]
  .rodata            const     0x801'c0a8       0x8  task_get_new_bin.o [1]
  .rodata            const     0x801'c0b0       0x8  task_get_new_bin.o [1]
  .rodata            const     0x801'c0b8       0x8  task_get_train_data.o [1]
  .rodata            const     0x801'c0c0       0x8  task_get_train_data.o [1]
  .rodata            const     0x801'c0c8       0x8  task_get_train_data.o [1]
  .rodata            const     0x801'c0d0       0x8  task_get_train_data.o [1]
  .rodata            const     0x801'c0d8       0x8  task_keep_alive.o [1]
  .rodata            const     0x801'c0e0       0x8  task_keep_alive.o [1]
  .rodata            const     0x801'c0e8       0x8  task_web_excahnge.o [1]
  .rodata            const     0x801'c0f0       0x8  task_web_excahnge.o [1]
  .rodata            const     0x801'c0f8       0x8  tasks.o [1]
  .rodata            const     0x801'c100       0x8  usart.o [1]
  .rodata            const     0x801'c108       0x8  usart.o [1]
  .rodata            const     0x801'c110       0x8  utils_flash.o [1]
  .rodata            const     0x801'c118       0x8  utils_flash.o [1]
  .rodata            const     0x801'c120       0x8  utils_flash.o [1]
  .rodata            const     0x801'c128       0x8  utils_pckgs_manager.o [1]
  .rodata            const     0x801'c130       0x8  utils_pckgs_manager.o [1]
  .rodata            const     0x801'c138       0x4  heap_4.o [1]
  .rodata            const     0x801'c13c       0x4  m_utils_bsg.o [1]
  .rodata            const     0x801'c140       0x4  m_utils_bsg.o [1]
  .rodata            const     0x801'c144       0x4  port.o [1]
  .rodata            const     0x801'c148       0x4  spiflash.o [1]
  .rodata            const     0x801'c14c       0x4  spiflash.o [1]
  .rodata            const     0x801'c150       0x4  spiflash.o [1]
  .rodata            const     0x801'c154       0x4  task_get_train_data.o [1]
  .text              ro code   0x801'c158       0x4  startup_stm32f401xe.o [1]
  .text              ro code   0x801'c15c       0x4  startup_stm32f401xe.o [1]
  .text              ro code   0x801'c160       0x4  startup_stm32f401xe.o [1]
  .text              ro code   0x801'c164       0x4  startup_stm32f401xe.o [1]
  .text              ro code   0x801'c168       0x4  startup_stm32f401xe.o [1]
  .text              ro code   0x801'c16c       0x4  startup_stm32f401xe.o [1]
  .text              ro code   0x801'c170       0x4  startup_stm32f401xe.o [1]
  .text              ro code   0x801'c174       0x4  startup_stm32f401xe.o [1]
  .text              ro code   0x801'c178       0x4  startup_stm32f401xe.o [1]
  .text              ro code   0x801'c17c       0x4  startup_stm32f401xe.o [1]
  .text              ro code   0x801'c180       0x4  startup_stm32f401xe.o [1]
  .text              ro code   0x801'c184       0x4  startup_stm32f401xe.o [1]
  .text              ro code   0x801'c188       0x4  startup_stm32f401xe.o [1]
  .text              ro code   0x801'c18c       0x4  startup_stm32f401xe.o [1]
  .text              ro code   0x801'c190       0x4  startup_stm32f401xe.o [1]
  .text              ro code   0x801'c194       0x4  startup_stm32f401xe.o [1]
  .text              ro code   0x801'c198       0x4  startup_stm32f401xe.o [1]
  .text              ro code   0x801'c19c       0x4  startup_stm32f401xe.o [1]
  .text              ro code   0x801'c1a0       0x4  startup_stm32f401xe.o [1]
  .text              ro code   0x801'c1a4       0x4  startup_stm32f401xe.o [1]
  .text              ro code   0x801'c1a8       0x4  startup_stm32f401xe.o [1]
  .text              ro code   0x801'c1ac       0x4  startup_stm32f401xe.o [1]
  .text              ro code   0x801'c1b0       0x4  startup_stm32f401xe.o [1]
  .text              ro code   0x801'c1b4       0x4  startup_stm32f401xe.o [1]
  .text              ro code   0x801'c1b8       0x4  startup_stm32f401xe.o [1]
  .text              ro code   0x801'c1bc       0x4  startup_stm32f401xe.o [1]
  .text              ro code   0x801'c1c0       0x4  startup_stm32f401xe.o [1]
  .text              ro code   0x801'c1c4       0x4  startup_stm32f401xe.o [1]
  .text              ro code   0x801'c1c8       0x4  startup_stm32f401xe.o [1]
  .text              ro code   0x801'c1cc       0x4  startup_stm32f401xe.o [1]
  .text              ro code   0x801'c1d0       0x4  startup_stm32f401xe.o [1]
  .text              ro code   0x801'c1d4       0x4  startup_stm32f401xe.o [1]
  .text              ro code   0x801'c1d8       0x4  startup_stm32f401xe.o [1]
  .text              ro code   0x801'c1dc       0x4  startup_stm32f401xe.o [1]
  .text              ro code   0x801'c1e0       0x4  startup_stm32f401xe.o [1]
  .text              ro code   0x801'c1e4       0x4  startup_stm32f401xe.o [1]
  .text              ro code   0x801'c1e8       0x4  startup_stm32f401xe.o [1]
  .text              ro code   0x801'c1ec       0x4  startup_stm32f401xe.o [1]
  .text              ro code   0x801'c1f0       0x4  startup_stm32f401xe.o [1]
  .text              ro code   0x801'c1f4       0x4  startup_stm32f401xe.o [1]
  .text              ro code   0x801'c1f8       0x4  startup_stm32f401xe.o [1]
  .text              ro code   0x801'c1fc       0x4  startup_stm32f401xe.o [1]
  .text              ro code   0x801'c200       0x4  startup_stm32f401xe.o [1]
  .text              ro code   0x801'c204       0x4  startup_stm32f401xe.o [1]
  .text              ro code   0x801'c208       0x0  cstart_closeall.o [4]
  .rodata            const     0x801'c208       0x0  zero_init3.o [4]
  .rodata            const     0x801'c208       0x0  lz77_init_single.o [4]
  Initializer bytes  const     0x801'c208     0x74f  <for P2-1>
                             - 0x801'c957  0x1'07c3

"P2", part 1 of 3:                           0x2ba7
  P2-1                        0x2000'0000    0x2ba7  <Init block>
    .data            inited   0x2000'0000       0x4  port.o [1]
    .data            inited   0x2000'0004       0x4  stm32f4xx_hal.o [1]
    .data            inited   0x2000'0008       0x4  system_stm32f4xx.o [1]
    .data            inited   0x2000'000c     0x600  task_create_webpckg.o [1]
    .data            inited   0x2000'060c     0x600  task_create_webpckg.o [1]
    .data            inited   0x2000'0c0c     0x600  task_create_webpckg.o [1]
    .data            inited   0x2000'120c     0x600  task_create_webpckg.o [1]
    .data            inited   0x2000'180c     0x600  task_create_webpckg.o [1]
    .data            inited   0x2000'1e0c     0x600  task_create_webpckg.o [1]
    .data            inited   0x2000'240c      0x18  task_create_webpckg.o [1]
    .data            inited   0x2000'2424       0x4  task_get_new_bin.o [1]
    .data            inited   0x2000'2428     0x200  utils_crc.o [1]
    .data            inited   0x2000'2628     0x400  utils_crc.o [1]
    .data            inited   0x2000'2a28      0x38  xlocale_c.o [2]
    .data            inited   0x2000'2a60      0x48  xlocale_c.o [2]
    .data            inited   0x2000'2aa8      0x48  xfiles.o [2]
    .data            inited   0x2000'2af0      0x48  xfiles.o [2]
    .data            inited   0x2000'2b38      0x48  xfiles.o [2]
    .data            inited   0x2000'2b80      0x20  xfiles.o [2]
    .data            inited   0x2000'2ba0       0x2  spiflash.o [1]
    .data            inited   0x2000'2ba2       0x2  utils_pckgs_manager.o [1]
    .data            inited   0x2000'2ba4       0x2  utils_pckgs_manager.o [1]
    .data            inited   0x2000'2ba6       0x1  stm32f4xx_hal.o [1]
                            - 0x2000'2ba7    0x2ba7

"P2", part 2 of 3:                           0x7fdc
  .bss               zero     0x2000'2ba8    0x2710  heap_4.o [1]
  .bss               zero     0x2000'52b8    0x15f0  utils_pckgs_manager.o [1]
  .bss               zero     0x2000'68a8    0x1000  spiflash.o [1]
  .bss               zero     0x2000'78a8     0x800  usart.o [1]
  .bss               zero     0x2000'80a8     0x800  usart.o [1]
  .bss               zero     0x2000'88a8     0x5f4  usart.o [1]
  .bss               zero     0x2000'8e9c     0x57c  task_get_new_bin.o [1]
  .bss               zero     0x2000'9418     0x400  usart.o [1]
  .bss               zero     0x2000'9818     0x200  freertos.o [1]
  .bss               zero     0x2000'9a18     0x1f4  usart.o [1]
  .bss               zero     0x2000'9c0c     0x100  main.o [1]
  .bss               zero     0x2000'9d0c     0x100  task_create_webpckg.o [1]
  .bss               zero     0x2000'9e0c     0x100  task_get_train_data.o [1]
  .bss               zero     0x2000'9f0c     0x100  task_keep_alive.o [1]
  .bss               zero     0x2000'a00c      0xc8  task_get_gps.o [1]
  .bss               zero     0x2000'a0d4      0x64  simcom.o [1]
  .bss               zero     0x2000'a138      0xa0  main.o [1]
  .bss               zero     0x2000'a1d8      0x8c  tasks.o [1]
  .bss               zero     0x2000'a264      0x80  XShHandles.o [2]
  .bss               zero     0x2000'a2e4      0x64  simcom.o [1]
  .bss               zero     0x2000'a348      0x60  spi.o [1]
  .bss               zero     0x2000'a3a8      0x60  spi.o [1]
  .bss               zero     0x2000'a408      0x60  usart.o [1]
  .bss               zero     0x2000'a468      0x60  usart.o [1]
  .bss               zero     0x2000'a4c8      0x60  usart.o [1]
  .bss               zero     0x2000'a528      0x60  usart.o [1]
  .bss               zero     0x2000'a588      0x60  usart.o [1]
  .bss               zero     0x2000'a5e8      0x58  spi.o [1]
  .bss               zero     0x2000'a640      0x54  freertos.o [1]
  .bss               zero     0x2000'a694      0x50  xfiles.o [2]
  .bss               zero     0x2000'a6e4      0x50  xfiles.o [2]
  .bss               zero     0x2000'a734      0x40  stm32f4xx_hal_timebase_tim.o [1]
  .bss               zero     0x2000'a774      0x40  tim.o [1]
  .bss               zero     0x2000'a7b4      0x40  usart.o [1]
  .bss               zero     0x2000'a7f4      0x40  usart.o [1]
  .bss               zero     0x2000'a834      0x40  usart.o [1]
  .bss               zero     0x2000'a874      0x30  spiflash.o [1]
  .bss               zero     0x2000'a8a4      0x2c  m_utils_bsg.o [1]
  .bss               zero     0x2000'a8d0      0x2c  xttotm.o [2]
  .bss               zero     0x2000'a8fc      0x28  simcom.o [1]
  .bss               zero     0x2000'a924      0x20  rtc.o [1]
  .bss               zero     0x2000'a944      0x20  stm32f4xx_hal_flash.o [1]
  .bss               zero     0x2000'a964      0x1c  task_get_gps.o [1]
  .bss               zero     0x2000'a980      0x18  main.o [1]
  .bss               zero     0x2000'a998      0x18  task_get_gps.o [1]
  .bss               zero     0x2000'a9b0      0x14  m_utils_bsg.o [1]
  .bss               zero     0x2000'a9c4      0x14  task_get_gps.o [1]
  .bss               zero     0x2000'a9d8      0x14  tasks.o [1]
  .bss               zero     0x2000'a9ec      0x14  tasks.o [1]
  .bss               zero     0x2000'aa00      0x14  tasks.o [1]
  .bss               zero     0x2000'aa14      0x14  tasks.o [1]
  .bss               zero     0x2000'aa28      0x14  tasks.o [1]
  .bss               zero     0x2000'aa3c      0x14  usart.o [1]
  .bss               zero     0x2000'aa50      0x14  usart.o [1]
  .bss               zero     0x2000'aa64      0x14  usart.o [1]
  .bss               zero     0x2000'aa78       0xc  iwdg.o [1]
  .bss               zero     0x2000'aa84       0x8  crc.o [1]
  .bss               zero     0x2000'aa8c       0x8  heap_4.o [1]
  .bss               zero     0x2000'aa94       0x8  main.o [1]
  .bss               zero     0x2000'aa9c       0x8  simcom.o [1]
  .bss               zero     0x2000'aaa4       0x8  spi.o [1]
  .bss               zero     0x2000'aaac       0x8  task_get_new_bin.o [1]
  .bss               zero     0x2000'aab4       0x8  task_get_new_bin.o [1]
  .bss               zero     0x2000'aabc       0x8  heap0.o [2]
  .bss               zero     0x2000'aac4       0x4  freertos.o [1]
  .bss               zero     0x2000'aac8       0x4  freertos.o [1]
  .bss               zero     0x2000'aacc       0x4  freertos.o [1]
  .bss               zero     0x2000'aad0       0x4  freertos.o [1]
  .bss               zero     0x2000'aad4       0x4  freertos.o [1]
  .bss               zero     0x2000'aad8       0x4  freertos.o [1]
  .bss               zero     0x2000'aadc       0x4  freertos.o [1]
  .bss               zero     0x2000'aae0       0x4  freertos.o [1]
  .bss               zero     0x2000'aae4       0x4  freertos.o [1]
  .bss               zero     0x2000'aae8       0x4  freertos.o [1]
  .bss               zero     0x2000'aaec       0x4  freertos.o [1]
  .bss               zero     0x2000'aaf0       0x4  freertos.o [1]
  .bss               zero     0x2000'aaf4       0x4  freertos.o [1]
  .bss               zero     0x2000'aaf8       0x4  freertos.o [1]
  .bss               zero     0x2000'aafc       0x4  heap_4.o [1]
  .bss               zero     0x2000'ab00       0x4  heap_4.o [1]
  .bss               zero     0x2000'ab04       0x4  heap_4.o [1]
  .bss               zero     0x2000'ab08       0x4  heap_4.o [1]
  .bss               zero     0x2000'ab0c       0x4  m_utils_bsg.o [1]
  .bss               zero     0x2000'ab10       0x4  port.o [1]
  .bss               zero     0x2000'ab14       0x4  stm32f4xx_hal.o [1]
  .bss               zero     0x2000'ab18       0x4  task_create_webpckg.o [1]
  .bss               zero     0x2000'ab1c       0x4  task_get_new_bin.o [1]
  .bss               zero     0x2000'ab20       0x4  task_get_new_bin.o [1]
  .bss               zero     0x2000'ab24       0x4  task_iwdg.o [1]
  .bss               zero     0x2000'ab28       0x4  task_web_excahnge.o [1]
  .bss               zero     0x2000'ab2c       0x4  tasks.o [1]
  .bss               zero     0x2000'ab30       0x4  tasks.o [1]
  .bss               zero     0x2000'ab34       0x4  tasks.o [1]
  .bss               zero     0x2000'ab38       0x4  tasks.o [1]
  .bss               zero     0x2000'ab3c       0x4  tasks.o [1]
  .bss               zero     0x2000'ab40       0x4  tasks.o [1]
  .bss               zero     0x2000'ab44       0x4  tasks.o [1]
  .bss               zero     0x2000'ab48       0x4  tasks.o [1]
  .bss               zero     0x2000'ab4c       0x4  tasks.o [1]
  .bss               zero     0x2000'ab50       0x4  tasks.o [1]
  .bss               zero     0x2000'ab54       0x4  tasks.o [1]
  .bss               zero     0x2000'ab58       0x4  tasks.o [1]
  .bss               zero     0x2000'ab5c       0x4  tasks.o [1]
  .bss               zero     0x2000'ab60       0x4  tasks.o [1]
  .bss               zero     0x2000'ab64       0x4  tasks.o [1]
  .bss               zero     0x2000'ab68       0x4  utils_flash.o [1]
  .bss               zero     0x2000'ab6c       0x4  utils_pckgs_manager.o [1]
  .bss               zero     0x2000'ab70       0x4  strtok.o [2]
  .bss               zero     0x2000'ab74       0x4  xfail_s.o [2]
  .bss               zero     0x2000'ab78       0x4  xgetmemchunk.o [2]
  .bss               zero     0x2000'ab7c       0x2  task_iwdg.o [1]
  .bss               zero     0x2000'ab7e       0x1  port.o [1]
  .bss               zero     0x2000'ab7f       0x1  simcom.o [1]
  .bss               zero     0x2000'ab80       0x1  spiflash.o [1]
  .bss               zero     0x2000'ab81       0x1  spiflash.o [1]
  .bss               zero     0x2000'ab82       0x1  spiflash.o [1]
  .bss               zero     0x2000'ab83       0x1  task_get_new_bin.o [1]
                            - 0x2000'ab84    0x7fdc

"P2", part 3 of 3:                            0x600
  CSTACK                      0x2000'ab88     0x400  <Block>
    CSTACK           uninit   0x2000'ab88     0x400  <Block tail>
  HEAP                        0x2000'af88     0x200  <Block>
    HEAP             uninit   0x2000'af88     0x200  <Block tail>
                            - 0x2000'b188     0x600

Unused ranges:

         From           To      Size
         ----           --      ----
   0x801'c957   0x807'ffff  0x6'36a9
  0x2000'2ba7  0x2000'2ba7       0x1
  0x2000'ab84  0x2000'ab87       0x4
  0x2000'b188  0x2001'7fff    0xce78


*******************************************************************************
*** INIT TABLE
***

          Address      Size
          -------      ----
Zero (__iar_zero_init3)
    1 destination range, total size 0x7fdc:
          0x2000'2ba8  0x7fdc

Copy/lz77 (__iar_lz77_init_single3)
    1 source range, total size 0x74f (16% of destination):
           0x801'c208   0x74f
    1 destination range, total size 0x2ba7:
          0x2000'0000  0x2ba7



*******************************************************************************
*** MODULE SUMMARY
***

    Module                        ro code  ro data  rw data
    ------                        -------  -------  -------
command line/config:
    -------------------------------------------------------
    Total:

C:\MyProjects\มสาÝ-117\117_bsg\EWARM\117_bsg\Obj: [1]
    circularBuffer.o                  870
    cmsis_os.o                      1'032
    crc.o                              72                 8
    dma.o                             168
    freertos.o                        444      348      652
    gpio.o                            244
    heap_4.o                          628        4   10'024
    iwdg.o                             40                12
    list.o                            154
    m_utils_bsg.o                   1'908      288       68
    main.o                          1'026      108      448
    port.o                            604        4        9
    portasm.o                         176
    queue.o                         2'800
    rtc.o                              76                32
    simcom.o                        3'612      828      249
    spi.o                             416               288
    spiflash.o                      2'552      283    4'149
    startup_stm32f401xe.o             596
    stm32f4xx_hal.o                   128        2        9
    stm32f4xx_hal_cortex.o            312
    stm32f4xx_hal_crc.o                36
    stm32f4xx_hal_dma.o             1'192        8
    stm32f4xx_hal_flash.o             556                32
    stm32f4xx_hal_flash_ex.o          100
    stm32f4xx_hal_gpio.o              568
    stm32f4xx_hal_iwdg.o               94
    stm32f4xx_hal_msp.o                72
    stm32f4xx_hal_rcc.o             1'592
    stm32f4xx_hal_rcc_ex.o            372
    stm32f4xx_hal_rtc.o             1'090
    stm32f4xx_hal_spi.o             2'208
    stm32f4xx_hal_tim.o               640
    stm32f4xx_hal_tim_ex.o              4
    stm32f4xx_hal_timebase_tim.o      152                64
    stm32f4xx_hal_uart.o            3'266
    stm32f4xx_it.o                    340
    system_stm32f4xx.o                 32       25        4
    task_create_webpckg.o             972    1'631    9'500
    task_get_gps.o                    724       88      272
    task_get_new_bin.o              2'872      640    1'433
    task_get_train_data.o           2'740      452      256
    task_iwdg.o                       148                 6
    task_keep_alive.o               1'492      136      256
    task_web_excahnge.o               320       56        4
    tasks.o                         3'468        8      300
    tim.o                             112                64
    usart.o                         1'912      148    7'876
    utils_crc.o                       144      257    1'536
    utils_flash.o                     540      120        4
    utils_gps.o                       642
    utils_pckgs_manager.o           1'220       96    5'624
    -------------------------------------------------------
    Total:                         47'478    5'530   43'179

dl7M_tlf.a: [2]
    XShHandles.o                      204               128
    abort.o                             6
    exit.o                              4
    fclose.o                          126
    fflush.o                          172
    fputc.o                            84
    fseek.o                            36
    gmtime.o                           10
    heap0.o                           312                 8
    heaptramp0.o                        4
    iar_Stoflt.o                      440
    iar_Stopfx.o                      290
    iar_Stoullx.o                     434       80
    iar_Stoulx.o                      332       80
    iar_Stoxflt.o                     520
    isalpha.o                          20
    isspace.o                          20
    low_level_init.o                    4
    mktime.o                          208
    printf.o                           40
    putchar.o                          12
    sprintf.o                          64
    strcspn.o                          34
    strpbrk.o                          36
    strspn.o                           34
    strtok.o                           76                 4
    strtok_r.o                         57
    tolower.o                          20
    xDaysTo.o                         108
    xTzoff_nop.o                        4
    xcloseall.o                        60
    xencoding_8859_1.o                 30
    xfail_s.o                          64                 4
    xfgpos.o                           12
    xfiles.o                                    41      408
    xfofind.o                         156
    xfspos.o                          216
    xfwprep.o                         180
    xgetmemchunk.o                     44                 4
    xisdst_nop.o                        6
    xlocale_c.o                       184       27      128
    xmbcurmax.o                        10
    xprintffull.o                   4'294
    xprout.o                           22
    xsprout.o                          10
    xttotm.o                          268                44
    -------------------------------------------------------
    Total:                          9'267      228      728

m7M_tls.a: [3]
    DblAdd.o                          378
    DblCmpGe.o                         46
    DblCmpLe.o                         46
    DblDiv.o                          582
    DblMul.o                          418
    DblSub.o                          226
    DblToS32.o                         58
    DblToU32.o                         40
    S32ToDbl.o                         34
    U32ToDbl.o                         26
    fpinit_M.o                         34
    frexp.o                           112
    ldexp.o                           314
    math_wrappers64.o                  14
    strto64.o                       1'272       72
    -------------------------------------------------------
    Total:                          3'600       72

rt7M_tl.a: [4]
    ABImemcpy.o                       166
    ABImemset.o                       102
    I64DivMod.o                       628
    I64DivZer.o                         2
    cexit.o                            14
    cmain.o                            30
    cstart_closeall.o
    cstartup_M.o                       12
    data_init.o                        40
    lz77_init_single.o                120
    memchr.o                           88
    strchr.o                           22
    strcmp.o                           18
    strlen.o                           54
    zero_init3.o                       58
    -------------------------------------------------------
    Total:                          1'354

shb_l.a: [5]
    close.o                            24
    dwrite.o                           30
    exit.o                             20
    iarwrite.o                         34
    iarwstdswo.o                       80
    lseek.o                            74
    remove.o                           20
    write.o                            16
    -------------------------------------------------------
    Total:                            298

    Gaps                               58       10
    Linker created                              32    1'536
-----------------------------------------------------------
    Grand Total:                   62'055    5'872   45'443


*******************************************************************************
*** ENTRY LIST
***

Entry                       Address    Size  Type      Object
-----                       -------    ----  ----      ------
.iar.init_table$$Base    0x801'b440           --   Gb  - Linker created -
.iar.init_table$$Limit   0x801'b460           --   Gb  - Linker created -
?main                    0x801'b541          Code  Gb  cmain.o [4]
AHBPrescTable            0x801'bd08    0x10  Data  Gb  system_stm32f4xx.o [1]
APBPrescTable            0x801'c050     0x8  Data  Gb  system_stm32f4xx.o [1]
Aldata                  0x2000'aabc     0x8  Data  Lc  heap0.o [2]
BusFault_Handler         0x801'a5e3     0x2  Code  Gb  stm32f4xx_it.o [1]
CSTACK$$Base            0x2000'ab88           --   Gb  - Linker created -
CSTACK$$Limit           0x2000'af88           --   Gb  - Linker created -
CacheMore                0x800'd2d5    0x28  Code  Lc  xlocale_c.o [2]
Crc16Table              0x2000'2428   0x200  Data  Lc  utils_crc.o [1]
DMA1_Stream3_IRQHandler
                         0x801'a5e9     0xa  Code  Gb  stm32f4xx_it.o [1]
DMA1_Stream4_IRQHandler
                         0x801'a5f3     0xa  Code  Gb  stm32f4xx_it.o [1]
DMA1_Stream5_IRQHandler
                         0x801'a5fd     0xa  Code  Gb  stm32f4xx_it.o [1]
DMA2_Stream1_IRQHandler
                         0x801'a699     0xa  Code  Gb  stm32f4xx_it.o [1]
DMA2_Stream2_IRQHandler
                         0x801'a6a3     0xa  Code  Gb  stm32f4xx_it.o [1]
DMA2_Stream6_IRQHandler
                         0x801'a6ad     0xa  Code  Gb  stm32f4xx_it.o [1]
DMA2_Stream7_IRQHandler
                         0x801'a6b7     0xa  Code  Gb  stm32f4xx_it.o [1]
DMA_CalcBaseAndBitshift
                         0x801'4829    0x30  Code  Lc  stm32f4xx_hal_dma.o [1]
DMA_CalcBaseAndBitshift::flagBitshiftOffset
                         0x801'c048     0x8  Data  Lc  stm32f4xx_hal_dma.o [1]
DMA_CheckFifoParam       0x801'4869    0x9c  Code  Lc  stm32f4xx_hal_dma.o [1]
DMA_SetConfig            0x801'47fb    0x2e  Code  Lc  stm32f4xx_hal_dma.o [1]
DebugMon_Handler         0x801'a5e7     0x2  Code  Gb  stm32f4xx_it.o [1]
Dtentox                  0x801'932d   0x234  Code  Lc  strto64.o [3]
Error_Handler            0x800'f889     0x2  Code  Gb  main.o [1]
FLASH_Erase_Sector       0x801'7cfd    0x60  Code  Gb  stm32f4xx_hal_flash_ex.o [1]
FLASH_Program_Byte       0x801'917f    0x1a  Code  Lc  stm32f4xx_hal_flash.o [1]
FLASH_Program_DoubleWord
                         0x801'9119    0x2a  Code  Lc  stm32f4xx_hal_flash.o [1]
FLASH_Program_HalfWord   0x801'9161    0x1e  Code  Lc  stm32f4xx_hal_flash.o [1]
FLASH_Program_Word       0x801'9143    0x1e  Code  Lc  stm32f4xx_hal_flash.o [1]
FLASH_SetErrorCode       0x801'9199    0x7e  Code  Lc  stm32f4xx_hal_flash.o [1]
FLASH_WaitForLastOperation
                         0x801'90c9    0x50  Code  Gb  stm32f4xx_hal_flash.o [1]
HAL_CRC_Init             0x801'6f59    0x24  Code  Gb  stm32f4xx_hal_crc.o [1]
HAL_CRC_MspInit          0x801'3743    0x26  Code  Gb  crc.o [1]
HAL_DMA_Abort_IT         0x801'45cb    0x28  Code  Gb  stm32f4xx_hal_dma.o [1]
HAL_DMA_IRQHandler       0x801'45f3   0x208  Code  Gb  stm32f4xx_hal_dma.o [1]
HAL_DMA_Init             0x801'445d    0xe2  Code  Gb  stm32f4xx_hal_dma.o [1]
HAL_DMA_Start_IT         0x801'453f    0x8c  Code  Gb  stm32f4xx_hal_dma.o [1]
HAL_Delay                0x801'9231    0x28  Code  Wk  stm32f4xx_hal.o [1]
HAL_FLASH_Lock           0x801'90bb     0xe  Code  Gb  stm32f4xx_hal_flash.o [1]
HAL_FLASH_Program        0x801'9005    0x94  Code  Gb  stm32f4xx_hal_flash.o [1]
HAL_FLASH_Unlock         0x801'9099    0x22  Code  Gb  stm32f4xx_hal_flash.o [1]
HAL_GPIO_Init            0x801'01f9   0x1f2  Code  Gb  stm32f4xx_hal_gpio.o [1]
HAL_GPIO_WritePin        0x801'03eb    0x1a  Code  Gb  stm32f4xx_hal_gpio.o [1]
HAL_GetTick              0x800'ef01     0xc  Code  Wk  stm32f4xx_hal.o [1]
HAL_IWDG_Init            0x801'6c81    0x50  Code  Gb  stm32f4xx_hal_iwdg.o [1]
HAL_IWDG_Refresh         0x801'6cd1     0xe  Code  Gb  stm32f4xx_hal_iwdg.o [1]
HAL_IncTick              0x801'4445    0x18  Code  Wk  stm32f4xx_hal.o [1]
HAL_Init                 0x801'32d9    0x30  Code  Gb  stm32f4xx_hal.o [1]
HAL_InitTick             0x801'6309    0x88  Code  Gb  stm32f4xx_hal_timebase_tim.o [1]
HAL_MspInit              0x801'63a1    0x48  Code  Gb  stm32f4xx_hal_msp.o [1]
HAL_NVIC_EnableIRQ       0x800'f459     0xe  Code  Gb  stm32f4xx_hal_cortex.o [1]
HAL_NVIC_SetPriority     0x800'f42f    0x2a  Code  Gb  stm32f4xx_hal_cortex.o [1]
HAL_NVIC_SetPriorityGrouping
                         0x800'f423     0xc  Code  Gb  stm32f4xx_hal_cortex.o [1]
HAL_NVIC_SystemReset     0x800'f467     0x8  Code  Gb  stm32f4xx_hal_cortex.o [1]
HAL_RCCEx_PeriphCLKConfig
                         0x801'42d1   0x14a  Code  Gb  stm32f4xx_hal_rcc_ex.o [1]
HAL_RCC_ClockConfig      0x801'4075   0x140  Code  Gb  stm32f4xx_hal_rcc.o [1]
HAL_RCC_GetClockConfig   0x801'41e7    0x34  Code  Gb  stm32f4xx_hal_rcc.o [1]
HAL_RCC_GetHCLKFreq      0x801'41b5     0x6  Code  Gb  stm32f4xx_hal_rcc.o [1]
HAL_RCC_GetPCLK1Freq     0x801'41bb    0x16  Code  Gb  stm32f4xx_hal_rcc.o [1]
HAL_RCC_GetPCLK2Freq     0x801'41d1    0x16  Code  Gb  stm32f4xx_hal_rcc.o [1]
HAL_RCC_OscConfig        0x801'3c99   0x3dc  Code  Wk  stm32f4xx_hal_rcc.o [1]
HAL_RTC_GetDate          0x801'4c6d    0x54  Code  Gb  stm32f4xx_hal_rtc.o [1]
HAL_RTC_GetTime          0x801'4b09    0x68  Code  Gb  stm32f4xx_hal_rtc.o [1]
HAL_RTC_Init             0x801'492d    0xcc  Code  Gb  stm32f4xx_hal_rtc.o [1]
HAL_RTC_MspInit          0x801'369f    0x10  Code  Gb  rtc.o [1]
HAL_RTC_SetDate          0x801'4b71    0xfc  Code  Gb  stm32f4xx_hal_rtc.o [1]
HAL_RTC_SetTime          0x801'49f9   0x110  Code  Gb  stm32f4xx_hal_rtc.o [1]
HAL_RTC_WaitForSynchro   0x801'4ccd    0x36  Code  Gb  stm32f4xx_hal_rtc.o [1]
HAL_SPI_IRQHandler       0x801'67e9   0x128  Code  Gb  stm32f4xx_hal_spi.o [1]
HAL_SPI_Init             0x801'63e9    0x8e  Code  Gb  stm32f4xx_hal_spi.o [1]
HAL_SPI_MspInit          0x801'34ef    0xf4  Code  Gb  spi.o [1]
HAL_SPI_Receive_DMA      0x801'6569   0x112  Code  Gb  stm32f4xx_hal_spi.o [1]
HAL_SPI_RxCpltCallback   0x801'35e3    0x14  Code  Gb  spi.o [1]
HAL_SPI_TransmitReceive_DMA
                         0x801'667b   0x16e  Code  Gb  stm32f4xx_hal_spi.o [1]
HAL_SPI_Transmit_DMA     0x801'6477    0xf2  Code  Gb  stm32f4xx_hal_spi.o [1]
HAL_SPI_TxCpltCallback   0x801'360b    0x14  Code  Gb  spi.o [1]
HAL_SPI_TxRxCpltCallback
                         0x801'35f7    0x14  Code  Gb  spi.o [1]
HAL_TIMEx_BreakCallback
                         0x801'71b7     0x2  Code  Wk  stm32f4xx_hal_tim_ex.o [1]
HAL_TIMEx_CommutCallback
                         0x801'71bb     0x2  Code  Wk  stm32f4xx_hal_tim_ex.o [1]
HAL_TIM_Base_Init        0x801'6ce1    0x38  Code  Gb  stm32f4xx_hal_tim.o [1]
HAL_TIM_Base_MspInit     0x801'36eb    0x36  Code  Gb  tim.o [1]
HAL_TIM_Base_Start_IT    0x801'6d19    0x2a  Code  Gb  stm32f4xx_hal_tim.o [1]
HAL_TIM_IRQHandler       0x801'6d43   0x176  Code  Gb  stm32f4xx_hal_tim.o [1]
HAL_TIM_PeriodElapsedCallback
                         0x800'f837    0x12  Code  Gb  main.o [1]
HAL_UART_ErrorCallback   0x800'fe55   0x11c  Code  Gb  usart.o [1]
HAL_UART_GetError        0x801'114b     0x4  Code  Gb  stm32f4xx_hal_uart.o [1]
HAL_UART_IRQHandler      0x801'0ffb   0x150  Code  Gb  stm32f4xx_hal_uart.o [1]
HAL_UART_Init            0x801'0d59    0x76  Code  Gb  stm32f4xx_hal_uart.o [1]
HAL_UART_MspInit         0x800'f935   0x2aa  Code  Gb  usart.o [1]
HAL_UART_Receive_DMA     0x801'0f45    0xb6  Code  Gb  stm32f4xx_hal_uart.o [1]
HAL_UART_RxCpltCallback
                         0x800'fdeb    0x34  Code  Gb  usart.o [1]
HAL_UART_RxHalfCpltCallback
                         0x800'fe1f    0x14  Code  Gb  usart.o [1]
HAL_UART_Transmit        0x801'0dcf    0xe0  Code  Gb  stm32f4xx_hal_uart.o [1]
HAL_UART_Transmit_DMA    0x801'0eaf    0x96  Code  Gb  stm32f4xx_hal_uart.o [1]
HAL_UART_TxCpltCallback
                         0x800'fe33    0x22  Code  Gb  usart.o [1]
HEAP$$Base              0x2000'af88           --   Gb  - Linker created -
HEAP$$Limit             0x2000'b188           --   Gb  - Linker created -
HardFault_Handler        0x801'a5df     0x2  Code  Gb  stm32f4xx_it.o [1]
MX_CRC_Init              0x801'372d    0x16  Code  Gb  crc.o [1]
MX_DMA_Init              0x801'3401    0xa8  Code  Gb  dma.o [1]
MX_FREERTOS_Init         0x801'3aeb   0x134  Code  Gb  freertos.o [1]
MX_GPIO_Init             0x801'330d    0xf4  Code  Gb  gpio.o [1]
MX_IWDG_Init             0x801'3649    0x28  Code  Gb  iwdg.o [1]
MX_RTC_Init              0x801'3671    0x2e  Code  Gb  rtc.o [1]
MX_SPI2_Init             0x801'34a9    0x46  Code  Gb  spi.o [1]
MX_TIM10_Init            0x801'36bd    0x2e  Code  Gb  tim.o [1]
MX_USART1_UART_Init      0x800'f88d    0x38  Code  Gb  usart.o [1]
MX_USART2_UART_Init      0x800'f8c5    0x38  Code  Gb  usart.o [1]
MX_USART6_UART_Init      0x800'f8fd    0x38  Code  Gb  usart.o [1]
MemManage_Handler        0x801'a5e1     0x2  Code  Gb  stm32f4xx_it.o [1]
NMI_Handler              0x801'a5dd     0x2  Code  Gb  stm32f4xx_it.o [1]
NVIC_EncodePriority      0x800'f3c9    0x40  Code  Lc  stm32f4xx_hal_cortex.o [1]
PendSV_Handler           0x801'70f9          Code  Gb  portasm.o [1]
RTC_Bcd2ToByte           0x801'4d55    0x1a  Code  Gb  stm32f4xx_hal_rtc.o [1]
RTC_ByteToBcd2           0x801'4d3d    0x18  Code  Gb  stm32f4xx_hal_rtc.o [1]
RTC_EnterInitMode        0x801'4d03    0x3a  Code  Gb  stm32f4xx_hal_rtc.o [1]
Region$$Table$$Base      0x801'b440           --   Gb  - Linker created -
Region$$Table$$Limit     0x801'b460           --   Gb  - Linker created -
SPI2_IRQHandler          0x801'a617     0xa  Code  Gb  stm32f4xx_it.o [1]
SPI_DMAAbortOnError      0x801'6ac9    0x16  Code  Lc  stm32f4xx_hal_spi.o [1]
SPI_DMAError             0x801'6aa1    0x28  Code  Lc  stm32f4xx_hal_spi.o [1]
SPI_DMAHalfReceiveCplt   0x801'6a81     0xe  Code  Lc  stm32f4xx_hal_spi.o [1]
SPI_DMAHalfTransmitCplt
                         0x801'6a71     0xe  Code  Lc  stm32f4xx_hal_spi.o [1]
SPI_DMAHalfTransmitReceiveCplt
                         0x801'6a91     0xe  Code  Lc  stm32f4xx_hal_spi.o [1]
SPI_DMAReceiveCplt       0x801'698d    0x7a  Code  Lc  stm32f4xx_hal_spi.o [1]
SPI_DMATransmitCplt      0x801'6911    0x7a  Code  Lc  stm32f4xx_hal_spi.o [1]
SPI_DMATransmitReceiveCplt
                         0x801'6a09    0x66  Code  Lc  stm32f4xx_hal_spi.o [1]
SPI_EndRxTransaction     0x801'6b81    0x9a  Code  Lc  stm32f4xx_hal_spi.o [1]
SPI_EndRxTxTransaction   0x801'6c1b    0x5e  Code  Lc  stm32f4xx_hal_spi.o [1]
SPI_WaitFlagStateUntilTimeout
                         0x801'6ae1    0xa0  Code  Lc  stm32f4xx_hal_spi.o [1]
SVC_Handler              0x801'7151          Code  Gb  portasm.o [1]
SysTick_Handler          0x801'622d    0x28  Code  Gb  port.o [1]
SystemClock_Config       0x800'f54d    0xd8  Code  Gb  main.o [1]
SystemCoreClock         0x2000'0008     0x4  Data  Gb  system_stm32f4xx.o [1]
SystemInit               0x801'b521    0x12  Code  Gb  system_stm32f4xx.o [1]
TIM1_UP_TIM10_IRQHandler
                         0x801'a607    0x10  Code  Gb  stm32f4xx_it.o [1]
TIM_Base_SetConfig       0x801'6eb9    0x82  Code  Gb  stm32f4xx_hal_tim.o [1]
UART_DMAAbortOnError     0x801'12e5    0x16  Code  Lc  stm32f4xx_hal_uart.o [1]
UART_DMAError            0x801'11e9    0x58  Code  Lc  stm32f4xx_hal_uart.o [1]
UART_DMAReceiveCplt      0x801'1195    0x44  Code  Lc  stm32f4xx_hal_uart.o [1]
UART_DMARxHalfCplt       0x801'11d9     0xe  Code  Lc  stm32f4xx_hal_uart.o [1]
UART_DMATransmitCplt     0x801'1151    0x34  Code  Lc  stm32f4xx_hal_uart.o [1]
UART_DMATxHalfCplt       0x801'1185     0xe  Code  Lc  stm32f4xx_hal_uart.o [1]
UART_EndRxTransfer       0x801'12c3    0x20  Code  Lc  stm32f4xx_hal_uart.o [1]
UART_EndTransmit_IT      0x801'136b    0x20  Code  Lc  stm32f4xx_hal_uart.o [1]
UART_EndTxTransfer       0x801'12af    0x14  Code  Lc  stm32f4xx_hal_uart.o [1]
UART_Receive_IT          0x801'138b    0xae  Code  Lc  stm32f4xx_hal_uart.o [1]
UART_SetConfig           0x801'1439   0x5d4  Code  Lc  stm32f4xx_hal_uart.o [1]
UART_Transmit_IT         0x801'12fd    0x6e  Code  Lc  stm32f4xx_hal_uart.o [1]
UART_WaitOnFlagUntilTimeout
                         0x801'1241    0x6e  Code  Lc  stm32f4xx_hal_uart.o [1]
USART1_IRQHandler        0x801'a621    0x3c  Code  Gb  stm32f4xx_it.o [1]
USART2_IRQHandler        0x801'a65d    0x3c  Code  Gb  stm32f4xx_it.o [1]
USART6_IRQHandler        0x801'a6c1    0x34  Code  Gb  stm32f4xx_it.o [1]
UsageFault_Handler       0x801'a5e5     0x2  Code  Gb  stm32f4xx_it.o [1]
_Close_all               0x801'b191    0x3c  Code  Gb  xcloseall.o [2]
_Encoding_8859_1_Mbrlen
                         0x800'd375     0x2  Code  Gb  xencoding_8859_1.o [2]
_Encoding_8859_1_Wctomb
                         0x800'd363    0x12  Code  Gb  xencoding_8859_1.o [2]
_Files                  0x2000'2b80    0x20  Data  Gb  xfiles.o [2]
_Fofree                  0x801'adf9    0x96  Code  Gb  xfofind.o [2]
_Fspos                   0x801'a9d5    0xd8  Code  Gb  xfspos.o [2]
_Fwprep                  0x801'ad1f    0xb4  Code  Gb  xfwprep.o [2]
_LitobFull               0x800'd0a7   0x10a  Code  Lc  xprintffull.o [2]
_LocaleC_isalpha         0x800'd29b     0xc  Code  Gb  xlocale_c.o [2]
_LocaleC_islower         0x800'd295     0x4  Code  Gb  xlocale_c.o [2]
_LocaleC_isspace         0x800'd2b1    0x14  Code  Gb  xlocale_c.o [2]
_LocaleC_isupper         0x800'd299     0x2  Code  Gb  xlocale_c.o [2]
_LocaleC_tolower         0x800'd2c5     0xc  Code  Gb  xlocale_c.o [2]
_Locale_lconv           0x2000'2a28    0x38  Data  Lc  xlocale_c.o [2]
_Nnl                     0x801'ab59     0xc  Code  Gb  xfgpos.o [2]
_PrintfFull              0x800'c195   0xcc4  Code  Gb  xprintffull.o [2]
_Prout                   0x801'b96d    0x16  Code  Gb  xprout.o [2]
_PutcharsFull            0x800'd219    0x2e  Code  Lc  xprintffull.o [2]
_PutstrFull              0x800'cfe7    0xc0  Code  Lc  xprintffull.o [2]
_PuttxtFull              0x800'cedb   0x10c  Code  Lc  xprintffull.o [2]
_SProut                  0x800'd3f7     0xa  Code  Gb  xsprout.o [2]
_Strtok_ssave           0x2000'ab70     0x4  Data  Lc  strtok.o [2]
_Ttotm_ts               0x2000'a8d0    0x2c  Data  Lc  xttotm.o [2]
_Tzoff                   0x801'70f5     0x4  Code  Gb  xTzoff_nop.o [2]
__NVIC_EnableIRQ         0x800'f37f    0x1e  Code  Lc  stm32f4xx_hal_cortex.o [1]
__NVIC_GetPriorityGrouping
                         0x800'f373     0xc  Code  Lc  stm32f4xx_hal_cortex.o [1]
__NVIC_SetPriority       0x800'f39d    0x2c  Code  Lc  stm32f4xx_hal_cortex.o [1]
__NVIC_SetPriorityGrouping
                         0x800'f351    0x22  Code  Lc  stm32f4xx_hal_cortex.o [1]
__NVIC_SystemReset       0x800'e099    0x1e  Code  Lc  simcom.o [1]
__NVIC_SystemReset       0x800'f409    0x1a  Code  Lc  stm32f4xx_hal_cortex.o [1]
__NVIC_SystemReset       0x801'71c5    0x1e  Code  Lc  task_get_new_bin.o [1]
__NVIC_SystemReset       0x801'ae99    0x1a  Code  Lc  task_iwdg.o [1]
__aeabi_cdcmple          0x800'd571          Code  Gb  DblCmpLe.o [3]
__aeabi_cdrcmple         0x800'd5a1          Code  Gb  DblCmpGe.o [3]
__aeabi_d2iz             0x800'd70d          Code  Gb  DblToS32.o [3]
__aeabi_d2uiz            0x800'da99          Code  Gb  DblToU32.o [3]
__aeabi_dadd             0x800'df05          Code  Gb  DblAdd.o [3]
__aeabi_ddiv             0x800'd851          Code  Gb  DblDiv.o [3]
__aeabi_dmul             0x800'dadd          Code  Gb  DblMul.o [3]
__aeabi_dsub             0x800'd76d          Code  Gb  DblSub.o [3]
__aeabi_i2d              0x800'd749          Code  Gb  S32ToDbl.o [3]
__aeabi_ldiv0            0x800'e081          Code  Gb  I64DivZer.o [4]
__aeabi_ldivmod          0x800'dc89          Code  Gb  I64DivMod.o [4]
__aeabi_memcpy           0x800'd459          Code  Gb  ABImemcpy.o [4]
__aeabi_memcpy4          0x800'd479          Code  Gb  ABImemcpy.o [4]
__aeabi_memcpy8          0x800'd479          Code  Gb  ABImemcpy.o [4]
__aeabi_memset           0x801'0005          Code  Gb  ABImemset.o [4]
__aeabi_ui2d             0x800'dac1          Code  Gb  U32ToDbl.o [3]
__aeabi_uldivmod         0x800'dccd          Code  Gb  I64DivMod.o [4]
__basic_free             0x801'a91b    0x16  Code  Gb  heap0.o [2]
__basic_free_intern      0x801'a931    0x74  Code  Lc  heap0.o [2]
__basic_malloc           0x801'a871    0x18  Code  Gb  heap0.o [2]
__basic_malloc_intern    0x801'a889    0x92  Code  Lc  heap0.o [2]
__cexit_closeall         0x801'b56b          Code  Gb  cexit.o [4]
__close                  0x801'afab    0x18  Code  Gb  close.o [5]
__cmain                  0x801'b541          Code  Gb  cmain.o [4]
__cstart_closeall        0x801'c208          Data  Gb  cstart_closeall.o [4]
__data_GetMemChunk       0x801'a9a9    0x2c  Code  Gb  xgetmemchunk.o [2]
__data_GetMemChunk::start
                        0x2000'ab78     0x4  Data  Lc  xgetmemchunk.o [2]
__dwrite                 0x801'ac8d    0x1e  Code  Gb  dwrite.o [5]
__exit                   0x800'e085    0x14  Code  Gb  exit.o [5]
__gmtime32               0x801'5305     0xa  Code  Gb  gmtime.o [2]
__iar_Daysto32           0x801'6f7d    0x3a  Code  Gb  xDaysTo.o [2]
__iar_Fail_s             0x800'd381    0x1c  Code  Gb  xfail_s.o [2]
__iar_Isdst32            0x801'71bd     0x6  Code  Gb  xisdst_nop.o [2]
__iar_Mbcurmax           0x800'dc7f     0xa  Code  Gb  xmbcurmax.o [2]
__iar_Memchr             0x800'd401          Code  Gb  memchr.o [4]
__iar_Memset             0x801'0005          Code  Gb  ABImemset.o [4]
__iar_Memset_word        0x801'000d          Code  Gb  ABImemset.o [4]
__iar_Stderr            0x2000'2b38    0x48  Data  Gb  xfiles.o [2]
__iar_Stdin             0x2000'2aa8    0x48  Data  Gb  xfiles.o [2]
__iar_Stdout            0x2000'2af0    0x48  Data  Gb  xfiles.o [2]
__iar_Sto64              0x801'9571   0x194  Code  Gb  strto64.o [3]
__iar_Stoflt             0x801'9875   0x1b8  Code  Gb  iar_Stoflt.o [2]
__iar_Stopfx             0x801'9751   0x122  Code  Gb  iar_Stopfx.o [2]
__iar_Stoullx            0x801'0431   0x1a4  Code  Gb  iar_Stoullx.o [2]
__iar_Stoulx             0x801'00ad   0x13a  Code  Gb  iar_Stoulx.o [2]
__iar_Stoxflt            0x801'9a2d   0x1d2  Code  Gb  iar_Stoxflt.o [2]
__iar_Stoxflt::digits    0x801'9c04    0x18  Data  Lc  iar_Stoxflt.o [2]
__iar_Stoxflt::vals      0x801'9c1c    0x18  Data  Lc  iar_Stoxflt.o [2]
__iar_Strchr             0x800'd34d          Code  Gb  strchr.o [4]
__iar_Ttotm32            0x801'6fe9    0xd0  Code  Gb  xttotm.o [2]
__iar_dadd               0x800'd77d          Code  Gb  DblSub.o [3]
__iar_data_init3         0x801'b389    0x28  Code  Gb  data_init.o [4]
__iar_dsub               0x800'df15          Code  Gb  DblAdd.o [3]
__iar_dsubStart          0x800'df27          Code  Gb  DblAdd.o [3]
__iar_frexp              0x800'd50d          Code  Gb  frexp.o [3]
__iar_frexpl             0x800'd50d          Code  Gb  frexp.o [3]
__iar_globLocale        0x2000'2a60    0x48  Data  Lc  xlocale_c.o [2]
__iar_global_Locale      0x800'd2d1     0x4  Code  Gb  xlocale_c.o [2]
__iar_init_vfp           0x801'b41d          Code  Gb  fpinit_M.o [3]
__iar_ldexp64            0x800'd5d1          Code  Gb  ldexp.o [3]
__iar_lz77_init_single3
                         0x801'afd7    0x78  Code  Gb  lz77_init_single.o [4]
__iar_program_start      0x801'bf1d          Code  Gb  cstartup_M.o [4]
__iar_scalbln64          0x800'd5d1          Code  Gb  ldexp.o [3]
__iar_scalbn64           0x800'd5d1          Code  Gb  ldexp.o [3]
__iar_sh_Discard         0x801'abc1    0x42  Code  Gb  XShHandles.o [2]
__iar_sh_Move            0x801'ac03    0x46  Code  Gb  XShHandles.o [2]
__iar_sh_Pos             0x801'ac49    0x3e  Code  Gb  XShHandles.o [2]
__iar_sh_stdout_swo      0x801'acad    0x50  Code  Gb  iarwstdswo.o [5]
__iar_sh_write           0x801'acfd    0x22  Code  Gb  iarwrite.o [5]
__iar_softfp___iar_frexp64
                         0x800'd501          Code  Gb  frexp.o [3]
__iar_softfp_frexp       0x800'd501          Code  Gb  frexp.o [3]
__iar_softfp_frexpl      0x800'd501          Code  Gb  frexp.o [3]
__iar_vfp_atof           0x801'a573     0x8  Code  Gb  math_wrappers64.o [3]
__iar_zero_init3         0x800'd25b    0x3a  Code  Gb  zero_init3.o [4]
__low_level_init         0x801'b55f     0x4  Code  Gb  low_level_init.o [2]
__lseek                  0x801'ab65    0x4a  Code  Gb  lseek.o [5]
__mktime32               0x801'4d71    0xd0  Code  Gb  mktime.o [2]
__vector_table           0x800'c000          Data  Gb  startup_stm32f401xe.o [1]
__write                  0x801'abaf    0x10  Code  Gb  write.o [5]
_call_main               0x801'b54d          Code  Gb  cmain.o [4]
_exit                    0x801'b569          Code  Gb  cexit.o [4]
_gLocale_mblen           0x800'd339     0x4  Code  Gb  xlocale_c.o [2]
_gLocale_mblenInt        0x800'd2fd    0x2c  Code  Gb  xlocale_c.o [2]
_gLocale_wctomb          0x800'd33d     0x4  Code  Gb  xlocale_c.o [2]
_gLocale_wctombInt       0x800'd335     0x4  Code  Gb  xlocale_c.o [2]
_main                    0x801'b55b          Code  Gb  cmain.o [4]
abort                    0x800'defd     0x6  Code  Gb  abort.o [2]
addInfo                  0x801'4e41    0x2c  Code  Gb  utils_pckgs_manager.o [1]
addInfoToWebPckg         0x801'4f17    0x2a  Code  Gb  utils_pckgs_manager.o [1]
addPagesToWebPckg        0x801'9f57    0x6c  Code  Gb  task_create_webpckg.o [1]
addToPage                0x801'9f29    0x2e  Code  Gb  task_create_webpckg.o [1]
allPages                0x2000'240c    0x18  Data  Lc  task_create_webpckg.o [1]
atof                     0x801'9749     0x8  Code  Gb  strto64.o [3]
atoi                     0x801'01ed     0x2  Code  Gb  iar_Stoulx.o [2]
atoll                    0x801'05db     0x8  Code  Gb  iar_Stoullx.o [2]
badPgMap                0x2000'68a8  0x1000  Data  Gb  spiflash.o [1]
big_update_func          0x801'725f   0x464  Code  Gb  task_get_new_bin.o [1]
bsg                     0x2000'a138    0xa0  Data  Gb  main.o [1]
bsgInit                  0x801'05e5    0xae  Code  Gb  m_utils_bsg.o [1]
bufGnss                 0x2000'a00c    0xc8  Data  Lc  task_get_gps.o [1]
bufNumBytesFirmware     0x2000'aaac     0x8  Data  Lc  task_get_new_bin.o [1]
bufPckgGPS              0x2000'9c0c   0x100  Data  Gb  main.o [1]
bufPckgGnss             0x2000'a9c4    0x14  Data  Lc  task_get_gps.o [1]
bufTxData               0x2000'9f0c   0x100  Data  Gb  task_keep_alive.o [1]
cBufInit                 0x801'3775    0x18  Code  Gb  circularBuffer.o [1]
cBufRead                 0x801'3871    0x5e  Code  Gb  circularBuffer.o [1]
cBufReset                0x801'378d    0x2e  Code  Gb  circularBuffer.o [1]
cBufWriteToBuf           0x801'37bb    0xb6  Code  Gb  circularBuffer.o [1]
calcCrc16                0x801'5311    0x32  Code  Gb  utils_crc.o [1]
circBufAllPckgs         0x2000'a980    0x18  Data  Gb  main.o [1]
circBufGnss             0x2000'a998    0x18  Data  Gb  task_get_gps.o [1]
clearAllPages            0x801'9dcb    0x20  Code  Gb  task_create_webpckg.o [1]
clearAllWebPckgs         0x801'4e8f    0x28  Code  Gb  utils_pckgs_manager.o [1]
clearPage                0x801'9ed5    0x22  Code  Gb  task_create_webpckg.o [1]
clearWebPckg             0x801'4e6d    0x22  Code  Gb  utils_pckgs_manager.o [1]
closeWebPckg             0x801'4f41    0x18  Code  Gb  utils_pckgs_manager.o [1]
copyGetDatafromBuf       0x801'38cf   0x112  Code  Gb  circularBuffer.o [1]
copyStr                  0x800'e42d    0x2c  Code  Gb  simcom.o [1]
copyTelemetry            0x801'0cd7    0x60  Code  Gb  m_utils_bsg.o [1]
crc32_byte               0x801'5343    0x30  Code  Gb  utils_crc.o [1]
crc32_chank              0x801'5373    0x26  Code  Gb  utils_crc.o [1]
crcNewFW                0x2000'ab20     0x4  Data  Lc  task_get_new_bin.o [1]
createWebPckgHandle     0x2000'aad4     0x4  Data  Gb  freertos.o [1]
createWebPckgReq         0x801'4fc5    0x6c  Code  Gb  utils_pckgs_manager.o [1]
curPckg                 0x2000'ab18     0x4  Data  Lc  task_create_webpckg.o [1]
curPckg                 0x2000'ab28     0x4  Data  Lc  task_web_excahnge.o [1]
[...]
mos                      0x801'6fd0    0x18  Data  Lc  xDaysTo.o [2]
mutexGPSBufHandle       0x2000'aae4     0x4  Data  Gb  freertos.o [1]
mutexRTCHandle          0x2000'aaec     0x4  Data  Gb  freertos.o [1]
mutexSpiFlashHandle     0x2000'aaf0     0x4  Data  Gb  freertos.o [1]
mutexWebHandle          0x2000'aae8     0x4  Data  Gb  freertos.o [1]
ndigs                    0x801'b0a4    0x28  Data  Lc  iar_Stoulx.o [2]
ndigs                    0x801'b0f4    0x28  Data  Lc  iar_Stoullx.o [2]
numPgFirstES            0x2000'2ba0     0x2  Data  Gb  spiflash.o [1]
obuf                    0x2000'a6e4    0x50  Data  Lc  xfiles.o [2]
openTcp                  0x800'eb01   0x10a  Code  Gb  simcom.o [1]
osDelay                  0x800'efdb    0x1c  Code  Gb  cmsis_os.o [1]
osKernelStart            0x800'ef71     0xa  Code  Gb  cmsis_os.o [1]
osMessageCreate          0x800'f205    0x30  Code  Gb  cmsis_os.o [1]
osMessageGet             0x800'f299    0xb2  Code  Gb  cmsis_os.o [1]
osMessagePut             0x800'f235    0x64  Code  Gb  cmsis_os.o [1]
osMutexCreate            0x800'eff7    0x1c  Code  Gb  cmsis_os.o [1]
osMutexRelease           0x800'f091    0x54  Code  Gb  cmsis_os.o [1]
osMutexWait              0x800'f013    0x7e  Code  Gb  cmsis_os.o [1]
osSemaphoreCreate        0x800'f0e5    0x4e  Code  Gb  cmsis_os.o [1]
osSemaphoreRelease       0x800'f1b1    0x54  Code  Gb  cmsis_os.o [1]
osSemaphoreWait          0x800'f133    0x7e  Code  Gb  cmsis_os.o [1]
osThreadCreate           0x800'ef7b    0x60  Code  Gb  cmsis_os.o [1]
pFlash                  0x2000'a944    0x20  Data  Gb  stm32f4xx_hal_flash.o [1]
parseData                0x801'9deb    0xea  Code  Gb  task_create_webpckg.o [1]
parse_tablo_data         0x801'8411   0x118  Code  Gb  task_get_train_data.o [1]
parse_tablo_error        0x801'85b9    0x80  Code  Gb  task_get_train_data.o [1]
parse_tablo_fw_end       0x801'87df    0x50  Code  Gb  task_get_train_data.o [1]
parse_tablo_fw_len       0x801'8723    0x5c  Code  Gb  task_get_train_data.o [1]
parse_tablo_fw_part      0x801'877f    0x60  Code  Gb  task_get_train_data.o [1]
parse_tablo_gnss         0x801'8571    0x48  Code  Gb  task_get_train_data.o [1]
parse_tablo_iu_info      0x801'8681    0xa2  Code  Gb  task_get_train_data.o [1]
parse_tablo_new_fw       0x801'8639    0x48  Code  Gb  task_get_train_data.o [1]
parse_tablo_sync         0x801'8529    0x48  Code  Gb  task_get_train_data.o [1]
partFirmware            0x2000'8e9c   0x57c  Data  Lc  task_get_new_bin.o [1]
pcInterruptPriorityRegisters
                         0x801'c144     0x4  Data  Lc  port.o [1]
pckgGnss                0x2000'a964    0x1c  Data  Lc  task_get_gps.o [1]
pckgInfoFirmware        0x2000'aab4     0x8  Data  Lc  task_get_new_bin.o [1]
pgEnergy                0x2000'000c   0x600  Data  Lc  task_create_webpckg.o [1]
pgGrmc                  0x2000'120c   0x600  Data  Lc  task_create_webpckg.o [1]
pgPercRSSI              0x2000'1e0c   0x600  Data  Lc  task_create_webpckg.o [1]
pgTelemetry             0x2000'180c   0x600  Data  Lc  task_create_webpckg.o [1]
pgTemp                  0x2000'060c   0x600  Data  Lc  task_create_webpckg.o [1]
pgVoltAmper             0x2000'0c0c   0x600  Data  Lc  task_create_webpckg.o [1]
poly8_lookup            0x2000'2628   0x400  Data  Lc  utils_crc.o [1]
pows                     0x801'b148    0x48  Data  Lc  strto64.o [3]
printf                   0x800'ef0d    0x28  Code  Gb  printf.o [2]
procReturnStatus         0x800'e9d1   0x11e  Code  Gb  simcom.o [1]
procReturnStatus::notSend
                        0x2000'ab7f     0x1  Data  Lc  simcom.o [1]
prvAddCurrentTaskToDelayedList
                         0x801'2729    0x82  Code  Lc  tasks.o [1]
prvAddNewTaskToReadyList
                         0x801'1c3b    0x9a  Code  Lc  tasks.o [1]
prvCheckTasksWaitingTermination
                         0x801'23ad    0x3e  Code  Lc  tasks.o [1]
prvCopyDataFromQueue     0x801'31fb    0x36  Code  Lc  queue.o [1]
prvCopyDataToQueue       0x801'315f    0x9c  Code  Lc  queue.o [1]
prvDeleteTCB             0x801'23f1    0x44  Code  Lc  tasks.o [1]
prvGetDisinheritPriorityAfterTimeout
                         0x801'3149    0x16  Code  Lc  queue.o [1]
prvHeapInit              0x801'5f31    0x62  Code  Lc  heap_4.o [1]
prvIdleTask              0x801'2331    0x24  Code  Lc  tasks.o [1]
prvInitialiseMutex       0x801'29cd    0x22  Code  Lc  queue.o [1]
prvInitialiseNewQueue    0x801'299b    0x32  Code  Lc  queue.o [1]
prvInitialiseNewTask     0x801'1b69    0xd2  Code  Lc  tasks.o [1]
prvInitialiseTaskLists   0x801'2355    0x52  Code  Lc  tasks.o [1]
prvInsertBlockIntoFreeList
                         0x801'5f93    0x5e  Code  Lc  heap_4.o [1]
prvIsQueueEmpty          0x801'329f    0x1c  Code  Lc  queue.o [1]
prvIsQueueFull           0x801'32bb    0x1e  Code  Lc  queue.o [1]
prvResetNextTaskUnblockTime
                         0x801'2435    0x2a  Code  Lc  tasks.o [1]
prvTaskExitError         0x801'60d5    0x2a  Code  Lc  port.o [1]
prvTaskIsTaskSuspended   0x801'1dfb    0x3e  Code  Lc  tasks.o [1]
prvUnlockQueue           0x801'3231    0x6e  Code  Lc  queue.o [1]
putchar                  0x801'b985     0xc  Code  Gb  putchar.o [2]
pvPortMalloc             0x801'5d9d   0x120  Code  Gb  heap_4.o [1]
pvTaskIncrementMutexHeldCount
                         0x801'26e7    0x16  Code  Gb  tasks.o [1]
pxCurrentTCB            0x2000'ab2c     0x4  Data  Gb  tasks.o [1]
pxDelayedTaskList       0x2000'ab30     0x4  Data  Lc  tasks.o [1]
pxEnd                   0x2000'aafc     0x4  Data  Lc  heap_4.o [1]
pxOverflowDelayedTaskList
                        0x2000'ab34     0x4  Data  Lc  tasks.o [1]
pxPortInitialiseStack    0x801'60ad    0x28  Code  Gb  port.o [1]
pxReadyTasksLists       0x2000'a1d8    0x8c  Data  Lc  tasks.o [1]
queueWebPckgHandle      0x2000'aae0     0x4  Data  Gb  freertos.o [1]
remove                   0x801'afc3    0x14  Code  Gb  remove.o [5]
sFileInfo               0x2000'a264    0x80  Data  Lc  XShHandles.o [2]
saveData                 0x801'0b99    0x6e  Code  Gb  m_utils_bsg.o [1]
saveTelemetry            0x801'0d37    0x22  Code  Gb  m_utils_bsg.o [1]
scalbln                  0x800'd5d1          Code  Gb  ldexp.o [3]
scalblnl                 0x800'd5d1          Code  Gb  ldexp.o [3]
scalbn                   0x800'd5d1          Code  Gb  ldexp.o [3]
scalbnl                  0x800'd5d1          Code  Gb  ldexp.o [3]
scale                    0x800'd1b1    0x46  Code  Lc  xprintffull.o [2]
sec_hand                0x2000'ab74     0x4  Data  Lc  xfail_s.o [2]
semCreateWebPckgHandle  0x2000'aaf4     0x4  Data  Gb  freertos.o [1]
sendMsgDevOff            0x801'8e25    0x4e  Code  Gb  task_keep_alive.o [1]
sendMsgFWUpdated         0x801'8d6d    0xb8  Code  Gb  task_keep_alive.o [1]
sendMsgStatistics        0x801'8e73   0x154  Code  Gb  task_keep_alive.o [1]
sendMsgTabloFW           0x801'8c33   0x13a  Code  Gb  task_keep_alive.o [1]
sendTcp                  0x800'ec31   0x12c  Code  Gb  simcom.o [1]
sendWebPckgData          0x801'5031    0xda  Code  Gb  utils_pckgs_manager.o [1]
serializePckgGnss        0x801'a549    0x22  Code  Gb  utils_gps.o [1]
setCoords                0x801'a4b5    0x7a  Code  Gb  utils_gps.o [1]
setDate                  0x801'a329    0x42  Code  Gb  utils_gps.o [1]
setTime                  0x801'a2e9    0x40  Code  Gb  utils_gps.o [1]
simBufCmd               0x2000'a0d4    0x64  Data  Lc  simcom.o [1]
simBufError             0x2000'a2e4    0x64  Data  Lc  simcom.o [1]
simCheckCSQ              0x800'e46f    0x40  Code  Gb  simcom.o [1]
simCmd                   0x800'e315   0x110  Code  Gb  simcom.o [1]
simDownloadData          0x800'e459    0x16  Code  Gb  simcom.o [1]
simGetPhoneNum           0x800'e995    0x32  Code  Gb  simcom.o [1]
simGetStatusAnsw         0x800'e2bd    0x32  Code  Gb  simcom.o [1]
simHardwareReset         0x800'e529    0x4c  Code  Gb  simcom.o [1]
simInit                  0x800'e0b7   0x206  Code  Gb  simcom.o [1]
simOff                   0x800'e50f    0x1a  Code  Gb  simcom.o [1]
simOn                    0x800'e4b5    0x5a  Code  Gb  simcom.o [1]
simReset                 0x800'e579     0x8  Code  Gb  simcom.o [1]
simTCPCheckStatus        0x800'e581    0xf4  Code  Gb  simcom.o [1]
simTCPOpen               0x800'e749    0x96  Code  Gb  simcom.o [1]
simTCPOpen::params      0x2000'a8fc    0x28  Data  Lc  simcom.o [1]
simTCPSend               0x800'e7e9   0x1ac  Code  Gb  simcom.o [1]
simTCPSend::params      0x2000'aa9c     0x8  Data  Lc  simcom.o [1]
simTCPinit               0x800'e679    0xca  Code  Gb  simcom.o [1]
simTxATCmd               0x800'e2ef    0x26  Code  Gb  simcom.o [1]
spiFlash64              0x2000'a874    0x30  Data  Gb  spiflash.o [1]
spiFlashES               0x801'5553    0x66  Code  Gb  spiflash.o [1]
spiFlashInit             0x801'53a1    0xd4  Code  Gb  spiflash.o [1]
spiFlashIsPgBad          0x801'5713    0x1c  Code  Gb  spiflash.o [1]
spiFlashLoadInfo         0x801'5ba7   0x126  Code  Gb  spiflash.o [1]
spiFlashMarkPgBad        0x801'572f    0x74  Code  Gb  spiflash.o [1]
spiFlashRdPg             0x801'56b1    0x62  Code  Gb  spiflash.o [1]
spiFlashReadID           0x801'5475    0x46  Code  Gb  spiflash.o [1]
spiFlashReadLastPg       0x801'5913   0x174  Code  Gb  spiflash.o [1]
spiFlashRxData           0x801'5521    0x32  Code  Gb  spiflash.o [1]
spiFlashRxData::ret     0x2000'ab82     0x1  Data  Lc  spiflash.o [1]
spiFlashSaveInfo         0x801'5ae1    0xc6  Code  Gb  spiflash.o [1]
spiFlashTxData           0x801'54ef    0x32  Code  Gb  spiflash.o [1]
spiFlashTxData::ret     0x2000'ab81     0x1  Data  Lc  spiflash.o [1]
spiFlashTxRxCmd          0x801'54bb    0x34  Code  Gb  spiflash.o [1]
spiFlashTxRxCmd::ret    0x2000'ab80     0x1  Data  Lc  spiflash.o [1]
spiFlashWaitReady        0x801'55b9    0x5a  Code  Gb  spiflash.o [1]
spiFlashWrEn             0x801'5613    0x34  Code  Gb  spiflash.o [1]
spiFlashWrPg             0x801'5647    0x6a  Code  Gb  spiflash.o [1]
spiFlashWriteMap         0x801'5ccd    0x56  Code  Gb  spiflash.o [1]
spiFlashWriteNextPg      0x801'57a9   0x16a  Code  Gb  spiflash.o [1]
spiMemInfo              0x2000'aaa4     0x8  Data  Gb  spi.o [1]
sprintf                  0x801'006d    0x40  Code  Gb  sprintf.o [2]
strchr                   0x800'd34d          Code  Gb  strchr.o [4]
strcmp                   0x800'ef35          Code  Gb  strcmp.o [4]
strcspn                  0x801'1a3b    0x22  Code  Gb  strcspn.o [2]
strlen                   0x800'd3c1          Code  Gb  strlen.o [4]
strpbrk                  0x801'a57b    0x1e  Code  Gb  strpbrk.o [2]
strsep                   0x801'a485    0x30  Code  Gb  utils_gps.o [1]
strspn                   0x801'1a19    0x22  Code  Gb  strspn.o [2]
strtok                   0x800'eeb5    0x4c  Code  Gb  strtok.o [2]
strtok_r                 0x801'a5a1    0x38  Code  Gb  strtok_r.o [2]
szSoft                  0x2000'ab1c     0x4  Data  Lc  task_get_new_bin.o [1]
tablo_create_request     0x801'822b    0x5c  Code  Gb  task_get_train_data.o [1]
tablo_parse_responce     0x801'882f   0x18a  Code  Gb  task_get_train_data.o [1]
tablo_send_fw_part       0x801'82bf   0x152  Code  Gb  task_get_train_data.o [1]
tablo_send_pack          0x801'8287    0x38  Code  Gb  task_get_train_data.o [1]
tablo_send_request       0x801'8185    0xa6  Code  Gb  task_get_train_data.o [1]
taskCreateWebPckg        0x801'9c49   0x182  Code  Gb  task_create_webpckg.o [1]
taskGetGPS               0x801'a015   0x160  Code  Gb  task_get_gps.o [1]
taskGetNewBin            0x801'71e3    0x7c  Code  Gb  task_get_new_bin.o [1]
taskGetTrainData         0x801'7f7d   0x208  Code  Gb  task_get_train_data.o [1]
taskKeepAlive            0x801'8a31   0x1ac  Code  Gb  task_keep_alive.o [1]
taskManageIWDG           0x801'aeb3    0x60  Code  Gb  task_iwdg.o [1]
taskWebExchange          0x801'a731   0x140  Code  Gb  task_web_excahnge.o [1]
tmpBufPage              0x2000'9d0c   0x100  Data  Lc  task_create_webpckg.o [1]
tmpBufPage              0x2000'9e0c   0x100  Data  Gb  task_get_train_data.o [1]
tmpDate                 0x2000'ab0c     0x4  Data  Lc  m_utils_bsg.o [1]
tmpTime                 0x2000'a9b0    0x14  Data  Lc  m_utils_bsg.o [1]
tolower                  0x801'4919    0x14  Code  Gb  tolower.o [2]
uInfoGnss               0x2000'aa3c    0x14  Data  Gb  usart.o [1]
uInfoSim                0x2000'aa50    0x14  Data  Gb  usart.o [1]
uInfoTablo              0x2000'aa64    0x14  Data  Gb  usart.o [1]
uart6RXSemHandle        0x2000'aaf8     0x4  Data  Gb  freertos.o [1]
uart6Tx                  0x800'fd21    0x90  Code  Gb  usart.o [1]
uartClearInfo            0x800'fc7d    0x1a  Code  Gb  usart.o [1]
uartIdleHandler          0x800'fdb1    0x3a  Code  Gb  usart.o [1]
uartInitInfo             0x800'fbdf    0x8e  Code  Gb  usart.o [1]
uartRxDma                0x800'fc6d    0x10  Code  Gb  usart.o [1]
uartTx                   0x800'fc97    0x8a  Code  Gb  usart.o [1]
ucHeap                  0x2000'2ba8  0x2710  Data  Lc  heap_4.o [1]
ucMaxSysCallPriority    0x2000'ab7e     0x1  Data  Lc  port.o [1]
ulMaxPRIGROUPValue      0x2000'ab10     0x4  Data  Lc  port.o [1]
unLockTasks              0x801'a175    0x5c  Code  Gb  task_get_gps.o [1]
updBootInfo              0x801'76c3   0x336  Code  Gb  task_get_new_bin.o [1]
updRTC                   0x801'8bdd     0x8  Code  Gb  task_keep_alive.o [1]
updSpiFlash              0x801'0b21    0x34  Code  Gb  m_utils_bsg.o [1]
updateCurCoords          0x801'0693    0x22  Code  Gb  m_utils_bsg.o [1]
urls                    0x2000'aa94     0x8  Data  Gb  main.o [1]
urlsInit                 0x800'f829     0xe  Code  Gb  main.o [1]
usart2BufRx             0x2000'9a18   0x1f4  Data  Lc  usart.o [1]
usartSimBufRx           0x2000'88a8   0x5f4  Data  Lc  usart.o [1]
usartSimBufTx           0x2000'9418   0x400  Data  Lc  usart.o [1]
usartTabloBufRx         0x2000'78a8   0x800  Data  Lc  usart.o [1]
usartTabloBufTx         0x2000'80a8   0x800  Data  Lc  usart.o [1]
uwTick                  0x2000'ab14     0x4  Data  Gb  stm32f4xx_hal.o [1]
uwTickFreq              0x2000'2ba6     0x1  Data  Gb  stm32f4xx_hal.o [1]
uwTickPrio              0x2000'0004     0x4  Data  Gb  stm32f4xx_hal.o [1]
uxCriticalNesting       0x2000'0000     0x4  Data  Lc  port.o [1]
uxCurrentNumberOfTasks  0x2000'ab3c     0x4  Data  Lc  tasks.o [1]
uxDeletedTasksWaitingCleanUp
                        0x2000'ab38     0x4  Data  Lc  tasks.o [1]
uxListRemove             0x801'6083    0x28  Code  Gb  list.o [1]
uxPendedTicks           0x2000'ab4c     0x4  Data  Lc  tasks.o [1]
uxSchedulerSuspended    0x2000'ab64     0x4  Data  Lc  tasks.o [1]
uxTaskNumber            0x2000'ab58     0x4  Data  Lc  tasks.o [1]
uxTopReadyPriority      0x2000'ab44     0x4  Data  Lc  tasks.o [1]
vApplicationGetIdleTaskMemory
                         0x801'3add     0xe  Code  Gb  freertos.o [1]
vListInitialise          0x801'6011    0x1e  Code  Gb  list.o [1]
vListInitialiseItem      0x801'602f     0x6  Code  Gb  list.o [1]
vListInsert              0x801'604d    0x36  Code  Gb  list.o [1]
vListInsertEnd           0x801'6035    0x18  Code  Gb  list.o [1]
vPortEnableVFP           0x801'718d          Code  Gb  portasm.o [1]
vPortEnterCritical       0x801'61cd    0x34  Code  Gb  port.o [1]
vPortExitCritical        0x801'6201    0x2c  Code  Gb  port.o [1]
vPortFree                0x801'5ebd    0x74  Code  Gb  heap_4.o [1]
vPortStartFirstTask      0x801'716d          Code  Gb  portasm.o [1]
vPortValidateInterruptPriority
                         0x801'6255    0x4e  Code  Gb  port.o [1]
vTaskDelay               0x801'1cd5    0x4e  Code  Gb  tasks.o [1]
vTaskInternalSetTimeOutState
                         0x801'2269    0x12  Code  Gb  tasks.o [1]
vTaskMissedYield         0x801'2325     0xa  Code  Gb  tasks.o [1]
vTaskPlaceOnEventList    0x801'21b9    0x34  Code  Gb  tasks.o [1]
vTaskPriorityDisinheritAfterTimeout
                         0x801'25f9    0xee  Code  Gb  tasks.o [1]
vTaskResume              0x801'1e39    0x82  Code  Gb  tasks.o [1]
vTaskStartScheduler      0x801'1ebb    0x90  Code  Gb  tasks.o [1]
vTaskSuspend             0x801'1d23    0xd8  Code  Gb  tasks.o [1]
vTaskSuspendAll          0x801'1f4b     0xc  Code  Gb  tasks.o [1]
vTaskSwitchContext       0x801'214b    0x6e  Code  Gb  tasks.o [1]
waitGoodCsq              0x801'0b55    0x44  Code  Gb  m_utils_bsg.o [1]
waitIdle                 0x800'f721    0x80  Code  Gb  main.o [1]
waitIdleCnt              0x800'f7a1    0x88  Code  Gb  main.o [1]
waitRx                   0x800'f6a1    0x80  Code  Gb  main.o [1]
waitTx                   0x800'f625    0x7c  Code  Gb  main.o [1]
webExchangeHandle       0x2000'aad8     0x4  Data  Gb  freertos.o [1]
webPckgs                0x2000'52b8  0x15f0  Data  Gb  utils_pckgs_manager.o [1]
webPream                0x2000'2ba2     0x2  Data  Lc  utils_pckgs_manager.o [1]
xBlockAllocatedBit      0x2000'ab08     0x4  Data  Lc  heap_4.o [1]
xDelayedTaskList1       0x2000'a9d8    0x14  Data  Lc  tasks.o [1]
xDelayedTaskList2       0x2000'a9ec    0x14  Data  Lc  tasks.o [1]
xFreeBytesRemaining     0x2000'ab00     0x4  Data  Lc  heap_4.o [1]
xHeapStructSize          0x801'c138     0x4  Data  Lc  heap_4.o [1]
xIdleStack              0x2000'9818   0x200  Data  Lc  freertos.o [1]
xIdleTaskHandle         0x2000'ab60     0x4  Data  Lc  tasks.o [1]
xIdleTaskTCBBuffer      0x2000'a640    0x54  Data  Lc  freertos.o [1]
xMinimumEverFreeBytesRemaining
                        0x2000'ab04     0x4  Data  Lc  heap_4.o [1]
xNextTaskUnblockTime    0x2000'ab5c     0x4  Data  Lc  tasks.o [1]
xNumOfOverflows         0x2000'ab54     0x4  Data  Lc  tasks.o [1]
xPendingReadyList       0x2000'aa00    0x14  Data  Lc  tasks.o [1]
xPortStartScheduler      0x801'60ff    0xce  Code  Gb  port.o [1]
xQueueCreateMutex        0x801'29ef    0x20  Code  Gb  queue.o [1]
xQueueCreateMutexStatic
                         0x801'2a0f    0x2e  Code  Gb  queue.o [1]
xQueueGenericCreate      0x801'293f    0x5c  Code  Gb  queue.o [1]
xQueueGenericCreateStatic
                         0x801'287d    0xc2  Code  Gb  queue.o [1]
xQueueGenericReset       0x801'27e9    0x94  Code  Gb  queue.o [1]
xQueueGenericSend        0x801'2a3d   0x1a6  Code  Gb  queue.o [1]
xQueueGenericSendFromISR
                         0x801'2be3    0xe0  Code  Gb  queue.o [1]
xQueueGiveFromISR        0x801'2cc3    0xc4  Code  Gb  queue.o [1]
xQueueReceive            0x801'2d87   0x16a  Code  Gb  queue.o [1]
xQueueReceiveFromISR     0x801'3099    0xb0  Code  Gb  queue.o [1]
xQueueSemaphoreTake      0x801'2ef1   0x1a2  Code  Gb  queue.o [1]
xSchedulerRunning       0x2000'ab48     0x4  Data  Lc  tasks.o [1]
xStart                  0x2000'aa8c     0x8  Data  Lc  heap_4.o [1]
xSuspendedTaskList      0x2000'aa28    0x14  Data  Lc  tasks.o [1]
xTaskCheckForTimeOut     0x801'2291    0x8e  Code  Gb  tasks.o [1]
xTaskCreate              0x801'1af7    0x72  Code  Gb  tasks.o [1]
xTaskCreateStatic        0x801'1a5d    0x9a  Code  Gb  tasks.o [1]
xTaskGetSchedulerState   0x801'245f    0x20  Code  Gb  tasks.o [1]
xTaskIncrementTick       0x801'203f   0x10c  Code  Gb  tasks.o [1]
xTaskPriorityDisinherit
                         0x801'253f    0xb2  Code  Gb  tasks.o [1]
xTaskPriorityInherit     0x801'2485    0xba  Code  Gb  tasks.o [1]
xTaskRemoveFromEventList
                         0x801'21ed    0x7c  Code  Gb  tasks.o [1]
xTaskResumeAll           0x801'1f57    0xe8  Code  Gb  tasks.o [1]
xTasksWaitingTermination
                        0x2000'aa14    0x14  Data  Lc  tasks.o [1]
xTickCount              0x2000'ab40     0x4  Data  Lc  tasks.o [1]
xYieldPending           0x2000'ab50     0x4  Data  Lc  tasks.o [1]


[1] = C:\MyProjects\มสาÝ-117\117_bsg\EWARM\117_bsg\Obj
[2] = dl7M_tlf.a
[3] = m7M_tls.a
[4] = rt7M_tl.a
[5] = shb_l.a

  62'055 bytes of readonly  code memory
   5'872 bytes of readonly  data memory
  45'443 bytes of readwrite data memory

Errors: none
Warnings: none
